Archive member included to satisfy reference by file (symbol)

d:/clion/gcc-arm-none-eabi-10.3-2021.10-win32/gcc-arm-none-eabi-10.3-2021.10/bin/../lib/gcc/arm-none-eabi/10.3.1/../../../../arm-none-eabi/lib/thumb/v7e-m/nofp\libstdc++.a(guard.o)
                              CMakeFiles/CradleFOC.elf.dir/Utils/time_utils.cpp.obj (__cxa_guard_acquire)
d:/clion/gcc-arm-none-eabi-10.3-2021.10-win32/gcc-arm-none-eabi-10.3-2021.10/bin/../lib/gcc/arm-none-eabi/10.3.1/../../../../arm-none-eabi/lib/thumb/v7e-m/nofp\libstdc++.a(guard_error.o)
                              d:/clion/gcc-arm-none-eabi-10.3-2021.10-win32/gcc-arm-none-eabi-10.3-2021.10/bin/../lib/gcc/arm-none-eabi/10.3.1/../../../../arm-none-eabi/lib/thumb/v7e-m/nofp\libstdc++.a(guard.o) (__gnu_cxx::recursive_init_error::~recursive_init_error())
d:/clion/gcc-arm-none-eabi-10.3-2021.10-win32/gcc-arm-none-eabi-10.3-2021.10/bin/../lib/gcc/arm-none-eabi/10.3.1/../../../../arm-none-eabi/lib/thumb/v7e-m/nofp\libstdc++.a(si_class_type_info.o)
                              d:/clion/gcc-arm-none-eabi-10.3-2021.10-win32/gcc-arm-none-eabi-10.3-2021.10/bin/../lib/gcc/arm-none-eabi/10.3.1/../../../../arm-none-eabi/lib/thumb/v7e-m/nofp\libstdc++.a(guard_error.o) (vtable for __cxxabiv1::__si_class_type_info)
d:/clion/gcc-arm-none-eabi-10.3-2021.10-win32/gcc-arm-none-eabi-10.3-2021.10/bin/../lib/gcc/arm-none-eabi/10.3.1/../../../../arm-none-eabi/lib/thumb/v7e-m/nofp\libstdc++.a(tinfo.o)
                              d:/clion/gcc-arm-none-eabi-10.3-2021.10-win32/gcc-arm-none-eabi-10.3-2021.10/bin/../lib/gcc/arm-none-eabi/10.3.1/../../../../arm-none-eabi/lib/thumb/v7e-m/nofp\libstdc++.a(si_class_type_info.o) (std::type_info::__is_pointer_p() const)
d:/clion/gcc-arm-none-eabi-10.3-2021.10-win32/gcc-arm-none-eabi-10.3-2021.10/bin/../lib/gcc/arm-none-eabi/10.3.1/../../../../arm-none-eabi/lib/thumb/v7e-m/nofp\libstdc++.a(class_type_info.o)
                              d:/clion/gcc-arm-none-eabi-10.3-2021.10-win32/gcc-arm-none-eabi-10.3-2021.10/bin/../lib/gcc/arm-none-eabi/10.3.1/../../../../arm-none-eabi/lib/thumb/v7e-m/nofp\libstdc++.a(si_class_type_info.o) (__cxxabiv1::__class_type_info::__do_upcast(__cxxabiv1::__class_type_info const*, void**) const)
d:/clion/gcc-arm-none-eabi-10.3-2021.10-win32/gcc-arm-none-eabi-10.3-2021.10/bin/../lib/gcc/arm-none-eabi/10.3.1/../../../../arm-none-eabi/lib/thumb/v7e-m/nofp\libstdc++.a(del_ops.o)
                              d:/clion/gcc-arm-none-eabi-10.3-2021.10-win32/gcc-arm-none-eabi-10.3-2021.10/bin/../lib/gcc/arm-none-eabi/10.3.1/../../../../arm-none-eabi/lib/thumb/v7e-m/nofp\libstdc++.a(guard_error.o) (operator delete(void*, unsigned int))
d:/clion/gcc-arm-none-eabi-10.3-2021.10-win32/gcc-arm-none-eabi-10.3-2021.10/bin/../lib/gcc/arm-none-eabi/10.3.1/../../../../arm-none-eabi/lib/thumb/v7e-m/nofp\libstdc++.a(eh_alloc.o)
                              d:/clion/gcc-arm-none-eabi-10.3-2021.10-win32/gcc-arm-none-eabi-10.3-2021.10/bin/../lib/gcc/arm-none-eabi/10.3.1/../../../../arm-none-eabi/lib/thumb/v7e-m/nofp\libstdc++.a(guard.o) (__cxa_allocate_exception)
d:/clion/gcc-arm-none-eabi-10.3-2021.10-win32/gcc-arm-none-eabi-10.3-2021.10/bin/../lib/gcc/arm-none-eabi/10.3.1/../../../../arm-none-eabi/lib/thumb/v7e-m/nofp\libstdc++.a(eh_exception.o)
                              d:/clion/gcc-arm-none-eabi-10.3-2021.10-win32/gcc-arm-none-eabi-10.3-2021.10/bin/../lib/gcc/arm-none-eabi/10.3.1/../../../../arm-none-eabi/lib/thumb/v7e-m/nofp\libstdc++.a(guard_error.o) (std::exception::~exception())
d:/clion/gcc-arm-none-eabi-10.3-2021.10-win32/gcc-arm-none-eabi-10.3-2021.10/bin/../lib/gcc/arm-none-eabi/10.3.1/../../../../arm-none-eabi/lib/thumb/v7e-m/nofp\libstdc++.a(eh_terminate.o)
                              d:/clion/gcc-arm-none-eabi-10.3-2021.10-win32/gcc-arm-none-eabi-10.3-2021.10/bin/../lib/gcc/arm-none-eabi/10.3.1/../../../../arm-none-eabi/lib/thumb/v7e-m/nofp\libstdc++.a(eh_alloc.o) (std::terminate())
d:/clion/gcc-arm-none-eabi-10.3-2021.10-win32/gcc-arm-none-eabi-10.3-2021.10/bin/../lib/gcc/arm-none-eabi/10.3.1/../../../../arm-none-eabi/lib/thumb/v7e-m/nofp\libstdc++.a(eh_throw.o)
                              d:/clion/gcc-arm-none-eabi-10.3-2021.10-win32/gcc-arm-none-eabi-10.3-2021.10/bin/../lib/gcc/arm-none-eabi/10.3.1/../../../../arm-none-eabi/lib/thumb/v7e-m/nofp\libstdc++.a(guard.o) (__cxa_throw)
d:/clion/gcc-arm-none-eabi-10.3-2021.10-win32/gcc-arm-none-eabi-10.3-2021.10/bin/../lib/gcc/arm-none-eabi/10.3.1/../../../../arm-none-eabi/lib/thumb/v7e-m/nofp\libstdc++.a(eh_unex_handler.o)
                              d:/clion/gcc-arm-none-eabi-10.3-2021.10-win32/gcc-arm-none-eabi-10.3-2021.10/bin/../lib/gcc/arm-none-eabi/10.3.1/../../../../arm-none-eabi/lib/thumb/v7e-m/nofp\libstdc++.a(eh_terminate.o) (__cxxabiv1::__unexpected_handler)
d:/clion/gcc-arm-none-eabi-10.3-2021.10-win32/gcc-arm-none-eabi-10.3-2021.10/bin/../lib/gcc/arm-none-eabi/10.3.1/../../../../arm-none-eabi/lib/thumb/v7e-m/nofp\libstdc++.a(pure.o)
[...]
Memory Configuration

Name             Origin             Length             Attributes
RAM              0x20000000         0x00008000         xrw
FLASH            0x08000000         0x00020000         xr
*default*        0x00000000         0xffffffff

Linker script and memory map

LOAD d:/clion/gcc-arm-none-eabi-10.3-2021.10-win32/gcc-arm-none-eabi-10.3-2021.10/bin/../lib/gcc/arm-none-eabi/10.3.1/thumb/v7e-m/nofp/crti.o
LOAD d:/clion/gcc-arm-none-eabi-10.3-2021.10-win32/gcc-arm-none-eabi-10.3-2021.10/bin/../lib/gcc/arm-none-eabi/10.3.1/thumb/v7e-m/nofp/crtbegin.o
LOAD d:/clion/gcc-arm-none-eabi-10.3-2021.10-win32/gcc-arm-none-eabi-10.3-2021.10/bin/../lib/gcc/arm-none-eabi/10.3.1/../../../../arm-none-eabi/lib/thumb/v7e-m/nofp/crt0.o
LOAD CMakeFiles/CradleFOC.elf.dir/1.Hardware/Serial.c.obj
LOAD CMakeFiles/CradleFOC.elf.dir/Core/Src/dma.c.obj
LOAD CMakeFiles/CradleFOC.elf.dir/Core/Src/gpio.c.obj
LOAD CMakeFiles/CradleFOC.elf.dir/Core/Src/main.c.obj
LOAD CMakeFiles/CradleFOC.elf.dir/Core/Src/spi.c.obj
LOAD CMakeFiles/CradleFOC.elf.dir/Core/Src/stm32g4xx_hal_msp.c.obj
LOAD CMakeFiles/CradleFOC.elf.dir/Core/Src/stm32g4xx_it.c.obj
LOAD CMakeFiles/CradleFOC.elf.dir/Core/Src/syscalls.c.obj
LOAD CMakeFiles/CradleFOC.elf.dir/Core/Src/sysmem.c.obj
LOAD CMakeFiles/CradleFOC.elf.dir/Core/Src/system_stm32g4xx.c.obj
LOAD CMakeFiles/CradleFOC.elf.dir/Core/Src/usart.c.obj
LOAD CMakeFiles/CradleFOC.elf.dir/Core/Startup/startup_stm32g431cbux.s.obj
LOAD CMakeFiles/CradleFOC.elf.dir/Drivers/STM32G4xx_HAL_Driver/Src/stm32g4xx_hal.c.obj
LOAD CMakeFiles/CradleFOC.elf.dir/Drivers/STM32G4xx_HAL_Driver/Src/stm32g4xx_hal_cortex.c.obj
LOAD CMakeFiles/CradleFOC.elf.dir/Drivers/STM32G4xx_HAL_Driver/Src/stm32g4xx_hal_dma.c.obj
LOAD CMakeFiles/CradleFOC.elf.dir/Drivers/STM32G4xx_HAL_Driver/Src/stm32g4xx_hal_dma_ex.c.obj
LOAD CMakeFiles/CradleFOC.elf.dir/Drivers/STM32G4xx_HAL_Driver/Src/stm32g4xx_hal_exti.c.obj
LOAD CMakeFiles/CradleFOC.elf.dir/Drivers/STM32G4xx_HAL_Driver/Src/stm32g4xx_hal_flash.c.obj
LOAD CMakeFiles/CradleFOC.elf.dir/Drivers/STM32G4xx_HAL_Driver/Src/stm32g4xx_hal_flash_ex.c.obj
LOAD CMakeFiles/CradleFOC.elf.dir/Drivers/STM32G4xx_HAL_Driver/Src/stm32g4xx_hal_flash_ramfunc.c.obj
LOAD CMakeFiles/CradleFOC.elf.dir/Drivers/STM32G4xx_HAL_Driver/Src/stm32g4xx_hal_gpio.c.obj
LOAD CMakeFiles/CradleFOC.elf.dir/Drivers/STM32G4xx_HAL_Driver/Src/stm32g4xx_hal_pwr.c.obj
LOAD CMakeFiles/CradleFOC.elf.dir/Drivers/STM32G4xx_HAL_Driver/Src/stm32g4xx_hal_pwr_ex.c.obj
LOAD CMakeFiles/CradleFOC.elf.dir/Drivers/STM32G4xx_HAL_Driver/Src/stm32g4xx_hal_rcc.c.obj
LOAD CMakeFiles/CradleFOC.elf.dir/Drivers/STM32G4xx_HAL_Driver/Src/stm32g4xx_hal_rcc_ex.c.obj
LOAD CMakeFiles/CradleFOC.elf.dir/Drivers/STM32G4xx_HAL_Driver/Src/stm32g4xx_hal_spi.c.obj
LOAD CMakeFiles/CradleFOC.elf.dir/Drivers/STM32G4xx_HAL_Driver/Src/stm32g4xx_hal_spi_ex.c.obj
LOAD CMakeFiles/CradleFOC.elf.dir/Drivers/STM32G4xx_HAL_Driver/Src/stm32g4xx_hal_tim.c.obj
LOAD CMakeFiles/CradleFOC.elf.dir/Drivers/STM32G4xx_HAL_Driver/Src/stm32g4xx_hal_tim_ex.c.obj
LOAD CMakeFiles/CradleFOC.elf.dir/Drivers/STM32G4xx_HAL_Driver/Src/stm32g4xx_hal_uart.c.obj
LOAD CMakeFiles/CradleFOC.elf.dir/Drivers/STM32G4xx_HAL_Driver/Src/stm32g4xx_hal_uart_ex.c.obj
LOAD CMakeFiles/CradleFOC.elf.dir/MT6701/MT6701.cpp.obj
LOAD CMakeFiles/CradleFOC.elf.dir/UserApp/UserMain.cpp.obj
LOAD CMakeFiles/CradleFOC.elf.dir/Utils/math_utils.cpp.obj
LOAD CMakeFiles/CradleFOC.elf.dir/Utils/time_utils.cpp.obj
LOAD d:/clion/gcc-arm-none-eabi-10.3-2021.10-win32/gcc-arm-none-eabi-10.3-2021.10/bin/../lib/gcc/arm-none-eabi/10.3.1/../../../../arm-none-eabi/lib/thumb/v7e-m/nofp\libstdc++.a
LOAD d:/clion/gcc-arm-none-eabi-10.3-2021.10-win32/gcc-arm-none-eabi-10.3-2021.10/bin/../lib/gcc/arm-none-eabi/10.3.1/../../../../arm-none-eabi/lib/thumb/v7e-m/nofp\libm.a
START GROUP
LOAD d:/clion/gcc-arm-none-eabi-10.3-2021.10-win32/gcc-arm-none-eabi-10.3-2021.10/bin/../lib/gcc/arm-none-eabi/10.3.1/thumb/v7e-m/nofp\libgcc.a
LOAD d:/clion/gcc-arm-none-eabi-10.3-2021.10-win32/gcc-arm-none-eabi-10.3-2021.10/bin/../lib/gcc/arm-none-eabi/10.3.1/../../../../arm-none-eabi/lib/thumb/v7e-m/nofp\libg.a
LOAD d:/clion/gcc-arm-none-eabi-10.3-2021.10-win32/gcc-arm-none-eabi-10.3-2021.10/bin/../lib/gcc/arm-none-eabi/10.3.1/../../../../arm-none-eabi/lib/thumb/v7e-m/nofp\libc.a
END GROUP
LOAD d:/clion/gcc-arm-none-eabi-10.3-2021.10-win32/gcc-arm-none-eabi-10.3-2021.10/bin/../lib/gcc/arm-none-eabi/10.3.1/thumb/v7e-m/nofp/crtend.o
LOAD d:/clion/gcc-arm-none-eabi-10.3-2021.10-win32/gcc-arm-none-eabi-10.3-2021.10/bin/../lib/gcc/arm-none-eabi/10.3.1/thumb/v7e-m/nofp/crtn.o
                0x20008000                _estack = (ORIGIN (RAM) + LENGTH (RAM))
                0x00000200                _Min_Heap_Size = 0x200
                0x00000400                _Min_Stack_Size = 0x400

.isr_vector     0x08000000      0x1d8
                0x08000000                . = ALIGN (0x4)
 *(.isr_vector)
 .isr_vector    0x08000000      0x1d8 CMakeFiles/CradleFOC.elf.dir/Core/Startup/startup_stm32g431cbux.s.obj
                0x08000000                g_pfnVectors
                0x080001d8                . = ALIGN (0x4)

.text           0x08000200    0x12948
                0x08000200                . = ALIGN (0x4)
 *(.text)
 .text          0x08000200       0x40 d:/clion/gcc-arm-none-eabi-10.3-2021.10-win32/gcc-arm-none-eabi-10.3-2021.10/bin/../lib/gcc/arm-none-eabi/10.3.1/thumb/v7e-m/nofp/crtbegin.o
 .text          0x08000240     0x5fa4 d:/clion/gcc-arm-none-eabi-10.3-2021.10-win32/gcc-arm-none-eabi-10.3-2021.10/bin/../lib/gcc/arm-none-eabi/10.3.1/../../../../arm-none-eabi/lib/thumb/v7e-m/nofp\libstdc++.a(cp-demangle.o)
                0x080060fc                __cxa_demangle
                0x080061c0                __gcclibcxx_demangle_callback
 .text          0x080061e4      0x378 d:/clion/gcc-arm-none-eabi-10.3-2021.10-win32/gcc-arm-none-eabi-10.3-2021.10/bin/../lib/gcc/arm-none-eabi/10.3.1/thumb/v7e-m/nofp\libgcc.a(_arm_addsubdf3.o)
                0x080061e4                __aeabi_drsub
                0x080061ec                __aeabi_dsub
                0x080061ec                __subdf3
                0x080061f0                __aeabi_dadd
                0x080061f0                __adddf3
                0x08006468                __floatunsidf
                0x08006468                __aeabi_ui2d
                0x08006488                __floatsidf
                0x08006488                __aeabi_i2d
                0x080064ac                __aeabi_f2d
                0x080064ac                __extendsfdf2
                0x080064f0                __floatundidf
                0x080064f0                __aeabi_ul2d
                0x08006500                __floatdidf
                0x08006500                __aeabi_l2d
 .text          0x0800655c      0x21c d:/clion/gcc-arm-none-eabi-10.3-2021.10-win32/gcc-arm-none-eabi-10.3-2021.10/bin/../lib/gcc/arm-none-eabi/10.3.1/thumb/v7e-m/nofp\libgcc.a(_arm_addsubsf3.o)
                0x0800655c                __aeabi_frsub
                0x08006564                __subsf3
                0x08006564                __aeabi_fsub
                0x08006568                __aeabi_fadd
                0x08006568                __addsf3
                0x080066c8                __aeabi_ui2f
                0x080066c8                __floatunsisf
                0x080066d0                __aeabi_i2f
                0x080066d0                __floatsisf
                0x080066ec                __aeabi_ul2f
                0x080066ec                __floatundisf
                0x080066fc                __aeabi_l2f
                0x080066fc                __floatdisf
 .text          0x08006778      0x2a0 d:/clion/gcc-arm-none-eabi-10.3-2021.10-win32/gcc-arm-none-eabi-10.3-2021.10/bin/../lib/gcc/arm-none-eabi/10.3.1/thumb/v7e-m/nofp\libgcc.a(_arm_muldivsf3.o)
                0x08006778                __mulsf3
                0x08006778                __aeabi_fmul
                0x080068e0                __aeabi_fdiv
                0x080068e0                __divsf3
 .text          0x08006a18       0xec d:/clion/gcc-arm-none-eabi-10.3-2021.10-win32/gcc-arm-none-eabi-10.3-2021.10/bin/../lib/gcc/arm-none-eabi/10.3.1/thumb/v7e-m/nofp\libgcc.a(_arm_cmpsf2.o)
                0x08006a18                __gesf2
                0x08006a18                __gtsf2
                0x08006a20                __lesf2
                0x08006a20                __ltsf2
                0x08006a28                __nesf2
                0x08006a28                __eqsf2
                0x08006a28                __cmpsf2
                0x08006a88                __aeabi_cfrcmple
                0x08006a90                __aeabi_cfcmpeq
                0x08006a90                __aeabi_cfcmple
                0x08006aa0                __aeabi_fcmpeq
                0x08006ab4                __aeabi_fcmplt
                0x08006ac8                __aeabi_fcmple
                0x08006adc                __aeabi_fcmpge
                0x08006af0                __aeabi_fcmpgt
 .text          0x08006b04       0x30 d:/clion/gcc-arm-none-eabi-10.3-2021.10-win32/gcc-arm-none-eabi-10.3-2021.10/bin/../lib/gcc/arm-none-eabi/10.3.1/thumb/v7e-m/nofp\libgcc.a(_aeabi_uldivmod.o)
                0x08006b04                __aeabi_uldivmod
 .text          0x08006b34      0x2d0 d:/clion/gcc-arm-none-eabi-10.3-2021.10-win32/gcc-arm-none-eabi-10.3-2021.10/bin/../lib/gcc/arm-none-eabi/10.3.1/thumb/v7e-m/nofp\libgcc.a(_udivmoddi4.o)
                0x08006b34                __udivmoddi4
 .text          0x08006e04      0x9d8 d:/clion/gcc-arm-none-eabi-10.3-2021.10-win32/gcc-arm-none-eabi-10.3-2021.10/bin/../lib/gcc/arm-none-eabi/10.3.1/thumb/v7e-m/nofp\libgcc.a(unwind-arm.o)
                0x080070ac                _Unwind_GetCFA
                0x080070b0                __gnu_Unwind_RaiseException
                0x08007118                __gnu_Unwind_ForcedUnwind
                0x08007128                __gnu_Unwind_Resume
                0x0800716c                __gnu_Unwind_Resume_or_Rethrow
                0x0800717c                _Unwind_Complete
                0x08007180                _Unwind_DeleteException
                0x0800718c                _Unwind_VRS_Get
                0x080071d8                _Unwind_VRS_Set
                0x08007220                __gnu_Unwind_Backtrace
                0x0800754c                __aeabi_unwind_cpp_pr0
                0x08007550                __aeabi_unwind_cpp_pr1
                0x08007554                __aeabi_unwind_cpp_pr2
                0x08007558                _Unwind_VRS_Pop
 .text          0x080077dc      0x1ac d:/clion/gcc-arm-none-eabi-10.3-2021.10-win32/gcc-arm-none-eabi-10.3-2021.10/bin/../lib/gcc/arm-none-eabi/10.3.1/thumb/v7e-m/nofp\libgcc.a(libunwind.o)
                0x080077dc                __restore_core_regs
                0x080077dc                restore_core_regs
                0x080077f4                __gnu_Unwind_Restore_VFP
                0x080077fc                __gnu_Unwind_Save_VFP
                0x08007804                __gnu_Unwind_Restore_VFP_D
                0x0800780c                __gnu_Unwind_Save_VFP_D
                0x08007814                __gnu_Unwind_Restore_VFP_D_16_to_31
                0x0800781c                __gnu_Unwind_Save_VFP_D_16_to_31
                0x08007824                __gnu_Unwind_Restore_WMMXD
                0x08007868                __gnu_Unwind_Save_WMMXD
                0x080078ac                __gnu_Unwind_Restore_WMMXC
                0x080078c0                __gnu_Unwind_Save_WMMXC
                0x080078d4                ___Unwind_RaiseException
                0x080078d4                _Unwind_RaiseException
                0x080078f8                _Unwind_Resume
                0x080078f8                ___Unwind_Resume
                0x0800791c                _Unwind_Resume_or_Rethrow
                0x0800791c                ___Unwind_Resume_or_Rethrow
                0x08007940                _Unwind_ForcedUnwind
                0x08007940                ___Unwind_ForcedUnwind
                0x08007964                ___Unwind_Backtrace
                0x08007964                _Unwind_Backtrace
 .text          0x08007988      0x350 d:/clion/gcc-arm-none-eabi-10.3-2021.10-win32/gcc-arm-none-eabi-10.3-2021.10/bin/../lib/gcc/arm-none-eabi/10.3.1/thumb/v7e-m/nofp\libgcc.a(pr-support.o)
                0x080079e0                __gnu_unwind_execute
                0x08007c8c                __gnu_unwind_frame
                0x08007cb8                _Unwind_GetRegionStart
                0x08007cc4                _Unwind_GetLanguageSpecificData
 .text          0x08007cd8        0x4 d:/clion/gcc-arm-none-eabi-10.3-2021.10-win32/gcc-arm-none-eabi-10.3-2021.10/bin/../lib/gcc/arm-none-eabi/10.3.1/thumb/v7e-m/nofp\libgcc.a(_dvmd_tls.o)
                0x08007cd8                __aeabi_idiv0
                0x08007cd8                __aeabi_ldiv0
 *fill*         0x08007cdc        0x4 
 .text          0x08007ce0       0xa0 d:/clion/gcc-arm-none-eabi-10.3-2021.10-win32/gcc-arm-none-eabi-10.3-2021.10/bin/../lib/gcc/arm-none-eabi/10.3.1/../../../../arm-none-eabi/lib/thumb/v7e-m/nofp\libg.a(lib_a-memchr.o)
                0x08007ce0                memchr
 .text          0x08007d80      0x134 d:/clion/gcc-arm-none-eabi-10.3-2021.10-win32/gcc-arm-none-eabi-10.3-2021.10/bin/../lib/gcc/arm-none-eabi/10.3.1/../../../../arm-none-eabi/lib/thumb/v7e-m/nofp\libg.a(lib_a-memcpy.o)
                0x08007d80                memcpy
 *fill*         0x08007eb4        0xc 
 .text          0x08007ec0      0x2dc d:/clion/gcc-arm-none-eabi-10.3-2021.10-win32/gcc-arm-none-eabi-10.3-2021.10/bin/../lib/gcc/arm-none-eabi/10.3.1/../../../../arm-none-eabi/lib/thumb/v7e-m/nofp\libg.a(lib_a-strcmp.o)
                0x08007ec8                strcmp
 *fill*         0x0800819c       0x24 
 .text          0x080081c0       0xdc d:/clion/gcc-arm-none-eabi-10.3-2021.10-win32/gcc-arm-none-eabi-10.3-2021.10/bin/../lib/gcc/arm-none-eabi/10.3.1/../../../../arm-none-eabi/lib/thumb/v7e-m/nofp\libg.a(lib_a-strlen.o)
                0x080081c0                strlen
 .text          0x0800829c      0x424 d:/clion/gcc-arm-none-eabi-10.3-2021.10-win32/gcc-arm-none-eabi-10.3-2021.10/bin/../lib/gcc/arm-none-eabi/10.3.1/thumb/v7e-m/nofp\libgcc.a(_arm_muldivdf3.o)
                0x0800829c                __aeabi_dmul
                0x0800829c                __muldf3
                0x080084f0                __divdf3
                0x080084f0                __aeabi_ddiv
 .text          0x080086c0      0x110 d:/clion/gcc-arm-none-eabi-10.3-2021.10-win32/gcc-arm-none-eabi-10.3-2021.10/bin/../lib/gcc/arm-none-eabi/10.3.1/thumb/v7e-m/nofp\libgcc.a(_arm_cmpdf2.o)
                0x080086c0                __gtdf2
                0x080086c0                __gedf2
                0x080086c8                __ltdf2
                0x080086c8                __ledf2
                0x080086d0                __nedf2
                0x080086d0                __eqdf2
                0x080086d0                __cmpdf2
                0x0800874c                __aeabi_cdrcmple
                0x0800875c                __aeabi_cdcmpeq
                0x0800875c                __aeabi_cdcmple
                0x0800876c                __aeabi_dcmpeq
                0x08008780                __aeabi_dcmplt
                0x08008794                __aeabi_dcmple
                0x080087a8                __aeabi_dcmpge
                0x080087bc                __aeabi_dcmpgt
 .text          0x080087d0       0x2c d:/clion/gcc-arm-none-eabi-10.3-2021.10-win32/gcc-arm-none-eabi-10.3-2021.10/bin/../lib/gcc/arm-none-eabi/10.3.1/thumb/v7e-m/nofp\libgcc.a(_arm_unorddf2.o)
                0x080087d0                __unorddf2
                0x080087d0                __aeabi_dcmpun
 .text          0x080087fc       0x50 d:/clion/gcc-arm-none-eabi-10.3-2021.10-win32/gcc-arm-none-eabi-10.3-2021.10/bin/../lib/gcc/arm-none-eabi/10.3.1/thumb/v7e-m/nofp\libgcc.a(_arm_fixdfsi.o)
                0x080087fc                __aeabi_d2iz
                0x080087fc                __fixdfsi
 *(.text*)
 .text.log_DMA_TX
                0x0800884c       0x3c CMakeFiles/CradleFOC.elf.dir/1.Hardware/Serial.c.obj
                0x0800884c                log_DMA_TX
 .text.MX_DMA_Init
                0x08008888       0x44 CMakeFiles/CradleFOC.elf.dir/Core/Src/dma.c.obj
                0x08008888                MX_DMA_Init
 .text.MX_GPIO_Init
                0x080088cc       0xb0 CMakeFiles/CradleFOC.elf.dir/Core/Src/gpio.c.obj
                0x080088cc                MX_GPIO_Init
 .text.Error_Handler
                0x0800897c        0x4 CMakeFiles/CradleFOC.elf.dir/Core/Src/main.c.obj
                0x0800897c                Error_Handler
 .text.SystemClock_Config
                0x08008980       0x70 CMakeFiles/CradleFOC.elf.dir/Core/Src/main.c.obj
                0x08008980                SystemClock_Config
 .text.main     0x080089f0       0x24 CMakeFiles/CradleFOC.elf.dir/Core/Src/main.c.obj
                0x080089f0                main
 .text.MX_SPI1_Init
                0x08008a14       0x50 CMakeFiles/CradleFOC.elf.dir/Core/Src/spi.c.obj
                0x08008a14                MX_SPI1_Init
 .text.HAL_SPI_MspInit
                0x08008a64       0x64 CMakeFiles/CradleFOC.elf.dir/Core/Src/spi.c.obj
                0x08008a64                HAL_SPI_MspInit
 .text.HAL_MspInit
                0x08008ac8       0x38 CMakeFiles/CradleFOC.elf.dir/Core/Src/stm32g4xx_hal_msp.c.obj
                0x08008ac8                HAL_MspInit
 .text.NMI_Handler
                0x08008b00        0x2 CMakeFiles/CradleFOC.elf.dir/Core/Src/stm32g4xx_it.c.obj
                0x08008b00                NMI_Handler
 .text.HardFault_Handler
                0x08008b02        0x2 CMakeFiles/CradleFOC.elf.dir/Core/Src/stm32g4xx_it.c.obj
                0x08008b02                HardFault_Handler
 .text.MemManage_Handler
                0x08008b04        0x2 CMakeFiles/CradleFOC.elf.dir/Core/Src/stm32g4xx_it.c.obj
                0x08008b04                MemManage_Handler
 .text.BusFault_Handler
                0x08008b06        0x2 CMakeFiles/CradleFOC.elf.dir/Core/Src/stm32g4xx_it.c.obj
                0x08008b06                BusFault_Handler
 .text.UsageFault_Handler
                0x08008b08        0x2 CMakeFiles/CradleFOC.elf.dir/Core/Src/stm32g4xx_it.c.obj
                0x08008b08                UsageFault_Handler
 .text.SVC_Handler
                0x08008b0a        0x2 CMakeFiles/CradleFOC.elf.dir/Core/Src/stm32g4xx_it.c.obj
                0x08008b0a                SVC_Handler
 .text.DebugMon_Handler
                0x08008b0c        0x2 CMakeFiles/CradleFOC.elf.dir/Core/Src/stm32g4xx_it.c.obj
                0x08008b0c                DebugMon_Handler
 .text.PendSV_Handler
                0x08008b0e        0x2 CMakeFiles/CradleFOC.elf.dir/Core/Src/stm32g4xx_it.c.obj
                0x08008b0e                PendSV_Handler
 .text.SysTick_Handler
                0x08008b10        0x8 CMakeFiles/CradleFOC.elf.dir/Core/Src/stm32g4xx_it.c.obj
                0x08008b10                SysTick_Handler
 .text.DMA1_Channel1_IRQHandler
                0x08008b18       0x10 CMakeFiles/CradleFOC.elf.dir/Core/Src/stm32g4xx_it.c.obj
                0x08008b18                DMA1_Channel1_IRQHandler
 .text.USART1_IRQHandler
                0x08008b28       0x10 CMakeFiles/CradleFOC.elf.dir/Core/Src/stm32g4xx_it.c.obj
                0x08008b28                USART1_IRQHandler
 .text._getpid  0x08008b38        0x4 CMakeFiles/CradleFOC.elf.dir/Core/Src/syscalls.c.obj
                0x08008b38                _getpid
 .text._kill    0x08008b3c       0x10 CMakeFiles/CradleFOC.elf.dir/Core/Src/syscalls.c.obj
                0x08008b3c                _kill
 .text._exit    0x08008b4c        0xc CMakeFiles/CradleFOC.elf.dir/Core/Src/syscalls.c.obj
                0x08008b4c                _exit
 .text._read    0x08008b58       0x20 CMakeFiles/CradleFOC.elf.dir/Core/Src/syscalls.c.obj
                0x08008b58                _read
 .text._write   0x08008b78       0x1c CMakeFiles/CradleFOC.elf.dir/Core/Src/syscalls.c.obj
                0x08008b78                _write
 .text._close   0x08008b94        0x6 CMakeFiles/CradleFOC.elf.dir/Core/Src/syscalls.c.obj
                0x08008b94                _close
 .text._fstat   0x08008b9a        0xa CMakeFiles/CradleFOC.elf.dir/Core/Src/syscalls.c.obj
                0x08008b9a                _fstat
 .text._isatty  0x08008ba4        0x4 CMakeFiles/CradleFOC.elf.dir/Core/Src/syscalls.c.obj
                0x08008ba4                _isatty
 .text._lseek   0x08008ba8        0x4 CMakeFiles/CradleFOC.elf.dir/Core/Src/syscalls.c.obj
                0x08008ba8                _lseek
 .text._sbrk    0x08008bac       0x48 CMakeFiles/CradleFOC.elf.dir/Core/Src/sysmem.c.obj
                0x08008bac                _sbrk
 .text.SystemInit
                0x08008bf4        0x2 CMakeFiles/CradleFOC.elf.dir/Core/Src/system_stm32g4xx.c.obj
                0x08008bf4                SystemInit
 *fill*         0x08008bf6        0x2 
 .text.MX_USART1_UART_Init
                0x08008bf8       0x68 CMakeFiles/CradleFOC.elf.dir/Core/Src/usart.c.obj
                0x08008bf8                MX_USART1_UART_Init
 .text.HAL_UART_MspInit
                0x08008c60       0xd0 CMakeFiles/CradleFOC.elf.dir/Core/Src/usart.c.obj
                0x08008c60                HAL_UART_MspInit
 .text.Reset_Handler
                0x08008d30       0x50 CMakeFiles/CradleFOC.elf.dir/Core/Startup/startup_stm32g431cbux.s.obj
                0x08008d30                Reset_Handler
 .text.Default_Handler
                0x08008d80        0x2 CMakeFiles/CradleFOC.elf.dir/Core/Startup/startup_stm32g431cbux.s.obj
                0x08008d80                RTC_Alarm_IRQHandler
                0x08008d80                EXTI2_IRQHandler
                0x08008d80                TIM8_TRG_COM_IRQHandler
                0x08008d80                TIM8_CC_IRQHandler
                0x08008d80                TIM1_CC_IRQHandler
                0x08008d80                USB_HP_IRQHandler
                0x08008d80                CORDIC_IRQHandler
                0x08008d80                EXTI3_IRQHandler
                0x08008d80                I2C3_ER_IRQHandler
                0x08008d80                EXTI0_IRQHandler
                0x08008d80                I2C2_EV_IRQHandler
                0x08008d80                FPU_IRQHandler
                0x08008d80                FDCAN1_IT1_IRQHandler
                0x08008d80                TIM1_UP_TIM16_IRQHandler
                0x08008d80                ADC1_2_IRQHandler
                0x08008d80                SPI1_IRQHandler
                0x08008d80                TIM6_DAC_IRQHandler
                0x08008d80                TIM8_UP_IRQHandler
                0x08008d80                DMA2_Channel2_IRQHandler
                0x08008d80                DMA1_Channel4_IRQHandler
                0x08008d80                USART3_IRQHandler
                0x08008d80                TIM4_IRQHandler
                0x08008d80                DMA2_Channel1_IRQHandler
                0x08008d80                I2C1_EV_IRQHandler
                0x08008d80                DMA1_Channel6_IRQHandler
                0x08008d80                UART4_IRQHandler
                0x08008d80                DMA2_Channel4_IRQHandler
                0x08008d80                TIM3_IRQHandler
                0x08008d80                RCC_IRQHandler
                0x08008d80                Default_Handler
                0x08008d80                RTC_TAMP_LSECSS_IRQHandler
                0x08008d80                FMAC_IRQHandler
                0x08008d80                EXTI15_10_IRQHandler
                0x08008d80                TIM7_IRQHandler
                0x08008d80                UCPD1_IRQHandler
                0x08008d80                I2C3_EV_IRQHandler
                0x08008d80                EXTI9_5_IRQHandler
                0x08008d80                RTC_WKUP_IRQHandler
                0x08008d80                PVD_PVM_IRQHandler
                0x08008d80                SPI2_IRQHandler
                0x08008d80                DMA2_Channel5_IRQHandler
                0x08008d80                CRS_IRQHandler
                0x08008d80                DMA1_Channel5_IRQHandler
                0x08008d80                USB_LP_IRQHandler
                0x08008d80                EXTI4_IRQHandler
                0x08008d80                RNG_IRQHandler
                0x08008d80                TIM1_TRG_COM_TIM17_IRQHandler
                0x08008d80                DMA1_Channel3_IRQHandler
                0x08008d80                WWDG_IRQHandler
                0x08008d80                LPUART1_IRQHandler
                0x08008d80                DMA2_Channel6_IRQHandler
                0x08008d80                FDCAN1_IT0_IRQHandler
                0x08008d80                TIM2_IRQHandler
                0x08008d80                COMP1_2_3_IRQHandler
                0x08008d80                EXTI1_IRQHandler
                0x08008d80                USART2_IRQHandler
                0x08008d80                I2C2_ER_IRQHandler
                0x08008d80                DMA1_Channel2_IRQHandler
                0x08008d80                TIM8_BRK_IRQHandler
                0x08008d80                FLASH_IRQHandler
                0x08008d80                SPI3_IRQHandler
                0x08008d80                I2C1_ER_IRQHandler
                0x08008d80                LPTIM1_IRQHandler
                0x08008d80                DMAMUX_OVR_IRQHandler
                0x08008d80                USBWakeUp_IRQHandler
                0x08008d80                SAI1_IRQHandler
                0x08008d80                DMA2_Channel3_IRQHandler
                0x08008d80                COMP4_IRQHandler
                0x08008d80                TIM1_BRK_TIM15_IRQHandler
 *fill*         0x08008d82        0x2 
 .text.HAL_InitTick
                0x08008d84       0x50 CMakeFiles/CradleFOC.elf.dir/Drivers/STM32G4xx_HAL_Driver/Src/stm32g4xx_hal.c.obj
                0x08008d84                HAL_InitTick
 .text.HAL_Init
                0x08008dd4       0x1e CMakeFiles/CradleFOC.elf.dir/Drivers/STM32G4xx_HAL_Driver/Src/stm32g4xx_hal.c.obj
                0x08008dd4                HAL_Init
 *fill*         0x08008df2        0x2 
 .text.HAL_IncTick
                0x08008df4       0x18 CMakeFiles/CradleFOC.elf.dir/Drivers/STM32G4xx_HAL_Driver/Src/stm32g4xx_hal.c.obj
                0x08008df4                HAL_IncTick
 .text.HAL_GetTick
                0x08008e0c        0xc CMakeFiles/CradleFOC.elf.dir/Drivers/STM32G4xx_HAL_Driver/Src/stm32g4xx_hal.c.obj
                0x08008e0c                HAL_GetTick
 .text.HAL_NVIC_SetPriorityGrouping
                0x08008e18       0x24 CMakeFiles/CradleFOC.elf.dir/Drivers/STM32G4xx_HAL_Driver/Src/stm32g4xx_hal_cortex.c.obj
                0x08008e18                HAL_NVIC_SetPriorityGrouping
 .text.HAL_NVIC_SetPriority
                0x08008e3c       0x70 CMakeFiles/CradleFOC.elf.dir/Drivers/STM32G4xx_HAL_Driver/Src/stm32g4xx_hal_cortex.c.obj
                0x08008e3c                HAL_NVIC_SetPriority
 .text.HAL_NVIC_EnableIRQ
                0x08008eac       0x1c CMakeFiles/CradleFOC.elf.dir/Drivers/STM32G4xx_HAL_Driver/Src/stm32g4xx_hal_cortex.c.obj
                0x08008eac                HAL_NVIC_EnableIRQ
 .text.HAL_SYSTICK_Config
                0x08008ec8       0x28 CMakeFiles/CradleFOC.elf.dir/Drivers/STM32G4xx_HAL_Driver/Src/stm32g4xx_hal_cortex.c.obj
                0x08008ec8                HAL_SYSTICK_Config
 .text.DMA_SetConfig
                0x08008ef0       0x4e CMakeFiles/CradleFOC.elf.dir/Drivers/STM32G4xx_HAL_Driver/Src/stm32g4xx_hal_dma.c.obj
 *fill*         0x08008f3e        0x2 
 .text.DMA_CalcDMAMUXChannelBaseAndMask
                0x08008f40       0x48 CMakeFiles/CradleFOC.elf.dir/Drivers/STM32G4xx_HAL_Driver/Src/stm32g4xx_hal_dma.c.obj
 .text.DMA_CalcDMAMUXRequestGenBaseAndMask
                0x08008f88       0x28 CMakeFiles/CradleFOC.elf.dir/Drivers/STM32G4xx_HAL_Driver/Src/stm32g4xx_hal_dma.c.obj
 .text.HAL_DMA_Init
                0x08008fb0       0xd8 CMakeFiles/CradleFOC.elf.dir/Drivers/STM32G4xx_HAL_Driver/Src/stm32g4xx_hal_dma.c.obj
                0x08008fb0                HAL_DMA_Init
 .text.HAL_DMA_Start_IT
                0x08009088       0x94 CMakeFiles/CradleFOC.elf.dir/Drivers/STM32G4xx_HAL_Driver/Src/stm32g4xx_hal_dma.c.obj
                0x08009088                HAL_DMA_Start_IT
 .text.HAL_DMA_Abort
                0x0800911c       0x6c CMakeFiles/CradleFOC.elf.dir/Drivers/STM32G4xx_HAL_Driver/Src/stm32g4xx_hal_dma.c.obj
                0x0800911c                HAL_DMA_Abort
 .text.HAL_DMA_Abort_IT
                0x08009188       0x7e CMakeFiles/CradleFOC.elf.dir/Drivers/STM32G4xx_HAL_Driver/Src/stm32g4xx_hal_dma.c.obj
                0x08009188                HAL_DMA_Abort_IT
 .text.HAL_DMA_IRQHandler
                0x08009206       0xc4 CMakeFiles/CradleFOC.elf.dir/Drivers/STM32G4xx_HAL_Driver/Src/stm32g4xx_hal_dma.c.obj
                0x08009206                HAL_DMA_IRQHandler
 *fill*         0x080092ca        0x2 
 .text.HAL_GPIO_Init
                0x080092cc      0x1dc CMakeFiles/CradleFOC.elf.dir/Drivers/STM32G4xx_HAL_Driver/Src/stm32g4xx_hal_gpio.c.obj
                0x080092cc                HAL_GPIO_Init
 .text.HAL_GPIO_WritePin
                0x080094a8        0xa CMakeFiles/CradleFOC.elf.dir/Drivers/STM32G4xx_HAL_Driver/Src/stm32g4xx_hal_gpio.c.obj
                0x080094a8                HAL_GPIO_WritePin
 *fill*         0x080094b2        0x2 
 .text.HAL_PWREx_ControlVoltageScaling
                0x080094b4      0x10c CMakeFiles/CradleFOC.elf.dir/Drivers/STM32G4xx_HAL_Driver/Src/stm32g4xx_hal_pwr_ex.c.obj
                0x080094b4                HAL_PWREx_ControlVoltageScaling
 .text.HAL_PWREx_DisableUCPDDeadBattery
                0x080095c0       0x10 CMakeFiles/CradleFOC.elf.dir/Drivers/STM32G4xx_HAL_Driver/Src/stm32g4xx_hal_pwr_ex.c.obj
                0x080095c0                HAL_PWREx_DisableUCPDDeadBattery
 .text.RCC_GetSysClockFreqFromPLLSource
                0x080095d0       0x58 CMakeFiles/CradleFOC.elf.dir/Drivers/STM32G4xx_HAL_Driver/Src/stm32g4xx_hal_rcc.c.obj
 .text.HAL_RCC_OscConfig
                0x08009628      0x4e4 CMakeFiles/CradleFOC.elf.dir/Drivers/STM32G4xx_HAL_Driver/Src/stm32g4xx_hal_rcc.c.obj
                0x08009628                HAL_RCC_OscConfig
 .text.HAL_RCC_GetSysClockFreq
                0x08009b0c       0x88 CMakeFiles/CradleFOC.elf.dir/Drivers/STM32G4xx_HAL_Driver/Src/stm32g4xx_hal_rcc.c.obj
                0x08009b0c                HAL_RCC_GetSysClockFreq
 .text.HAL_RCC_ClockConfig
                0x08009b94      0x1f8 CMakeFiles/CradleFOC.elf.dir/Drivers/STM32G4xx_HAL_Driver/Src/stm32g4xx_hal_rcc.c.obj
                0x08009b94                HAL_RCC_ClockConfig
 .text.HAL_RCC_GetHCLKFreq
                0x08009d8c        0xc CMakeFiles/CradleFOC.elf.dir/Drivers/STM32G4xx_HAL_Driver/Src/stm32g4xx_hal_rcc.c.obj
                0x08009d8c                HAL_RCC_GetHCLKFreq
 .text.HAL_RCC_GetPCLK1Freq
                0x08009d98       0x24 CMakeFiles/CradleFOC.elf.dir/Drivers/STM32G4xx_HAL_Driver/Src/stm32g4xx_hal_rcc.c.obj
                0x08009d98                HAL_RCC_GetPCLK1Freq
 .text.HAL_RCC_GetPCLK2Freq
                0x08009dbc       0x24 CMakeFiles/CradleFOC.elf.dir/Drivers/STM32G4xx_HAL_Driver/Src/stm32g4xx_hal_rcc.c.obj
                0x08009dbc                HAL_RCC_GetPCLK2Freq
 .text.HAL_RCCEx_PeriphCLKConfig
                0x08009de0      0x2e4 CMakeFiles/CradleFOC.elf.dir/Drivers/STM32G4xx_HAL_Driver/Src/stm32g4xx_hal_rcc_ex.c.obj
                0x08009de0                HAL_RCCEx_PeriphCLKConfig
 .text.SPI_WaitFlagStateUntilTimeout
                0x0800a0c4       0xd4 CMakeFiles/CradleFOC.elf.dir/Drivers/STM32G4xx_HAL_Driver/Src/stm32g4xx_hal_spi.c.obj
 .text.SPI_WaitFifoStateUntilTimeout
                0x0800a198       0xf4 CMakeFiles/CradleFOC.elf.dir/Drivers/STM32G4xx_HAL_Driver/Src/stm32g4xx_hal_spi.c.obj
 .text.SPI_EndRxTxTransaction
                0x0800a28c       0x62 CMakeFiles/CradleFOC.elf.dir/Drivers/STM32G4xx_HAL_Driver/Src/stm32g4xx_hal_spi.c.obj
 .text.SPI_EndRxTransaction
                0x0800a2ee       0x82 CMakeFiles/CradleFOC.elf.dir/Drivers/STM32G4xx_HAL_Driver/Src/stm32g4xx_hal_spi.c.obj
 .text.HAL_SPI_Init
                0x0800a370       0xe8 CMakeFiles/CradleFOC.elf.dir/Drivers/STM32G4xx_HAL_Driver/Src/stm32g4xx_hal_spi.c.obj
                0x0800a370                HAL_SPI_Init
 .text.HAL_SPI_TransmitReceive
                0x0800a458      0x2ec CMakeFiles/CradleFOC.elf.dir/Drivers/STM32G4xx_HAL_Driver/Src/stm32g4xx_hal_spi.c.obj
                0x0800a458                HAL_SPI_TransmitReceive
 .text.HAL_SPI_Receive
                0x0800a744      0x1a8 CMakeFiles/CradleFOC.elf.dir/Drivers/STM32G4xx_HAL_Driver/Src/stm32g4xx_hal_spi.c.obj
                0x0800a744                HAL_SPI_Receive
 .text.UART_EndTxTransfer
                0x0800a8ec       0x32 CMakeFiles/CradleFOC.elf.dir/Drivers/STM32G4xx_HAL_Driver/Src/stm32g4xx_hal_uart.c.obj
 .text.UART_EndRxTransfer
                0x0800a91e       0x56 CMakeFiles/CradleFOC.elf.dir/Drivers/STM32G4xx_HAL_Driver/Src/stm32g4xx_hal_uart.c.obj
 .text.HAL_UART_Transmit_DMA
                0x0800a974       0xa0 CMakeFiles/CradleFOC.elf.dir/Drivers/STM32G4xx_HAL_Driver/Src/stm32g4xx_hal_uart.c.obj
                0x0800a974                HAL_UART_Transmit_DMA
 .text.HAL_UART_TxCpltCallback
                0x0800aa14        0x2 CMakeFiles/CradleFOC.elf.dir/Drivers/STM32G4xx_HAL_Driver/Src/stm32g4xx_hal_uart.c.obj
                0x0800aa14                HAL_UART_TxCpltCallback
 .text.UART_DMATransmitCplt
                0x0800aa16       0x48 CMakeFiles/CradleFOC.elf.dir/Drivers/STM32G4xx_HAL_Driver/Src/stm32g4xx_hal_uart.c.obj
 .text.UART_EndTransmit_IT
                0x0800aa5e       0x24 CMakeFiles/CradleFOC.elf.dir/Drivers/STM32G4xx_HAL_Driver/Src/stm32g4xx_hal_uart.c.obj
 .text.HAL_UART_TxHalfCpltCallback
                0x0800aa82        0x2 CMakeFiles/CradleFOC.elf.dir/Drivers/STM32G4xx_HAL_Driver/Src/stm32g4xx_hal_uart.c.obj
                0x0800aa82                HAL_UART_TxHalfCpltCallback
 .text.UART_DMATxHalfCplt
                0x0800aa84        0xa CMakeFiles/CradleFOC.elf.dir/Drivers/STM32G4xx_HAL_Driver/Src/stm32g4xx_hal_uart.c.obj
 .text.HAL_UART_ErrorCallback
                0x0800aa8e        0x2 CMakeFiles/CradleFOC.elf.dir/Drivers/STM32G4xx_HAL_Driver/Src/stm32g4xx_hal_uart.c.obj
                0x0800aa8e                HAL_UART_ErrorCallback
 .text.UART_DMAError
                0x0800aa90       0x58 CMakeFiles/CradleFOC.elf.dir/Drivers/STM32G4xx_HAL_Driver/Src/stm32g4xx_hal_uart.c.obj
 .text.UART_DMAAbortOnError
                0x0800aae8       0x14 CMakeFiles/CradleFOC.elf.dir/Drivers/STM32G4xx_HAL_Driver/Src/stm32g4xx_hal_uart.c.obj
 .text.HAL_UARTEx_RxEventCallback
                0x0800aafc        0x2 CMakeFiles/CradleFOC.elf.dir/Drivers/STM32G4xx_HAL_Driver/Src/stm32g4xx_hal_uart.c.obj
                0x0800aafc                HAL_UARTEx_RxEventCallback
 *fill*         0x0800aafe        0x2 
 .text.HAL_UART_IRQHandler
                0x0800ab00      0x348 CMakeFiles/CradleFOC.elf.dir/Drivers/STM32G4xx_HAL_Driver/Src/stm32g4xx_hal_uart.c.obj
                0x0800ab00                HAL_UART_IRQHandler
 .text.HAL_UART_GetState
                0x0800ae48        0xc CMakeFiles/CradleFOC.elf.dir/Drivers/STM32G4xx_HAL_Driver/Src/stm32g4xx_hal_uart.c.obj
                0x0800ae48                HAL_UART_GetState
 .text.UART_SetConfig
                0x0800ae54      0x344 CMakeFiles/CradleFOC.elf.dir/Drivers/STM32G4xx_HAL_Driver/Src/stm32g4xx_hal_uart.c.obj
                0x0800ae54                UART_SetConfig
 .text.UART_AdvFeatureConfig
                0x0800b198       0xca CMakeFiles/CradleFOC.elf.dir/Drivers/STM32G4xx_HAL_Driver/Src/stm32g4xx_hal_uart.c.obj
                0x0800b198                UART_AdvFeatureConfig
 .text.UART_WaitOnFlagUntilTimeout
                0x0800b262       0xa2 CMakeFiles/CradleFOC.elf.dir/Drivers/STM32G4xx_HAL_Driver/Src/stm32g4xx_hal_uart.c.obj
                0x0800b262                UART_WaitOnFlagUntilTimeout
 .text.UART_CheckIdleState
                0x0800b304       0xca CMakeFiles/CradleFOC.elf.dir/Drivers/STM32G4xx_HAL_Driver/Src/stm32g4xx_hal_uart.c.obj
                0x0800b304                UART_CheckIdleState
 .text.HAL_UART_Init
                0x0800b3ce       0x66 CMakeFiles/CradleFOC.elf.dir/Drivers/STM32G4xx_HAL_Driver/Src/stm32g4xx_hal_uart.c.obj
                0x0800b3ce                HAL_UART_Init
 .text.UARTEx_SetNbDataToProcess
                0x0800b434       0x4c CMakeFiles/CradleFOC.elf.dir/Drivers/STM32G4xx_HAL_Driver/Src/stm32g4xx_hal_uart_ex.c.obj
 .text.HAL_UARTEx_WakeupCallback
                0x0800b480        0x2 CMakeFiles/CradleFOC.elf.dir/Drivers/STM32G4xx_HAL_Driver/Src/stm32g4xx_hal_uart_ex.c.obj
                0x0800b480                HAL_UARTEx_WakeupCallback
 .text.HAL_UARTEx_RxFifoFullCallback
                0x0800b482        0x2 CMakeFiles/CradleFOC.elf.dir/Drivers/STM32G4xx_HAL_Driver/Src/stm32g4xx_hal_uart_ex.c.obj
                0x0800b482                HAL_UARTEx_RxFifoFullCallback
 .text.HAL_UARTEx_TxFifoEmptyCallback
                0x0800b484        0x2 CMakeFiles/CradleFOC.elf.dir/Drivers/STM32G4xx_HAL_Driver/Src/stm32g4xx_hal_uart_ex.c.obj
                0x0800b484                HAL_UARTEx_TxFifoEmptyCallback
 .text.HAL_UARTEx_DisableFifoMode
                0x0800b486       0x3e CMakeFiles/CradleFOC.elf.dir/Drivers/STM32G4xx_HAL_Driver/Src/stm32g4xx_hal_uart_ex.c.obj
                0x0800b486                HAL_UARTEx_DisableFifoMode
 .text.HAL_UARTEx_SetTxFifoThreshold
                0x0800b4c4       0x4a CMakeFiles/CradleFOC.elf.dir/Drivers/STM32G4xx_HAL_Driver/Src/stm32g4xx_hal_uart_ex.c.obj
                0x0800b4c4                HAL_UARTEx_SetTxFifoThreshold
 .text.HAL_UARTEx_SetRxFifoThreshold
                0x0800b50e       0x4a CMakeFiles/CradleFOC.elf.dir/Drivers/STM32G4xx_HAL_Driver/Src/stm32g4xx_hal_uart_ex.c.obj
                0x0800b50e                HAL_UARTEx_SetRxFifoThreshold
 .text._ZN6MT670111GetRawAngleEv
                0x0800b558       0x58 CMakeFiles/CradleFOC.elf.dir/MT6701/MT6701.cpp.obj
                0x0800b558                MT6701::GetRawAngle()
 .text._ZN6MT670112GetFullAngleEv
                0x0800b5b0       0x6c CMakeFiles/CradleFOC.elf.dir/MT6701/MT6701.cpp.obj
                0x0800b5b0                MT6701::GetFullAngle()
 .text._ZN6MT670111GetVelocityEv
                0x0800b61c       0x80 CMakeFiles/CradleFOC.elf.dir/MT6701/MT6701.cpp.obj
                0x0800b61c                MT6701::GetVelocity()
 .text.setup    0x0800b69c       0x10 CMakeFiles/CradleFOC.elf.dir/UserApp/UserMain.cpp.obj
                0x0800b69c                setup
 .text.loop     0x0800b6ac       0x30 CMakeFiles/CradleFOC.elf.dir/UserApp/UserMain.cpp.obj
                0x0800b6ac                loop
 .text._Z6microsv
                0x0800b6dc       0x8c CMakeFiles/CradleFOC.elf.dir/Utils/time_utils.cpp.obj
                0x0800b6dc                micros()
 .text.__cxa_guard_acquire
                0x0800b768       0x38 d:/clion/gcc-arm-none-eabi-10.3-2021.10-win32/gcc-arm-none-eabi-10.3-2021.10/bin/../lib/gcc/arm-none-eabi/10.3.1/../../../../arm-none-eabi/lib/thumb/v7e-m/nofp\libstdc++.a(guard.o)
                0x0800b768                __cxa_guard_acquire
 .text.__cxa_guard_release
                0x0800b7a0        0x8 d:/clion/gcc-arm-none-eabi-10.3-2021.10-win32/gcc-arm-none-eabi-10.3-2021.10/bin/../lib/gcc/arm-none-eabi/10.3.1/../../../../arm-none-eabi/lib/thumb/v7e-m/nofp\libstdc++.a(guard.o)
                0x0800b7a0                __cxa_guard_release
 .text._ZN9__gnu_cxx20recursive_init_errorD2Ev
                0x0800b7a8       0x14 d:/clion/gcc-arm-none-eabi-10.3-2021.10-win32/gcc-arm-none-eabi-10.3-2021.10/bin/../lib/gcc/arm-none-eabi/10.3.1/../../../../arm-none-eabi/lib/thumb/v7e-m/nofp\libstdc++.a(guard_error.o)
                0x0800b7a8                __gnu_cxx::recursive_init_error::~recursive_init_error()
                0x0800b7a8                __gnu_cxx::recursive_init_error::~recursive_init_error()
 .text._ZN9__gnu_cxx20recursive_init_errorD0Ev
                0x0800b7bc       0x1c d:/clion/gcc-arm-none-eabi-10.3-2021.10-win32/gcc-arm-none-eabi-10.3-2021.10/bin/../lib/gcc/arm-none-eabi/10.3.1/../../../../arm-none-eabi/lib/thumb/v7e-m/nofp\libstdc++.a(guard_error.o)
                0x0800b7bc                __gnu_cxx::recursive_init_error::~recursive_init_error()
 .text._ZN9__gnu_cxx20recursive_init_errorC2Ev
                0x0800b7d8        0xc d:/clion/gcc-arm-none-eabi-10.3-2021.10-win32/gcc-arm-none-eabi-10.3-2021.10/bin/../lib/gcc/arm-none-eabi/10.3.1/../../../../arm-none-eabi/lib/thumb/v7e-m/nofp\libstdc++.a(guard_error.o)
                0x0800b7d8                __gnu_cxx::recursive_init_error::recursive_init_error()
                0x0800b7d8                __gnu_cxx::recursive_init_error::recursive_init_error()
 .text._ZN10__cxxabiv120__si_class_type_infoD2Ev
                0x0800b7e4       0x14 d:/clion/gcc-arm-none-eabi-10.3-2021.10-win32/gcc-arm-none-eabi-10.3-2021.10/bin/../lib/gcc/arm-none-eabi/10.3.1/../../../../arm-none-eabi/lib/thumb/v7e-m/nofp\libstdc++.a(si_class_type_info.o)
                0x0800b7e4                __cxxabiv1::__si_class_type_info::~__si_class_type_info()
                0x0800b7e4                __cxxabiv1::__si_class_type_info::~__si_class_type_info()
 .text._ZN10__cxxabiv120__si_class_type_infoD0Ev
                0x0800b7f8       0x1c d:/clion/gcc-arm-none-eabi-10.3-2021.10-win32/gcc-arm-none-eabi-10.3-2021.10/bin/../lib/gcc/arm-none-eabi/10.3.1/../../../../arm-none-eabi/lib/thumb/v7e-m/nofp\libstdc++.a(si_class_type_info.o)
                0x0800b7f8                __cxxabiv1::__si_class_type_info::~__si_class_type_info()
 .text._ZNK10__cxxabiv120__si_class_type_info20__do_find_public_srcEiPKvPKNS_17__class_type_infoES2_
                0x0800b814       0x3c d:/clion/gcc-arm-none-eabi-10.3-2021.10-win32/gcc-arm-none-eabi-10.3-2021.10/bin/../lib/gcc/arm-none-eabi/10.3.1/../../../../arm-none-eabi/lib/thumb/v7e-m/nofp\libstdc++.a(si_class_type_info.o)
                0x0800b814                __cxxabiv1::__si_class_type_info::__do_find_public_src(int, void const*, __cxxabiv1::__class_type_info const*, void const*) const
 .text._ZNK10__cxxabiv120__si_class_type_info12__do_dyncastEiNS_17__class_type_info10__sub_kindEPKS1_PKvS4_S6_RNS1_16__dyncast_resultE
                0x0800b850       0x84 d:/clion/gcc-arm-none-eabi-10.3-2021.10-win32/gcc-arm-none-eabi-10.3-2021.10/bin/../lib/gcc/arm-none-eabi/10.3.1/../../../../arm-none-eabi/lib/thumb/v7e-m/nofp\libstdc++.a(si_class_type_info.o)
                0x0800b850                __cxxabiv1::__si_class_type_info::__do_dyncast(int, __cxxabiv1::__class_type_info::__sub_kind, __cxxabiv1::__class_type_info const*, void const*, __cxxabiv1::__class_type_info const*, void const*, __cxxabiv1::__class_type_info::__dyncast_result&) const
 .text._ZNK10__cxxabiv120__si_class_type_info11__do_upcastEPKNS_17__class_type_infoEPKvRNS1_15__upcast_resultE
                0x0800b8d4       0x2c d:/clion/gcc-arm-none-eabi-10.3-2021.10-win32/gcc-arm-none-eabi-10.3-2021.10/bin/../lib/gcc/arm-none-eabi/10.3.1/../../../../arm-none-eabi/lib/thumb/v7e-m/nofp\libstdc++.a(si_class_type_info.o)
                0x0800b8d4                __cxxabiv1::__si_class_type_info::__do_upcast(__cxxabiv1::__class_type_info const*, void const*, __cxxabiv1::__class_type_info::__upcast_result&) const
 .text._ZNSt9type_infoD2Ev
                0x0800b900        0x4 d:/clion/gcc-arm-none-eabi-10.3-2021.10-win32/gcc-arm-none-eabi-10.3-2021.10/bin/../lib/gcc/arm-none-eabi/10.3.1/../../../../arm-none-eabi/lib/thumb/v7e-m/nofp\libstdc++.a(tinfo.o)
                0x0800b900                std::type_info::~type_info()
                0x0800b900                std::type_info::~type_info()
 .text._ZNKSt9type_info14__is_pointer_pEv
                0x0800b904        0x4 d:/clion/gcc-arm-none-eabi-10.3-2021.10-win32/gcc-arm-none-eabi-10.3-2021.10/bin/../lib/gcc/arm-none-eabi/10.3.1/../../../../arm-none-eabi/lib/thumb/v7e-m/nofp\libstdc++.a(tinfo.o)
                0x0800b904                std::type_info::__is_pointer_p() const
                0x0800b904                std::type_info::__is_function_p() const
 .text._ZNKSt9type_infoeqERKS_
                0x0800b908       0x2c d:/clion/gcc-arm-none-eabi-10.3-2021.10-win32/gcc-arm-none-eabi-10.3-2021.10/bin/../lib/gcc/arm-none-eabi/10.3.1/../../../../arm-none-eabi/lib/thumb/v7e-m/nofp\libstdc++.a(tinfo.o)
                0x0800b908                std::type_info::operator==(std::type_info const&) const
 .text._ZNK10__cxxabiv117__class_type_info11__do_upcastEPKS0_PPv
                0x0800b934       0x34 d:/clion/gcc-arm-none-eabi-10.3-2021.10-win32/gcc-arm-none-eabi-10.3-2021.10/bin/../lib/gcc/arm-none-eabi/10.3.1/../../../../arm-none-eabi/lib/thumb/v7e-m/nofp\libstdc++.a(class_type_info.o)
                0x0800b934                __cxxabiv1::__class_type_info::__do_upcast(__cxxabiv1::__class_type_info const*, void**) const
 .text._ZNK10__cxxabiv117__class_type_info20__do_find_public_srcEiPKvPKS0_S2_
                0x0800b968        0xc d:/clion/gcc-arm-none-eabi-10.3-2021.10-win32/gcc-arm-none-eabi-10.3-2021.10/bin/../lib/gcc/arm-none-eabi/10.3.1/../../../../arm-none-eabi/lib/thumb/v7e-m/nofp\libstdc++.a(class_type_info.o)
                0x0800b968                __cxxabiv1::__class_type_info::__do_find_public_src(int, void const*, __cxxabiv1::__class_type_info const*, void const*) const
 .text._ZN10__cxxabiv117__class_type_infoD2Ev
                0x0800b974       0x14 d:/clion/gcc-arm-none-eabi-10.3-2021.10-win32/gcc-arm-none-eabi-10.3-2021.10/bin/../lib/gcc/arm-none-eabi/10.3.1/../../../../arm-none-eabi/lib/thumb/v7e-m/nofp\libstdc++.a(class_type_info.o)
                0x0800b974                __cxxabiv1::__class_type_info::~__class_type_info()
                0x0800b974                __cxxabiv1::__class_type_info::~__class_type_info()
 .text._ZN10__cxxabiv117__class_type_infoD0Ev
                0x0800b988       0x1c d:/clion/gcc-arm-none-eabi-10.3-2021.10-win32/gcc-arm-none-eabi-10.3-2021.10/bin/../lib/gcc/arm-none-eabi/10.3.1/../../../../arm-none-eabi/lib/thumb/v7e-m/nofp\libstdc++.a(class_type_info.o)
                0x0800b988                __cxxabiv1::__class_type_info::~__class_type_info()
 .text._ZNK10__cxxabiv117__class_type_info12__do_dyncastEiNS0_10__sub_kindEPKS0_PKvS3_S5_RNS0_16__dyncast_resultE
                0x0800b9a4       0x44 d:/clion/gcc-arm-none-eabi-10.3-2021.10-win32/gcc-arm-none-eabi-10.3-2021.10/bin/../lib/gcc/arm-none-eabi/10.3.1/../../../../arm-none-eabi/lib/thumb/v7e-m/nofp\libstdc++.a(class_type_info.o)
                0x0800b9a4                __cxxabiv1::__class_type_info::__do_dyncast(int, __cxxabiv1::__class_type_info::__sub_kind, __cxxabiv1::__class_type_info const*, void const*, __cxxabiv1::__class_type_info const*, void const*, __cxxabiv1::__class_type_info::__dyncast_result&) const
 .text._ZNK10__cxxabiv117__class_type_info11__do_upcastEPKS0_PKvRNS0_15__upcast_resultE
                0x0800b9e8       0x1c d:/clion/gcc-arm-none-eabi-10.3-2021.10-win32/gcc-arm-none-eabi-10.3-2021.10/bin/../lib/gcc/arm-none-eabi/10.3.1/../../../../arm-none-eabi/lib/thumb/v7e-m/nofp\libstdc++.a(class_type_info.o)
                0x0800b9e8                __cxxabiv1::__class_type_info::__do_upcast(__cxxabiv1::__class_type_info const*, void const*, __cxxabiv1::__class_type_info::__upcast_result&) const
 .text._ZNK10__cxxabiv117__class_type_info10__do_catchEPKSt9type_infoPPvj
                0x0800ba04       0x2c d:/clion/gcc-arm-none-eabi-10.3-2021.10-win32/gcc-arm-none-eabi-10.3-2021.10/bin/../lib/gcc/arm-none-eabi/10.3.1/../../../../arm-none-eabi/lib/thumb/v7e-m/nofp\libstdc++.a(class_type_info.o)
                0x0800ba04                __cxxabiv1::__class_type_info::__do_catch(std::type_info const*, void**, unsigned int) const
 .text._ZdlPvj  0x0800ba30        0x4 d:/clion/gcc-arm-none-eabi-10.3-2021.10-win32/gcc-arm-none-eabi-10.3-2021.10/bin/../lib/gcc/arm-none-eabi/10.3.1/../../../../arm-none-eabi/lib/thumb/v7e-m/nofp\libstdc++.a(del_ops.o)
                0x0800ba30                operator delete(void*, unsigned int)
 .text._ZN12_GLOBAL__N_14pool4freeEPv.constprop.0
                0x0800ba34       0x88 d:/clion/gcc-arm-none-eabi-10.3-2021.10-win32/gcc-arm-none-eabi-10.3-2021.10/bin/../lib/gcc/arm-none-eabi/10.3.1/../../../../arm-none-eabi/lib/thumb/v7e-m/nofp\libstdc++.a(eh_alloc.o)
 .text._ZN12_GLOBAL__N_14pool8allocateEj.constprop.0
                0x0800babc       0x5c d:/clion/gcc-arm-none-eabi-10.3-2021.10-win32/gcc-arm-none-eabi-10.3-2021.10/bin/../lib/gcc/arm-none-eabi/10.3.1/../../../../arm-none-eabi/lib/thumb/v7e-m/nofp\libstdc++.a(eh_alloc.o)
 .text.__cxa_allocate_exception
                0x0800bb18       0x30 d:/clion/gcc-arm-none-eabi-10.3-2021.10-win32/gcc-arm-none-eabi-10.3-2021.10/bin/../lib/gcc/arm-none-eabi/10.3.1/../../../../arm-none-eabi/lib/thumb/v7e-m/nofp\libstdc++.a(eh_alloc.o)
                0x0800bb18                __cxa_allocate_exception
 .text.__cxa_free_exception
                0x0800bb48       0x20 d:/clion/gcc-arm-none-eabi-10.3-2021.10-win32/gcc-arm-none-eabi-10.3-2021.10/bin/../lib/gcc/arm-none-eabi/10.3.1/../../../../arm-none-eabi/lib/thumb/v7e-m/nofp\libstdc++.a(eh_alloc.o)
                0x0800bb48                __cxa_free_exception
 .text.startup._GLOBAL__sub_I__ZN9__gnu_cxx9__freeresEv
                0x0800bb68       0x28 d:/clion/gcc-arm-none-eabi-10.3-2021.10-win32/gcc-arm-none-eabi-10.3-2021.10/bin/../lib/gcc/arm-none-eabi/10.3.1/../../../../arm-none-eabi/lib/thumb/v7e-m/nofp\libstdc++.a(eh_alloc.o)
 .text._ZNSt9exceptionD2Ev
                0x0800bb90        0x4 d:/clion/gcc-arm-none-eabi-10.3-2021.10-win32/gcc-arm-none-eabi-10.3-2021.10/bin/../lib/gcc/arm-none-eabi/10.3.1/../../../../arm-none-eabi/lib/thumb/v7e-m/nofp\libstdc++.a(eh_exception.o)
                0x0800bb90                std::exception::~exception()
                0x0800bb90                std::exception::~exception()
 .text._ZNSt13bad_exceptionD2Ev
                0x0800bb94        0x4 d:/clion/gcc-arm-none-eabi-10.3-2021.10-win32/gcc-arm-none-eabi-10.3-2021.10/bin/../lib/gcc/arm-none-eabi/10.3.1/../../../../arm-none-eabi/lib/thumb/v7e-m/nofp\libstdc++.a(eh_exception.o)
                0x0800bb94                std::bad_exception::~bad_exception()
                0x0800bb94                std::bad_exception::~bad_exception()
 .text._ZNKSt9exception4whatEv
                0x0800bb98        0x8 d:/clion/gcc-arm-none-eabi-10.3-2021.10-win32/gcc-arm-none-eabi-10.3-2021.10/bin/../lib/gcc/arm-none-eabi/10.3.1/../../../../arm-none-eabi/lib/thumb/v7e-m/nofp\libstdc++.a(eh_exception.o)
                0x0800bb98                std::exception::what() const
                0x0800bb98                transaction clone for std::exception::what() const
 .text._ZNKSt13bad_exception4whatEv
                0x0800bba0        0x8 d:/clion/gcc-arm-none-eabi-10.3-2021.10-win32/gcc-arm-none-eabi-10.3-2021.10/bin/../lib/gcc/arm-none-eabi/10.3.1/../../../../arm-none-eabi/lib/thumb/v7e-m/nofp\libstdc++.a(eh_exception.o)
                0x0800bba0                std::bad_exception::what() const
                0x0800bba0                transaction clone for std::bad_exception::what() const
 .text._ZNSt13bad_exceptionD0Ev
                0x0800bba8       0x10 d:/clion/gcc-arm-none-eabi-10.3-2021.10-win32/gcc-arm-none-eabi-10.3-2021.10/bin/../lib/gcc/arm-none-eabi/10.3.1/../../../../arm-none-eabi/lib/thumb/v7e-m/nofp\libstdc++.a(eh_exception.o)
                0x0800bba8                std::bad_exception::~bad_exception()
 .text._ZN10__cxxabiv111__terminateEPFvvE
                0x0800bbb8       0x28 d:/clion/gcc-arm-none-eabi-10.3-2021.10-win32/gcc-arm-none-eabi-10.3-2021.10/bin/../lib/gcc/arm-none-eabi/10.3.1/../../../../arm-none-eabi/lib/thumb/v7e-m/nofp\libstdc++.a(eh_terminate.o)
                0x0800bbb8                __cxxabiv1::__terminate(void (*)())
 .text._ZSt9terminatev
                0x0800bbe0       0x14 d:/clion/gcc-arm-none-eabi-10.3-2021.10-win32/gcc-arm-none-eabi-10.3-2021.10/bin/../lib/gcc/arm-none-eabi/10.3.1/../../../../arm-none-eabi/lib/thumb/v7e-m/nofp\libstdc++.a(eh_terminate.o)
                0x0800bbe0                std::terminate()
 .text._ZN10__cxxabiv112__unexpectedEPFvvE
                0x0800bbf4        0x8 d:/clion/gcc-arm-none-eabi-10.3-2021.10-win32/gcc-arm-none-eabi-10.3-2021.10/bin/../lib/gcc/arm-none-eabi/10.3.1/../../../../arm-none-eabi/lib/thumb/v7e-m/nofp\libstdc++.a(eh_terminate.o)
                0x0800bbf4                __cxxabiv1::__unexpected(void (*)())
 .text._ZSt10unexpectedv
                0x0800bbfc       0x14 d:/clion/gcc-arm-none-eabi-10.3-2021.10-win32/gcc-arm-none-eabi-10.3-2021.10/bin/../lib/gcc/arm-none-eabi/10.3.1/../../../../arm-none-eabi/lib/thumb/v7e-m/nofp\libstdc++.a(eh_terminate.o)
                0x0800bbfc                std::unexpected()
 .text._ZSt13get_terminatev
                0x0800bc10       0x10 d:/clion/gcc-arm-none-eabi-10.3-2021.10-win32/gcc-arm-none-eabi-10.3-2021.10/bin/../lib/gcc/arm-none-eabi/10.3.1/../../../../arm-none-eabi/lib/thumb/v7e-m/nofp\libstdc++.a(eh_terminate.o)
                0x0800bc10                std::get_terminate()
 .text._ZSt14get_unexpectedv
                0x0800bc20       0x10 d:/clion/gcc-arm-none-eabi-10.3-2021.10-win32/gcc-arm-none-eabi-10.3-2021.10/bin/../lib/gcc/arm-none-eabi/10.3.1/../../../../arm-none-eabi/lib/thumb/v7e-m/nofp\libstdc++.a(eh_terminate.o)
                0x0800bc20                std::get_unexpected()
 .text._ZL23__gxx_exception_cleanup19_Unwind_Reason_CodeP21_Unwind_Control_Block
                0x0800bc30       0x44 d:/clion/gcc-arm-none-eabi-10.3-2021.10-win32/gcc-arm-none-eabi-10.3-2021.10/bin/../lib/gcc/arm-none-eabi/10.3.1/../../../../arm-none-eabi/lib/thumb/v7e-m/nofp\libstdc++.a(eh_throw.o)
 .text.__cxa_init_primary_exception
                0x0800bc74       0x58 d:/clion/gcc-arm-none-eabi-10.3-2021.10-win32/gcc-arm-none-eabi-10.3-2021.10/bin/../lib/gcc/arm-none-eabi/10.3.1/../../../../arm-none-eabi/lib/thumb/v7e-m/nofp\libstdc++.a(eh_throw.o)
                0x0800bc74                __cxa_init_primary_exception
 .text.__cxa_throw
                0x0800bccc       0x34 d:/clion/gcc-arm-none-eabi-10.3-2021.10-win32/gcc-arm-none-eabi-10.3-2021.10/bin/../lib/gcc/arm-none-eabi/10.3.1/../../../../arm-none-eabi/lib/thumb/v7e-m/nofp\libstdc++.a(eh_throw.o)
                0x0800bccc                __cxa_throw
 .text.__cxa_rethrow
                0x0800bd00       0x70 d:/clion/gcc-arm-none-eabi-10.3-2021.10-win32/gcc-arm-none-eabi-10.3-2021.10/bin/../lib/gcc/arm-none-eabi/10.3.1/../../../../arm-none-eabi/lib/thumb/v7e-m/nofp\libstdc++.a(eh_throw.o)
                0x0800bd00                __cxa_rethrow
 .text._ZN9__gnu_cxx27__verbose_terminate_handlerEv
                0x0800bd70      0x10c d:/clion/gcc-arm-none-eabi-10.3-2021.10-win32/gcc-arm-none-eabi-10.3-2021.10/bin/../lib/gcc/arm-none-eabi/10.3.1/../../../../arm-none-eabi/lib/thumb/v7e-m/nofp\libstdc++.a(vterminate.o)
                0x0800bd70                __gnu_cxx::__verbose_terminate_handler()
 .text._ZdlPv   0x0800be7c        0x4 d:/clion/gcc-arm-none-eabi-10.3-2021.10-win32/gcc-arm-none-eabi-10.3-2021.10/bin/../lib/gcc/arm-none-eabi/10.3.1/../../../../arm-none-eabi/lib/thumb/v7e-m/nofp\libstdc++.a(del_op.o)
                0x0800be7c                operator delete(void*)
 .text.__cxa_end_cleanup
                0x0800be80        0xc d:/clion/gcc-arm-none-eabi-10.3-2021.10-win32/gcc-arm-none-eabi-10.3-2021.10/bin/../lib/gcc/arm-none-eabi/10.3.1/../../../../arm-none-eabi/lib/thumb/v7e-m/nofp\libstdc++.a(eh_arm.o)
                0x0800be80                __cxa_end_cleanup
 .text.__cxa_type_match
                0x0800be8c       0xb4 d:/clion/gcc-arm-none-eabi-10.3-2021.10-win32/gcc-arm-none-eabi-10.3-2021.10/bin/../lib/gcc/arm-none-eabi/10.3.1/../../../../arm-none-eabi/lib/thumb/v7e-m/nofp\libstdc++.a(eh_arm.o)
                0x0800be8c                __cxa_type_match
 .text.__cxa_begin_cleanup
                0x0800bf40       0x64 d:/clion/gcc-arm-none-eabi-10.3-2021.10-win32/gcc-arm-none-eabi-10.3-2021.10/bin/../lib/gcc/arm-none-eabi/10.3.1/../../../../arm-none-eabi/lib/thumb/v7e-m/nofp\libstdc++.a(eh_arm.o)
                0x0800bf40                __cxa_begin_cleanup
 .text.__gnu_end_cleanup
                0x0800bfa4       0x70 d:/clion/gcc-arm-none-eabi-10.3-2021.10-win32/gcc-arm-none-eabi-10.3-2021.10/bin/../lib/gcc/arm-none-eabi/10.3.1/../../../../arm-none-eabi/lib/thumb/v7e-m/nofp\libstdc++.a(eh_arm.o)
                0x0800bfa4                __gnu_end_cleanup
 .text._ZN10__cxxabiv1L24__is_gxx_exception_classEPc
                0x0800c014       0x3c d:/clion/gcc-arm-none-eabi-10.3-2021.10-win32/gcc-arm-none-eabi-10.3-2021.10/bin/../lib/gcc/arm-none-eabi/10.3.1/../../../../arm-none-eabi/lib/thumb/v7e-m/nofp\libstdc++.a(eh_call.o)
 .text.__cxa_call_terminate
                0x0800c050       0x20 d:/clion/gcc-arm-none-eabi-10.3-2021.10-win32/gcc-arm-none-eabi-10.3-2021.10/bin/../lib/gcc/arm-none-eabi/10.3.1/../../../../arm-none-eabi/lib/thumb/v7e-m/nofp\libstdc++.a(eh_call.o)
                0x0800c050                __cxa_call_terminate
 .text.unlikely.__cxa_call_unexpected
                0x0800c070       0xe4 d:/clion/gcc-arm-none-eabi-10.3-2021.10-win32/gcc-arm-none-eabi-10.3-2021.10/bin/../lib/gcc/arm-none-eabi/10.3.1/../../../../arm-none-eabi/lib/thumb/v7e-m/nofp\libstdc++.a(eh_call.o)
                0x0800c070                __cxa_call_unexpected
 .text.__cxa_begin_catch
                0x0800c154       0x7c d:/clion/gcc-arm-none-eabi-10.3-2021.10-win32/gcc-arm-none-eabi-10.3-2021.10/bin/../lib/gcc/arm-none-eabi/10.3.1/../../../../arm-none-eabi/lib/thumb/v7e-m/nofp\libstdc++.a(eh_catch.o)
                0x0800c154                __cxa_begin_catch
 .text.__cxa_end_catch
                0x0800c1d0       0x8c d:/clion/gcc-arm-none-eabi-10.3-2021.10-win32/gcc-arm-none-eabi-10.3-2021.10/bin/../lib/gcc/arm-none-eabi/10.3.1/../../../../arm-none-eabi/lib/thumb/v7e-m/nofp\libstdc++.a(eh_catch.o)
                0x0800c1d0                __cxa_end_catch
 .text.__cxa_get_globals_fast
                0x0800c25c        0x8 d:/clion/gcc-arm-none-eabi-10.3-2021.10-win32/gcc-arm-none-eabi-10.3-2021.10/bin/../lib/gcc/arm-none-eabi/10.3.1/../../../../arm-none-eabi/lib/thumb/v7e-m/nofp\libstdc++.a(eh_globals.o)
                0x0800c25c                __cxa_get_globals_fast
 .text.__cxa_get_globals
                0x0800c264        0x8 d:/clion/gcc-arm-none-eabi-10.3-2021.10-win32/gcc-arm-none-eabi-10.3-2021.10/bin/../lib/gcc/arm-none-eabi/10.3.1/../../../../arm-none-eabi/lib/thumb/v7e-m/nofp\libstdc++.a(eh_globals.o)
                0x0800c264                __cxa_get_globals
 .text._ZL28read_encoded_value_with_basehjPKhPj
                0x0800c26c       0xc0 d:/clion/gcc-arm-none-eabi-10.3-2021.10-win32/gcc-arm-none-eabi-10.3-2021.10/bin/../lib/gcc/arm-none-eabi/10.3.1/../../../../arm-none-eabi/lib/thumb/v7e-m/nofp\libstdc++.a(eh_personality.o)
 .text._ZL21base_of_encoded_valuehP15_Unwind_Context
                0x0800c32c       0x48 d:/clion/gcc-arm-none-eabi-10.3-2021.10-win32/gcc-arm-none-eabi-10.3-2021.10/bin/../lib/gcc/arm-none-eabi/10.3.1/../../../../arm-none-eabi/lib/thumb/v7e-m/nofp\libstdc++.a(eh_personality.o)
 .text._ZL17parse_lsda_headerP15_Unwind_ContextPKhP16lsda_header_info
                0x0800c374       0x94 d:/clion/gcc-arm-none-eabi-10.3-2021.10-win32/gcc-arm-none-eabi-10.3-2021.10/bin/../lib/gcc/arm-none-eabi/10.3.1/../../../../arm-none-eabi/lib/thumb/v7e-m/nofp\libstdc++.a(eh_personality.o)
 .text.__gxx_personality_v0
                0x0800c408      0x4a8 d:/clion/gcc-arm-none-eabi-10.3-2021.10-win32/gcc-arm-none-eabi-10.3-2021.10/bin/../lib/gcc/arm-none-eabi/10.3.1/../../../../arm-none-eabi/lib/thumb/v7e-m/nofp\libstdc++.a(eh_personality.o)
                0x0800c408                __gxx_personality_v0
 .text.__cxa_current_exception_type
                0x0800c8b0       0x1c d:/clion/gcc-arm-none-eabi-10.3-2021.10-win32/gcc-arm-none-eabi-10.3-2021.10/bin/../lib/gcc/arm-none-eabi/10.3.1/../../../../arm-none-eabi/lib/thumb/v7e-m/nofp\libstdc++.a(eh_type.o)
                0x0800c8b0                __cxa_current_exception_type
 .text.unlikely
                0x0800c8cc        0xc d:/clion/gcc-arm-none-eabi-10.3-2021.10-win32/gcc-arm-none-eabi-10.3-2021.10/bin/../lib/gcc/arm-none-eabi/10.3.1/thumb/v7e-m/nofp\libgcc.a(pr-support.o)
                0x0800c8cc                _Unwind_GetDataRelBase
                0x0800c8d2                _Unwind_GetTextRelBase
 .text.abort    0x0800c8d8       0x10 d:/clion/gcc-arm-none-eabi-10.3-2021.10-win32/gcc-arm-none-eabi-10.3-2021.10/bin/../lib/gcc/arm-none-eabi/10.3.1/../../../../arm-none-eabi/lib/thumb/v7e-m/nofp\libg.a(lib_a-abort.o)
                0x0800c8d8                abort
 .text.__errno  0x0800c8e8        0xc d:/clion/gcc-arm-none-eabi-10.3-2021.10-win32/gcc-arm-none-eabi-10.3-2021.10/bin/../lib/gcc/arm-none-eabi/10.3.1/../../../../arm-none-eabi/lib/thumb/v7e-m/nofp\libg.a(lib_a-errno.o)
                0x0800c8e8                __errno
 .text.fputc    0x0800c8f4       0x58 d:/clion/gcc-arm-none-eabi-10.3-2021.10-win32/gcc-arm-none-eabi-10.3-2021.10/bin/../lib/gcc/arm-none-eabi/10.3.1/../../../../arm-none-eabi/lib/thumb/v7e-m/nofp\libg.a(lib_a-fputc.o)
                0x0800c8f4                fputc
 .text._fputs_r
                0x0800c94c       0x88 d:/clion/gcc-arm-none-eabi-10.3-2021.10-win32/gcc-arm-none-eabi-10.3-2021.10/bin/../lib/gcc/arm-none-eabi/10.3.1/../../../../arm-none-eabi/lib/thumb/v7e-m/nofp\libg.a(lib_a-fputs.o)
                0x0800c94c                _fputs_r
 .text.fputs    0x0800c9d4       0x18 d:/clion/gcc-arm-none-eabi-10.3-2021.10-win32/gcc-arm-none-eabi-10.3-2021.10/bin/../lib/gcc/arm-none-eabi/10.3.1/../../../../arm-none-eabi/lib/thumb/v7e-m/nofp\libg.a(lib_a-fputs.o)
                0x0800c9d4                fputs
 .text.__sfvwrite_r
                0x0800c9ec      0x2e8 d:/clion/gcc-arm-none-eabi-10.3-2021.10-win32/gcc-arm-none-eabi-10.3-2021.10/bin/../lib/gcc/arm-none-eabi/10.3.1/../../../../arm-none-eabi/lib/thumb/v7e-m/nofp\libg.a(lib_a-fvwrite.o)
                0x0800c9ec                __sfvwrite_r
 .text._fwrite_r
                0x0800ccd4       0xa8 d:/clion/gcc-arm-none-eabi-10.3-2021.10-win32/gcc-arm-none-eabi-10.3-2021.10/bin/../lib/gcc/arm-none-eabi/10.3.1/../../../../arm-none-eabi/lib/thumb/v7e-m/nofp\libg.a(lib_a-fwrite.o)
                0x0800ccd4                _fwrite_r
 .text.fwrite   0x0800cd7c       0x20 d:/clion/gcc-arm-none-eabi-10.3-2021.10-win32/gcc-arm-none-eabi-10.3-2021.10/bin/../lib/gcc/arm-none-eabi/10.3.1/../../../../arm-none-eabi/lib/thumb/v7e-m/nofp\libg.a(lib_a-fwrite.o)
                0x0800cd7c                fwrite
 .text.__libc_init_array
                0x0800cd9c       0x48 d:/clion/gcc-arm-none-eabi-10.3-2021.10-win32/gcc-arm-none-eabi-10.3-2021.10/bin/../lib/gcc/arm-none-eabi/10.3.1/../../../../arm-none-eabi/lib/thumb/v7e-m/nofp\libg.a(lib_a-init.o)
                0x0800cd9c                __libc_init_array
 .text.__retarget_lock_init_recursive
                0x0800cde4        0x4 d:/clion/gcc-arm-none-eabi-10.3-2021.10-win32/gcc-arm-none-eabi-10.3-2021.10/bin/../lib/gcc/arm-none-eabi/10.3.1/../../../../arm-none-eabi/lib/thumb/v7e-m/nofp\libg.a(lib_a-lock.o)
                0x0800cde4                __retarget_lock_init_recursive
 .text.__retarget_lock_close_recursive
                0x0800cde8        0x4 d:/clion/gcc-arm-none-eabi-10.3-2021.10-win32/gcc-arm-none-eabi-10.3-2021.10/bin/../lib/gcc/arm-none-eabi/10.3.1/../../../../arm-none-eabi/lib/thumb/v7e-m/nofp\libg.a(lib_a-lock.o)
                0x0800cde8                __retarget_lock_close_recursive
 .text.__retarget_lock_acquire_recursive
                0x0800cdec        0x4 d:/clion/gcc-arm-none-eabi-10.3-2021.10-win32/gcc-arm-none-eabi-10.3-2021.10/bin/../lib/gcc/arm-none-eabi/10.3.1/../../../../arm-none-eabi/lib/thumb/v7e-m/nofp\libg.a(lib_a-lock.o)
                0x0800cdec                __retarget_lock_acquire_recursive
 .text.__retarget_lock_release_recursive
                0x0800cdf0        0x4 d:/clion/gcc-arm-none-eabi-10.3-2021.10-win32/gcc-arm-none-eabi-10.3-2021.10/bin/../lib/gcc/arm-none-eabi/10.3.1/../../../../arm-none-eabi/lib/thumb/v7e-m/nofp\libg.a(lib_a-lock.o)
                0x0800cdf0                __retarget_lock_release_recursive
 .text.malloc   0x0800cdf4       0x10 d:/clion/gcc-arm-none-eabi-10.3-2021.10-win32/gcc-arm-none-eabi-10.3-2021.10/bin/../lib/gcc/arm-none-eabi/10.3.1/../../../../arm-none-eabi/lib/thumb/v7e-m/nofp\libg.a(lib_a-malloc.o)
                0x0800cdf4                malloc
 .text.free     0x0800ce04       0x10 d:/clion/gcc-arm-none-eabi-10.3-2021.10-win32/gcc-arm-none-eabi-10.3-2021.10/bin/../lib/gcc/arm-none-eabi/10.3.1/../../../../arm-none-eabi/lib/thumb/v7e-m/nofp\libg.a(lib_a-malloc.o)
                0x0800ce04                free
 .text._malloc_r
                0x0800ce14      0x560 d:/clion/gcc-arm-none-eabi-10.3-2021.10-win32/gcc-arm-none-eabi-10.3-2021.10/bin/../lib/gcc/arm-none-eabi/10.3.1/../../../../arm-none-eabi/lib/thumb/v7e-m/nofp\libg.a(lib_a-mallocr.o)
                0x0800ce14                _malloc_r
 .text.memcmp   0x0800d374       0x68 d:/clion/gcc-arm-none-eabi-10.3-2021.10-win32/gcc-arm-none-eabi-10.3-2021.10/bin/../lib/gcc/arm-none-eabi/10.3.1/../../../../arm-none-eabi/lib/thumb/v7e-m/nofp\libg.a(lib_a-memcmp.o)
                0x0800d374                memcmp
 .text.memmove  0x0800d3dc       0xf8 d:/clion/gcc-arm-none-eabi-10.3-2021.10-win32/gcc-arm-none-eabi-10.3-2021.10/bin/../lib/gcc/arm-none-eabi/10.3.1/../../../../arm-none-eabi/lib/thumb/v7e-m/nofp\libg.a(lib_a-memmove.o)
                0x0800d3dc                memmove
 .text.memset   0x0800d4d4       0xa4 d:/clion/gcc-arm-none-eabi-10.3-2021.10-win32/gcc-arm-none-eabi-10.3-2021.10/bin/../lib/gcc/arm-none-eabi/10.3.1/../../../../arm-none-eabi/lib/thumb/v7e-m/nofp\libg.a(lib_a-memset.o)
                0x0800d4d4                memset
 .text.__malloc_lock
                0x0800d578        0xc d:/clion/gcc-arm-none-eabi-10.3-2021.10-win32/gcc-arm-none-eabi-10.3-2021.10/bin/../lib/gcc/arm-none-eabi/10.3.1/../../../../arm-none-eabi/lib/thumb/v7e-m/nofp\libg.a(lib_a-mlock.o)
                0x0800d578                __malloc_lock
 .text.__malloc_unlock
                0x0800d584        0xc d:/clion/gcc-arm-none-eabi-10.3-2021.10-win32/gcc-arm-none-eabi-10.3-2021.10/bin/../lib/gcc/arm-none-eabi/10.3.1/../../../../arm-none-eabi/lib/thumb/v7e-m/nofp\libg.a(lib_a-mlock.o)
                0x0800d584                __malloc_unlock
 .text._putc_r  0x0800d590       0x74 d:/clion/gcc-arm-none-eabi-10.3-2021.10-win32/gcc-arm-none-eabi-10.3-2021.10/bin/../lib/gcc/arm-none-eabi/10.3.1/../../../../arm-none-eabi/lib/thumb/v7e-m/nofp\libg.a(lib_a-putc.o)
                0x0800d590                _putc_r
 .text.realloc  0x0800d604       0x18 d:/clion/gcc-arm-none-eabi-10.3-2021.10-win32/gcc-arm-none-eabi-10.3-2021.10/bin/../lib/gcc/arm-none-eabi/10.3.1/../../../../arm-none-eabi/lib/thumb/v7e-m/nofp\libg.a(lib_a-realloc.o)
                0x0800d604                realloc
 .text._realloc_r
                0x0800d61c      0x3d8 d:/clion/gcc-arm-none-eabi-10.3-2021.10-win32/gcc-arm-none-eabi-10.3-2021.10/bin/../lib/gcc/arm-none-eabi/10.3.1/../../../../arm-none-eabi/lib/thumb/v7e-m/nofp\libg.a(lib_a-reallocr.o)
                0x0800d61c                _realloc_r
 .text._sbrk_r  0x0800d9f4       0x24 d:/clion/gcc-arm-none-eabi-10.3-2021.10-win32/gcc-arm-none-eabi-10.3-2021.10/bin/../lib/gcc/arm-none-eabi/10.3.1/../../../../arm-none-eabi/lib/thumb/v7e-m/nofp\libg.a(lib_a-sbrkr.o)
                0x0800d9f4                _sbrk_r
 .text.raise    0x0800da18       0x5c d:/clion/gcc-arm-none-eabi-10.3-2021.10-win32/gcc-arm-none-eabi-10.3-2021.10/bin/../lib/gcc/arm-none-eabi/10.3.1/../../../../arm-none-eabi/lib/thumb/v7e-m/nofp\libg.a(lib_a-signal.o)
                0x0800da18                raise
 .text._kill_r  0x0800da74       0x2c d:/clion/gcc-arm-none-eabi-10.3-2021.10-win32/gcc-arm-none-eabi-10.3-2021.10/bin/../lib/gcc/arm-none-eabi/10.3.1/../../../../arm-none-eabi/lib/thumb/v7e-m/nofp\libg.a(lib_a-signalr.o)
                0x0800da74                _kill_r
 .text._getpid_r
                0x0800daa0        0x4 d:/clion/gcc-arm-none-eabi-10.3-2021.10-win32/gcc-arm-none-eabi-10.3-2021.10/bin/../lib/gcc/arm-none-eabi/10.3.1/../../../../arm-none-eabi/lib/thumb/v7e-m/nofp\libg.a(lib_a-signalr.o)
                0x0800daa0                _getpid_r
 .text.sprintf  0x0800daa4       0x40 d:/clion/gcc-arm-none-eabi-10.3-2021.10-win32/gcc-arm-none-eabi-10.3-2021.10/bin/../lib/gcc/arm-none-eabi/10.3.1/../../../../arm-none-eabi/lib/thumb/v7e-m/nofp\libg.a(lib_a-sprintf.o)
                0x0800daa4                sprintf
 .text.strncmp  0x0800dae4       0x80 d:/clion/gcc-arm-none-eabi-10.3-2021.10-win32/gcc-arm-none-eabi-10.3-2021.10/bin/../lib/gcc/arm-none-eabi/10.3.1/../../../../arm-none-eabi/lib/thumb/v7e-m/nofp\libg.a(lib_a-strncmp.o)
                0x0800dae4                strncmp
 .text._svfprintf_r
                0x0800db64     0x1a3c d:/clion/gcc-arm-none-eabi-10.3-2021.10-win32/gcc-arm-none-eabi-10.3-2021.10/bin/../lib/gcc/arm-none-eabi/10.3.1/../../../../arm-none-eabi/lib/thumb/v7e-m/nofp\libg.a(lib_a-svfprintf.o)
                0x0800db64                _svfprintf_r
 .text.vsprintf
                0x0800f5a0       0x38 d:/clion/gcc-arm-none-eabi-10.3-2021.10-win32/gcc-arm-none-eabi-10.3-2021.10/bin/../lib/gcc/arm-none-eabi/10.3.1/../../../../arm-none-eabi/lib/thumb/v7e-m/nofp\libg.a(lib_a-vsprintf.o)
                0x0800f5a0                vsprintf
 .text.__swbuf_r
                0x0800f5d8       0xb0 d:/clion/gcc-arm-none-eabi-10.3-2021.10-win32/gcc-arm-none-eabi-10.3-2021.10/bin/../lib/gcc/arm-none-eabi/10.3.1/../../../../arm-none-eabi/lib/thumb/v7e-m/nofp\libg.a(lib_a-wbuf.o)
                0x0800f5d8                __swbuf_r
 .text._write_r
                0x0800f688       0x2c d:/clion/gcc-arm-none-eabi-10.3-2021.10-win32/gcc-arm-none-eabi-10.3-2021.10/bin/../lib/gcc/arm-none-eabi/10.3.1/../../../../arm-none-eabi/lib/thumb/v7e-m/nofp\libg.a(lib_a-writer.o)
                0x0800f688                _write_r
 .text.__swsetup_r
                0x0800f6b4       0xd4 d:/clion/gcc-arm-none-eabi-10.3-2021.10-win32/gcc-arm-none-eabi-10.3-2021.10/bin/../lib/gcc/arm-none-eabi/10.3.1/../../../../arm-none-eabi/lib/thumb/v7e-m/nofp\libg.a(lib_a-wsetup.o)
                0x0800f6b4                __swsetup_r
 .text.startup.register_fini
                0x0800f788       0x14 d:/clion/gcc-arm-none-eabi-10.3-2021.10-win32/gcc-arm-none-eabi-10.3-2021.10/bin/../lib/gcc/arm-none-eabi/10.3.1/../../../../arm-none-eabi/lib/thumb/v7e-m/nofp\libg.a(lib_a-__call_atexit.o)
 .text.atexit   0x0800f79c        0xc d:/clion/gcc-arm-none-eabi-10.3-2021.10-win32/gcc-arm-none-eabi-10.3-2021.10/bin/../lib/gcc/arm-none-eabi/10.3.1/../../../../arm-none-eabi/lib/thumb/v7e-m/nofp\libg.a(lib_a-atexit.o)
                0x0800f79c                atexit
 .text.quorem   0x0800f7a8      0x124 d:/clion/gcc-arm-none-eabi-10.3-2021.10-win32/gcc-arm-none-eabi-10.3-2021.10/bin/../lib/gcc/arm-none-eabi/10.3.1/../../../../arm-none-eabi/lib/thumb/v7e-m/nofp\libg.a(lib_a-dtoa.o)
 *fill*         0x0800f8cc        0x4 
 .text._dtoa_r  0x0800f8d0      0xec4 d:/clion/gcc-arm-none-eabi-10.3-2021.10-win32/gcc-arm-none-eabi-10.3-2021.10/bin/../lib/gcc/arm-none-eabi/10.3.1/../../../../arm-none-eabi/lib/thumb/v7e-m/nofp\libg.a(lib_a-dtoa.o)
                0x0800f8d0                _dtoa_r
 .text.__sflush_r
                0x08010794      0x120 d:/clion/gcc-arm-none-eabi-10.3-2021.10-win32/gcc-arm-none-eabi-10.3-2021.10/bin/../lib/gcc/arm-none-eabi/10.3.1/../../../../arm-none-eabi/lib/thumb/v7e-m/nofp\libg.a(lib_a-fflush.o)
                0x08010794                __sflush_r
 .text._fflush_r
                0x080108b4       0x5c d:/clion/gcc-arm-none-eabi-10.3-2021.10-win32/gcc-arm-none-eabi-10.3-2021.10/bin/../lib/gcc/arm-none-eabi/10.3.1/../../../../arm-none-eabi/lib/thumb/v7e-m/nofp\libg.a(lib_a-fflush.o)
                0x080108b4                _fflush_r
 .text._cleanup_r
                0x08010910        0xc d:/clion/gcc-arm-none-eabi-10.3-2021.10-win32/gcc-arm-none-eabi-10.3-2021.10/bin/../lib/gcc/arm-none-eabi/10.3.1/../../../../arm-none-eabi/lib/thumb/v7e-m/nofp\libg.a(lib_a-findfp.o)
                0x08010910                _cleanup_r
 .text.__sinit  0x0801091c      0x10c d:/clion/gcc-arm-none-eabi-10.3-2021.10-win32/gcc-arm-none-eabi-10.3-2021.10/bin/../lib/gcc/arm-none-eabi/10.3.1/../../../../arm-none-eabi/lib/thumb/v7e-m/nofp\libg.a(lib_a-findfp.o)
                0x0801091c                __sinit
 .text.__sfp_lock_acquire
                0x08010a28        0xc d:/clion/gcc-arm-none-eabi-10.3-2021.10-win32/gcc-arm-none-eabi-10.3-2021.10/bin/../lib/gcc/arm-none-eabi/10.3.1/../../../../arm-none-eabi/lib/thumb/v7e-m/nofp\libg.a(lib_a-findfp.o)
                0x08010a28                __sfp_lock_acquire
 .text.__sfp_lock_release
                0x08010a34        0xc d:/clion/gcc-arm-none-eabi-10.3-2021.10-win32/gcc-arm-none-eabi-10.3-2021.10/bin/../lib/gcc/arm-none-eabi/10.3.1/../../../../arm-none-eabi/lib/thumb/v7e-m/nofp\libg.a(lib_a-findfp.o)
                0x08010a34                __sfp_lock_release
 .text.__libc_fini_array
                0x08010a40       0x2c d:/clion/gcc-arm-none-eabi-10.3-2021.10-win32/gcc-arm-none-eabi-10.3-2021.10/bin/../lib/gcc/arm-none-eabi/10.3.1/../../../../arm-none-eabi/lib/thumb/v7e-m/nofp\libg.a(lib_a-fini.o)
                0x08010a40                __libc_fini_array
 .text._malloc_trim_r
                0x08010a6c       0xa0 d:/clion/gcc-arm-none-eabi-10.3-2021.10-win32/gcc-arm-none-eabi-10.3-2021.10/bin/../lib/gcc/arm-none-eabi/10.3.1/../../../../arm-none-eabi/lib/thumb/v7e-m/nofp\libg.a(lib_a-freer.o)
                0x08010a6c                _malloc_trim_r
 .text._free_r  0x08010b0c      0x20c d:/clion/gcc-arm-none-eabi-10.3-2021.10-win32/gcc-arm-none-eabi-10.3-2021.10/bin/../lib/gcc/arm-none-eabi/10.3.1/../../../../arm-none-eabi/lib/thumb/v7e-m/nofp\libg.a(lib_a-freer.o)
                0x08010b0c                _free_r
 .text._fwalk_reent
                0x08010d18       0x48 d:/clion/gcc-arm-none-eabi-10.3-2021.10-win32/gcc-arm-none-eabi-10.3-2021.10/bin/../lib/gcc/arm-none-eabi/10.3.1/../../../../arm-none-eabi/lib/thumb/v7e-m/nofp\libg.a(lib_a-fwalk.o)
                0x08010d18                _fwalk_reent
 .text._localeconv_r
                0x08010d60        0x8 d:/clion/gcc-arm-none-eabi-10.3-2021.10-win32/gcc-arm-none-eabi-10.3-2021.10/bin/../lib/gcc/arm-none-eabi/10.3.1/../../../../arm-none-eabi/lib/thumb/v7e-m/nofp\libg.a(lib_a-localeconv.o)
                0x08010d60                _localeconv_r
 .text.__smakebuf_r
                0x08010d68       0xe0 d:/clion/gcc-arm-none-eabi-10.3-2021.10-win32/gcc-arm-none-eabi-10.3-2021.10/bin/../lib/gcc/arm-none-eabi/10.3.1/../../../../arm-none-eabi/lib/thumb/v7e-m/nofp\libg.a(lib_a-makebuf.o)
                0x08010d68                __smakebuf_r
 .text._Balloc  0x08010e48       0x4c d:/clion/gcc-arm-none-eabi-10.3-2021.10-win32/gcc-arm-none-eabi-10.3-2021.10/bin/../lib/gcc/arm-none-eabi/10.3.1/../../../../arm-none-eabi/lib/thumb/v7e-m/nofp\libg.a(lib_a-mprec.o)
                0x08010e48                _Balloc
 .text._Bfree   0x08010e94       0x14 d:/clion/gcc-arm-none-eabi-10.3-2021.10-win32/gcc-arm-none-eabi-10.3-2021.10/bin/../lib/gcc/arm-none-eabi/10.3.1/../../../../arm-none-eabi/lib/thumb/v7e-m/nofp\libg.a(lib_a-mprec.o)
                0x08010e94                _Bfree
 .text.__multadd
                0x08010ea8       0xa0 d:/clion/gcc-arm-none-eabi-10.3-2021.10-win32/gcc-arm-none-eabi-10.3-2021.10/bin/../lib/gcc/arm-none-eabi/10.3.1/../../../../arm-none-eabi/lib/thumb/v7e-m/nofp\libg.a(lib_a-mprec.o)
                0x08010ea8                __multadd
 .text.__hi0bits
                0x08010f48       0x40 d:/clion/gcc-arm-none-eabi-10.3-2021.10-win32/gcc-arm-none-eabi-10.3-2021.10/bin/../lib/gcc/arm-none-eabi/10.3.1/../../../../arm-none-eabi/lib/thumb/v7e-m/nofp\libg.a(lib_a-mprec.o)
                0x08010f48                __hi0bits
 .text.__lo0bits
                0x08010f88       0x5c d:/clion/gcc-arm-none-eabi-10.3-2021.10-win32/gcc-arm-none-eabi-10.3-2021.10/bin/../lib/gcc/arm-none-eabi/10.3.1/../../../../arm-none-eabi/lib/thumb/v7e-m/nofp\libg.a(lib_a-mprec.o)
                0x08010f88                __lo0bits
 .text.__i2b    0x08010fe4       0x5c d:/clion/gcc-arm-none-eabi-10.3-2021.10-win32/gcc-arm-none-eabi-10.3-2021.10/bin/../lib/gcc/arm-none-eabi/10.3.1/../../../../arm-none-eabi/lib/thumb/v7e-m/nofp\libg.a(lib_a-mprec.o)
                0x08010fe4                __i2b
 .text.__multiply
                0x08011040      0x15c d:/clion/gcc-arm-none-eabi-10.3-2021.10-win32/gcc-arm-none-eabi-10.3-2021.10/bin/../lib/gcc/arm-none-eabi/10.3.1/../../../../arm-none-eabi/lib/thumb/v7e-m/nofp\libg.a(lib_a-mprec.o)
                0x08011040                __multiply
 .text.__pow5mult
                0x0801119c       0xc0 d:/clion/gcc-arm-none-eabi-10.3-2021.10-win32/gcc-arm-none-eabi-10.3-2021.10/bin/../lib/gcc/arm-none-eabi/10.3.1/../../../../arm-none-eabi/lib/thumb/v7e-m/nofp\libg.a(lib_a-mprec.o)
                0x0801119c                __pow5mult
 .text.__lshift
                0x0801125c       0xf0 d:/clion/gcc-arm-none-eabi-10.3-2021.10-win32/gcc-arm-none-eabi-10.3-2021.10/bin/../lib/gcc/arm-none-eabi/10.3.1/../../../../arm-none-eabi/lib/thumb/v7e-m/nofp\libg.a(lib_a-mprec.o)
                0x0801125c                __lshift
 .text.__mcmp   0x0801134c       0x40 d:/clion/gcc-arm-none-eabi-10.3-2021.10-win32/gcc-arm-none-eabi-10.3-2021.10/bin/../lib/gcc/arm-none-eabi/10.3.1/../../../../arm-none-eabi/lib/thumb/v7e-m/nofp\libg.a(lib_a-mprec.o)
                0x0801134c                __mcmp
 .text.__mdiff  0x0801138c      0x14c d:/clion/gcc-arm-none-eabi-10.3-2021.10-win32/gcc-arm-none-eabi-10.3-2021.10/bin/../lib/gcc/arm-none-eabi/10.3.1/../../../../arm-none-eabi/lib/thumb/v7e-m/nofp\libg.a(lib_a-mprec.o)
                0x0801138c                __mdiff
 .text.__d2b    0x080114d8       0xc4 d:/clion/gcc-arm-none-eabi-10.3-2021.10-win32/gcc-arm-none-eabi-10.3-2021.10/bin/../lib/gcc/arm-none-eabi/10.3.1/../../../../arm-none-eabi/lib/thumb/v7e-m/nofp\libg.a(lib_a-mprec.o)
                0x080114d8                __d2b
 .text.frexp    0x0801159c       0x70 d:/clion/gcc-arm-none-eabi-10.3-2021.10-win32/gcc-arm-none-eabi-10.3-2021.10/bin/../lib/gcc/arm-none-eabi/10.3.1/../../../../arm-none-eabi/lib/thumb/v7e-m/nofp\libg.a(lib_a-s_frexp.o)
                0x0801159c                frexp
 .text.__sread  0x0801160c       0x24 d:/clion/gcc-arm-none-eabi-10.3-2021.10-win32/gcc-arm-none-eabi-10.3-2021.10/bin/../lib/gcc/arm-none-eabi/10.3.1/../../../../arm-none-eabi/lib/thumb/v7e-m/nofp\libg.a(lib_a-stdio.o)
                0x0801160c                __sread
 .text.__swrite
                0x08011630       0x40 d:/clion/gcc-arm-none-eabi-10.3-2021.10-win32/gcc-arm-none-eabi-10.3-2021.10/bin/../lib/gcc/arm-none-eabi/10.3.1/../../../../arm-none-eabi/lib/thumb/v7e-m/nofp\libg.a(lib_a-stdio.o)
                0x08011630                __swrite
 .text.__sseek  0x08011670       0x20 d:/clion/gcc-arm-none-eabi-10.3-2021.10-win32/gcc-arm-none-eabi-10.3-2021.10/bin/../lib/gcc/arm-none-eabi/10.3.1/../../../../arm-none-eabi/lib/thumb/v7e-m/nofp\libg.a(lib_a-stdio.o)
                0x08011670                __sseek
 .text.__sclose
                0x08011690        0x8 d:/clion/gcc-arm-none-eabi-10.3-2021.10-win32/gcc-arm-none-eabi-10.3-2021.10/bin/../lib/gcc/arm-none-eabi/10.3.1/../../../../arm-none-eabi/lib/thumb/v7e-m/nofp\libg.a(lib_a-stdio.o)
                0x08011690                __sclose
 .text.strncpy  0x08011698       0x64 d:/clion/gcc-arm-none-eabi-10.3-2021.10-win32/gcc-arm-none-eabi-10.3-2021.10/bin/../lib/gcc/arm-none-eabi/10.3.1/../../../../arm-none-eabi/lib/thumb/v7e-m/nofp\libg.a(lib_a-strncpy.o)
                0x08011698                strncpy
 .text.__ssprint_r
                0x080116fc       0xf8 d:/clion/gcc-arm-none-eabi-10.3-2021.10-win32/gcc-arm-none-eabi-10.3-2021.10/bin/../lib/gcc/arm-none-eabi/10.3.1/../../../../arm-none-eabi/lib/thumb/v7e-m/nofp\libg.a(lib_a-svfiprintf.o)
                0x080116fc                __ssprint_r
 .text.__register_exitproc
                0x080117f4       0x8c d:/clion/gcc-arm-none-eabi-10.3-2021.10-win32/gcc-arm-none-eabi-10.3-2021.10/bin/../lib/gcc/arm-none-eabi/10.3.1/../../../../arm-none-eabi/lib/thumb/v7e-m/nofp\libg.a(lib_a-__atexit.o)
                0x080117f4                __register_exitproc
 .text.__assert_func
                0x08011880       0x40 d:/clion/gcc-arm-none-eabi-10.3-2021.10-win32/gcc-arm-none-eabi-10.3-2021.10/bin/../lib/gcc/arm-none-eabi/10.3.1/../../../../arm-none-eabi/lib/thumb/v7e-m/nofp\libg.a(lib_a-assert.o)
                0x08011880                __assert_func
 .text._calloc_r
                0x080118c0       0x78 d:/clion/gcc-arm-none-eabi-10.3-2021.10-win32/gcc-arm-none-eabi-10.3-2021.10/bin/../lib/gcc/arm-none-eabi/10.3.1/../../../../arm-none-eabi/lib/thumb/v7e-m/nofp\libg.a(lib_a-callocr.o)
                0x080118c0                _calloc_r
 .text._close_r
                0x08011938       0x24 d:/clion/gcc-arm-none-eabi-10.3-2021.10-win32/gcc-arm-none-eabi-10.3-2021.10/bin/../lib/gcc/arm-none-eabi/10.3.1/../../../../arm-none-eabi/lib/thumb/v7e-m/nofp\libg.a(lib_a-closer.o)
                0x08011938                _close_r
 .text._fclose_r
                0x0801195c       0xcc d:/clion/gcc-arm-none-eabi-10.3-2021.10-win32/gcc-arm-none-eabi-10.3-2021.10/bin/../lib/gcc/arm-none-eabi/10.3.1/../../../../arm-none-eabi/lib/thumb/v7e-m/nofp\libg.a(lib_a-fclose.o)
                0x0801195c                _fclose_r
 .text.fiprintf
                0x08011a28       0x28 d:/clion/gcc-arm-none-eabi-10.3-2021.10-win32/gcc-arm-none-eabi-10.3-2021.10/bin/../lib/gcc/arm-none-eabi/10.3.1/../../../../arm-none-eabi/lib/thumb/v7e-m/nofp\libg.a(lib_a-fiprintf.o)
                0x08011a28                fiprintf
 .text._fstat_r
                0x08011a50       0x2c d:/clion/gcc-arm-none-eabi-10.3-2021.10-win32/gcc-arm-none-eabi-10.3-2021.10/bin/../lib/gcc/arm-none-eabi/10.3.1/../../../../arm-none-eabi/lib/thumb/v7e-m/nofp\libg.a(lib_a-fstatr.o)
                0x08011a50                _fstat_r
 .text._isatty_r
                0x08011a7c       0x24 d:/clion/gcc-arm-none-eabi-10.3-2021.10-win32/gcc-arm-none-eabi-10.3-2021.10/bin/../lib/gcc/arm-none-eabi/10.3.1/../../../../arm-none-eabi/lib/thumb/v7e-m/nofp\libg.a(lib_a-isattyr.o)
                0x08011a7c                _isatty_r
 .text.__locale_mb_cur_max
                0x08011aa0        0xc d:/clion/gcc-arm-none-eabi-10.3-2021.10-win32/gcc-arm-none-eabi-10.3-2021.10/bin/../lib/gcc/arm-none-eabi/10.3.1/../../../../arm-none-eabi/lib/thumb/v7e-m/nofp\libg.a(lib_a-locale.o)
                0x08011aa0                __locale_mb_cur_max
 .text._lseek_r
                0x08011aac       0x2c d:/clion/gcc-arm-none-eabi-10.3-2021.10-win32/gcc-arm-none-eabi-10.3-2021.10/bin/../lib/gcc/arm-none-eabi/10.3.1/../../../../arm-none-eabi/lib/thumb/v7e-m/nofp\libg.a(lib_a-lseekr.o)
                0x08011aac                _lseek_r
 .text.__ascii_mbtowc
                0x08011ad8       0x2c d:/clion/gcc-arm-none-eabi-10.3-2021.10-win32/gcc-arm-none-eabi-10.3-2021.10/bin/../lib/gcc/arm-none-eabi/10.3.1/../../../../arm-none-eabi/lib/thumb/v7e-m/nofp\libg.a(lib_a-mbtowc_r.o)
                0x08011ad8                __ascii_mbtowc
 .text._read_r  0x08011b04       0x2c d:/clion/gcc-arm-none-eabi-10.3-2021.10-win32/gcc-arm-none-eabi-10.3-2021.10/bin/../lib/gcc/arm-none-eabi/10.3.1/../../../../arm-none-eabi/lib/thumb/v7e-m/nofp\libg.a(lib_a-readr.o)
                0x08011b04                _read_r
 .text.__sprint_r.part.0
                0x08011b30       0x78 d:/clion/gcc-arm-none-eabi-10.3-2021.10-win32/gcc-arm-none-eabi-10.3-2021.10/bin/../lib/gcc/arm-none-eabi/10.3.1/../../../../arm-none-eabi/lib/thumb/v7e-m/nofp\libg.a(lib_a-vfiprintf.o)
 .text._vfiprintf_r
                0x08011ba8      0xda0 d:/clion/gcc-arm-none-eabi-10.3-2021.10-win32/gcc-arm-none-eabi-10.3-2021.10/bin/../lib/gcc/arm-none-eabi/10.3.1/../../../../arm-none-eabi/lib/thumb/v7e-m/nofp\libg.a(lib_a-vfiprintf.o)
                0x08011ba8                _vfiprintf_r
 .text.__sbprintf
                0x08012948       0x80 d:/clion/gcc-arm-none-eabi-10.3-2021.10-win32/gcc-arm-none-eabi-10.3-2021.10/bin/../lib/gcc/arm-none-eabi/10.3.1/../../../../arm-none-eabi/lib/thumb/v7e-m/nofp\libg.a(lib_a-vfiprintf.o)
 .text.__ascii_wctomb
                0x080129c8       0x1c d:/clion/gcc-arm-none-eabi-10.3-2021.10-win32/gcc-arm-none-eabi-10.3-2021.10/bin/../lib/gcc/arm-none-eabi/10.3.1/../../../../arm-none-eabi/lib/thumb/v7e-m/nofp\libg.a(lib_a-wctomb_r.o)
                0x080129c8                __ascii_wctomb
 .text.__fputwc
                0x080129e4       0xa8 d:/clion/gcc-arm-none-eabi-10.3-2021.10-win32/gcc-arm-none-eabi-10.3-2021.10/bin/../lib/gcc/arm-none-eabi/10.3.1/../../../../arm-none-eabi/lib/thumb/v7e-m/nofp\libg.a(lib_a-fputwc.o)
                0x080129e4                __fputwc
 .text._fputwc_r
                0x08012a8c       0x68 d:/clion/gcc-arm-none-eabi-10.3-2021.10-win32/gcc-arm-none-eabi-10.3-2021.10/bin/../lib/gcc/arm-none-eabi/10.3.1/../../../../arm-none-eabi/lib/thumb/v7e-m/nofp\libg.a(lib_a-fputwc.o)
                0x08012a8c                _fputwc_r
 .text._wcrtomb_r
                0x08012af4       0x3c d:/clion/gcc-arm-none-eabi-10.3-2021.10-win32/gcc-arm-none-eabi-10.3-2021.10/bin/../lib/gcc/arm-none-eabi/10.3.1/../../../../arm-none-eabi/lib/thumb/v7e-m/nofp\libg.a(lib_a-wcrtomb.o)
                0x08012af4                _wcrtomb_r
 *(.glue_7)
 .glue_7        0x08012b30        0x0 linker stubs
 *(.glue_7t)
 .glue_7t       0x08012b30        0x0 linker stubs
 *(.eh_frame)
 .eh_frame      0x08012b30        0x0 d:/clion/gcc-arm-none-eabi-10.3-2021.10-win32/gcc-arm-none-eabi-10.3-2021.10/bin/../lib/gcc/arm-none-eabi/10.3.1/thumb/v7e-m/nofp/crtbegin.o
 *(.init)
 .init          0x08012b30        0x4 d:/clion/gcc-arm-none-eabi-10.3-2021.10-win32/gcc-arm-none-eabi-10.3-2021.10/bin/../lib/gcc/arm-none-eabi/10.3.1/thumb/v7e-m/nofp/crti.o
                0x08012b30                _init
 .init          0x08012b34        0x8 d:/clion/gcc-arm-none-eabi-10.3-2021.10-win32/gcc-arm-none-eabi-10.3-2021.10/bin/../lib/gcc/arm-none-eabi/10.3.1/thumb/v7e-m/nofp/crtn.o
 *(.fini)
 .fini          0x08012b3c        0x4 d:/clion/gcc-arm-none-eabi-10.3-2021.10-win32/gcc-arm-none-eabi-10.3-2021.10/bin/../lib/gcc/arm-none-eabi/10.3.1/thumb/v7e-m/nofp/crti.o
                0x08012b3c                _fini
 .fini          0x08012b40        0x8 d:/clion/gcc-arm-none-eabi-10.3-2021.10-win32/gcc-arm-none-eabi-10.3-2021.10/bin/../lib/gcc/arm-none-eabi/10.3.1/thumb/v7e-m/nofp/crtn.o
                0x08012b48                . = ALIGN (0x4)
                0x08012b48                _etext = .

.vfp11_veneer   0x08012b48        0x0
 .vfp11_veneer  0x08012b48        0x0 linker stubs

.v4_bx          0x08012b48        0x0
 .v4_bx         0x08012b48        0x0 linker stubs

.iplt           0x08012b48        0x0
 .iplt          0x08012b48        0x0 d:/clion/gcc-arm-none-eabi-10.3-2021.10-win32/gcc-arm-none-eabi-10.3-2021.10/bin/../lib/gcc/arm-none-eabi/10.3.1/thumb/v7e-m/nofp/crtbegin.o

.rodata         0x08012b48     0x172c
                0x08012b48                . = ALIGN (0x4)
 *(.rodata)
 .rodata        0x08012b48      0x7cc d:/clion/gcc-arm-none-eabi-10.3-2021.10-win32/gcc-arm-none-eabi-10.3-2021.10/bin/../lib/gcc/arm-none-eabi/10.3.1/../../../../arm-none-eabi/lib/thumb/v7e-m/nofp\libstdc++.a(cp-demangle.o)
 *(.rodata*)
 .rodata.AHBPrescTable
                0x08013314       0x10 CMakeFiles/CradleFOC.elf.dir/Core/Src/system_stm32g4xx.c.obj
                0x08013314                AHBPrescTable
 .rodata.APBPrescTable
                0x08013324        0x8 CMakeFiles/CradleFOC.elf.dir/Core/Src/system_stm32g4xx.c.obj
                0x08013324                APBPrescTable
 .rodata.UARTPrescTable
                0x0801332c       0x18 CMakeFiles/CradleFOC.elf.dir/Drivers/STM32G4xx_HAL_Driver/Src/stm32g4xx_hal_uart.c.obj
                0x0801332c                UARTPrescTable
 .rodata.denominator.0
                0x08013344        0x8 CMakeFiles/CradleFOC.elf.dir/Drivers/STM32G4xx_HAL_Driver/Src/stm32g4xx_hal_uart_ex.c.obj
 .rodata.numerator.1
                0x0801334c        0x8 CMakeFiles/CradleFOC.elf.dir/Drivers/STM32G4xx_HAL_Driver/Src/stm32g4xx_hal_uart_ex.c.obj
 .rodata.setup.str1.4
                0x08013354        0xb CMakeFiles/CradleFOC.elf.dir/UserApp/UserMain.cpp.obj
 *fill*         0x0801335f        0x1 
 .rodata.loop.str1.4
                0x08013360        0x9 CMakeFiles/CradleFOC.elf.dir/UserApp/UserMain.cpp.obj
 *fill*         0x08013369        0x3 
 .rodata._ZTIN9__gnu_cxx20recursive_init_errorE
                0x0801336c        0xc d:/clion/gcc-arm-none-eabi-10.3-2021.10-win32/gcc-arm-none-eabi-10.3-2021.10/bin/../lib/gcc/arm-none-eabi/10.3.1/../../../../arm-none-eabi/lib/thumb/v7e-m/nofp\libstdc++.a(guard_error.o)
                0x0801336c                typeinfo for __gnu_cxx::recursive_init_error
 .rodata._ZTSN9__gnu_cxx20recursive_init_errorE
                0x08013378       0x23 d:/clion/gcc-arm-none-eabi-10.3-2021.10-win32/gcc-arm-none-eabi-10.3-2021.10/bin/../lib/gcc/arm-none-eabi/10.3.1/../../../../arm-none-eabi/lib/thumb/v7e-m/nofp\libstdc++.a(guard_error.o)
                0x08013378                typeinfo name for __gnu_cxx::recursive_init_error
 *fill*         0x0801339b        0x1 
 .rodata._ZTVN9__gnu_cxx20recursive_init_errorE
                0x0801339c       0x14 d:/clion/gcc-arm-none-eabi-10.3-2021.10-win32/gcc-arm-none-eabi-10.3-2021.10/bin/../lib/gcc/arm-none-eabi/10.3.1/../../../../arm-none-eabi/lib/thumb/v7e-m/nofp\libstdc++.a(guard_error.o)
                0x0801339c                vtable for __gnu_cxx::recursive_init_error
 .rodata._ZTIN10__cxxabiv120__si_class_type_infoE
                0x080133b0        0xc d:/clion/gcc-arm-none-eabi-10.3-2021.10-win32/gcc-arm-none-eabi-10.3-2021.10/bin/../lib/gcc/arm-none-eabi/10.3.1/../../../../arm-none-eabi/lib/thumb/v7e-m/nofp\libstdc++.a(si_class_type_info.o)
                0x080133b0                typeinfo for __cxxabiv1::__si_class_type_info
 .rodata._ZTSN10__cxxabiv120__si_class_type_infoE
                0x080133bc       0x25 d:/clion/gcc-arm-none-eabi-10.3-2021.10-win32/gcc-arm-none-eabi-10.3-2021.10/bin/../lib/gcc/arm-none-eabi/10.3.1/../../../../arm-none-eabi/lib/thumb/v7e-m/nofp\libstdc++.a(si_class_type_info.o)
                0x080133bc                typeinfo name for __cxxabiv1::__si_class_type_info
 *fill*         0x080133e1        0x3 
 .rodata._ZTVN10__cxxabiv120__si_class_type_infoE
                0x080133e4       0x2c d:/clion/gcc-arm-none-eabi-10.3-2021.10-win32/gcc-arm-none-eabi-10.3-2021.10/bin/../lib/gcc/arm-none-eabi/10.3.1/../../../../arm-none-eabi/lib/thumb/v7e-m/nofp\libstdc++.a(si_class_type_info.o)
                0x080133e4                vtable for __cxxabiv1::__si_class_type_info
 .rodata._ZTISt9type_info
                0x08013410        0x8 d:/clion/gcc-arm-none-eabi-10.3-2021.10-win32/gcc-arm-none-eabi-10.3-2021.10/bin/../lib/gcc/arm-none-eabi/10.3.1/../../../../arm-none-eabi/lib/thumb/v7e-m/nofp\libstdc++.a(tinfo.o)
                0x08013410                typeinfo for std::type_info
 .rodata._ZTSSt9type_info
                0x08013418        0xd d:/clion/gcc-arm-none-eabi-10.3-2021.10-win32/gcc-arm-none-eabi-10.3-2021.10/bin/../lib/gcc/arm-none-eabi/10.3.1/../../../../arm-none-eabi/lib/thumb/v7e-m/nofp\libstdc++.a(tinfo.o)
                0x08013418                typeinfo name for std::type_info
 *fill*         0x08013425        0x3 
 .rodata._ZTIN10__cxxabiv117__class_type_infoE
                0x08013428        0xc d:/clion/gcc-arm-none-eabi-10.3-2021.10-win32/gcc-arm-none-eabi-10.3-2021.10/bin/../lib/gcc/arm-none-eabi/10.3.1/../../../../arm-none-eabi/lib/thumb/v7e-m/nofp\libstdc++.a(class_type_info.o)
                0x08013428                typeinfo for __cxxabiv1::__class_type_info
 .rodata._ZTSN10__cxxabiv117__class_type_infoE
                0x08013434       0x22 d:/clion/gcc-arm-none-eabi-10.3-2021.10-win32/gcc-arm-none-eabi-10.3-2021.10/bin/../lib/gcc/arm-none-eabi/10.3.1/../../../../arm-none-eabi/lib/thumb/v7e-m/nofp\libstdc++.a(class_type_info.o)
                0x08013434                typeinfo name for __cxxabiv1::__class_type_info
 *fill*         0x08013456        0x2 
 .rodata._ZTVN10__cxxabiv117__class_type_infoE
                0x08013458       0x2c d:/clion/gcc-arm-none-eabi-10.3-2021.10-win32/gcc-arm-none-eabi-10.3-2021.10/bin/../lib/gcc/arm-none-eabi/10.3.1/../../../../arm-none-eabi/lib/thumb/v7e-m/nofp\libstdc++.a(class_type_info.o)
                0x08013458                vtable for __cxxabiv1::__class_type_info
 .rodata._ZNKSt9exception4whatEv.str1.4
                0x08013484        0xf d:/clion/gcc-arm-none-eabi-10.3-2021.10-win32/gcc-arm-none-eabi-10.3-2021.10/bin/../lib/gcc/arm-none-eabi/10.3.1/../../../../arm-none-eabi/lib/thumb/v7e-m/nofp\libstdc++.a(eh_exception.o)
 *fill*         0x08013493        0x1 
 .rodata._ZNKSt13bad_exception4whatEv.str1.4
                0x08013494       0x13 d:/clion/gcc-arm-none-eabi-10.3-2021.10-win32/gcc-arm-none-eabi-10.3-2021.10/bin/../lib/gcc/arm-none-eabi/10.3.1/../../../../arm-none-eabi/lib/thumb/v7e-m/nofp\libstdc++.a(eh_exception.o)
 *fill*         0x080134a7        0x1 
 .rodata._ZTIN10__cxxabiv115__forced_unwindE
                0x080134a8        0x8 d:/clion/gcc-arm-none-eabi-10.3-2021.10-win32/gcc-arm-none-eabi-10.3-2021.10/bin/../lib/gcc/arm-none-eabi/10.3.1/../../../../arm-none-eabi/lib/thumb/v7e-m/nofp\libstdc++.a(eh_exception.o)