Archive member included to satisfy reference by file (symbol)

C:\Users\User\Desktop\CradleFOC_os\Middlewares\ST\ARM\DSP\Lib\libarm_cortexM4lf_math.a(arm_sin_f32.o)
                              CMakeFiles/CradleFOC_os.elf.dir/Ctrl/SVPWM.cpp.obj (arm_sin_f32)
C:\Users\User\Desktop\CradleFOC_os\Middlewares\ST\ARM\DSP\Lib\libarm_cortexM4lf_math.a(arm_cos_f32.o)
                              CMakeFiles/CradleFOC_os.elf.dir/Ctrl/SVPWM.cpp.obj (arm_cos_f32)
C:\Users\User\Desktop\CradleFOC_os\Middlewares\ST\ARM\DSP\Lib\libarm_cortexM4lf_math.a(arm_common_tables.o)
                              C:\Users\User\Desktop\CradleFOC_os\Middlewares\ST\ARM\DSP\Lib\libarm_cortexM4lf_math.a(arm_sin_f32.o) (sinTable_f32)
d:/clion/gcc-arm-none-eabi-10.3-2021.10-win32/gcc-arm-none-eabi-10.3-2021.10/bin/../lib/gcc/arm-none-eabi/10.3.1/../../../../arm-none-eabi/lib/thumb/v7e-m+fp/hard\libstdc++.a(guard.o)
                              CMakeFiles/CradleFOC_os.elf.dir/Utils/time_utils.cpp.obj (__cxa_guard_acquire)
d:/clion/gcc-arm-none-eabi-10.3-2021.10-win32/gcc-arm-none-eabi-10.3-2021.10/bin/../lib/gcc/arm-none-eabi/10.3.1/../../../../arm-none-eabi/lib/thumb/v7e-m+fp/hard\libstdc++.a(guard_error.o)
                              d:/clion/gcc-arm-none-eabi-10.3-2021.10-win32/gcc-arm-none-eabi-10.3-2021.10/bin/../lib/gcc/arm-none-eabi/10.3.1/../../../../arm-none-eabi/lib/thumb/v7e-m+fp/hard\libstdc++.a(guard.o) (__gnu_cxx::recursive_init_error::~recursive_init_error())
d:/clion/gcc-arm-none-eabi-10.3-2021.10-win32/gcc-arm-none-eabi-10.3-2021.10/bin/../lib/gcc/arm-none-eabi/10.3.1/../../../../arm-none-eabi/lib/thumb/v7e-m+fp/hard\libstdc++.a(si_class_type_info.o)
                              d:/clion/gcc-arm-none-eabi-10.3-2021.10-win32/gcc-arm-none-eabi-10.3-2021.10/bin/../lib/gcc/arm-none-eabi/10.3.1/../../../../arm-none-eabi/lib/thumb/v7e-m+fp/hard\libstdc++.a(guard_error.o) (vtable for __cxxabiv1::__si_class_type_info)
d:/clion/gcc-arm-none-eabi-10.3-2021.10-win32/gcc-arm-none-eabi-10.3-2021.10/bin/../lib/gcc/arm-none-eabi/10.3.1/../../../../arm-none-eabi/lib/thumb/v7e-m+fp/hard\libstdc++.a(tinfo.o)
                              d:/clion/gcc-arm-none-eabi-10.3-2021.10-win32/gcc-arm-none-eabi-10.3-2021.10/bin/../lib/gcc/arm-none-eabi/10.3.1/../../../../arm-none-eabi/lib/thumb/v7e-m+fp/hard\libstdc++.a(si_class_type_info.o) (std::type_info::__is_pointer_p() const)
d:/clion/gcc-arm-none-eabi-10.3-2021.10-win32/gcc-arm-none-eabi-10.3-2021.10/bin/../lib/gcc/arm-none-eabi/10.3.1/../../../../arm-none-eabi/lib/thumb/v7e-m+fp/hard\libstdc++.a(class_type_info.o)
                              d:/clion/gcc-arm-none-eabi-10.3-2021.10-win32/gcc-arm-none-eabi-10.3-2021.10/bin/../lib/gcc/arm-none-eabi/10.3.1/../../../../arm-none-eabi/lib/thumb/v7e-m+fp/hard\libstdc++.a(si_class_type_info.o) (__cxxabiv1::__class_type_info::__do_upcast(__cxxabiv1::__class_type_info const*, void**) const)
d:/clion/gcc-arm-none-eabi-10.3-2021.10-win32/gcc-arm-none-eabi-10.3-2021.10/bin/../lib/gcc/arm-none-eabi/10.3.1/../../../../arm-none-eabi/lib/thumb/v7e-m+fp/hard\libstdc++.a(del_ops.o)
                              d:/clion/gcc-arm-none-eabi-10.3-2021.10-win32/gcc-arm-none-eabi-10.3-2021.10/bin/../lib/gcc/arm-none-eabi/10.3.1/../../../../arm-none-eabi/lib/thumb/v7e-m+fp/hard\libstdc++.a(guard_error.o) (operator delete(void*, unsigned int))
d:/clion/gcc-arm-none-eabi-10.3-2021.10-win32/gcc-arm-none-eabi-10.3-2021.10/bin/../lib/gcc/arm-none-eabi/10.3.1/../../../../arm-none-eabi/lib/thumb/v7e-m+fp/hard\libstdc++.a(eh_alloc.o)
                              d:/clion/gcc-arm-none-eabi-10.3-2021.10-win32/gcc-arm-none-eabi-10.3-2021.10/bin/../lib/gcc/arm-none-eabi/10.3.1/../../../../arm-none-eabi/lib/thumb/v7e-m+fp/hard\libstdc++.a(guard.o) (__cxa_allocate_exception)
d:/clion/gcc-arm-none-eabi-10.3-2021.10-win32/gcc-arm-none-eabi-10.3-2021.10/bin/../lib/gcc/arm-none-eabi/10.3.1/../../../../arm-none-eabi/lib/thumb/v7e-m+fp/hard\libstdc++.a(eh_exception.o)
                              d:/clion/gcc-arm-none-eabi-10.3-2021.10-win32/gcc-arm-none-eabi-10.3-2021.10/bin/../lib/gcc/arm-none-eabi/10.3.1/../../../../arm-none-eabi/lib/thumb/v7e-m+fp/hard\libstdc++.a(guard_error.o) (std::exception::~exception())
d:/clion/gcc-arm-none-eabi-10.3-2021.10-win32/gcc-arm-none-eabi-10.3-2021.10/bin/../lib/gcc/arm-none-eabi/10.3.1/../../../../arm-none-eabi/lib/thumb/v7e-m+fp/hard\libstdc++.a(eh_terminate.o)
                              d:/clion/gcc-arm-none-eabi-10.3-2021.10-win32/gcc-arm-none-eabi-10.3-2021.10/bin/../lib/gcc/arm-none-eabi/10.3.1/../../../../arm-none-eabi/lib/thumb/v7e-m+fp/hard\libstdc++.a(eh_alloc.o) (std::terminate())
d:/clion/gcc-arm-none-eabi-10.3-2021.10-win32/gcc-arm-none-eabi-10.3-2021.10/bin/../lib/gcc/arm-none-eabi/10.3.1/../../../../arm-none-eabi/lib/thumb/v7e-m+fp/hard\libstdc++.a(eh_throw.o)
[...]
Memory Configuration

Name             Origin             Length             Attributes
RAM              0x20000000         0x00008000         xrw
FLASH            0x08000000         0x00020000         xr
*default*        0x00000000         0xffffffff

Linker script and memory map

LOAD d:/clion/gcc-arm-none-eabi-10.3-2021.10-win32/gcc-arm-none-eabi-10.3-2021.10/bin/../lib/gcc/arm-none-eabi/10.3.1/thumb/v7e-m+fp/hard/crti.o
LOAD d:/clion/gcc-arm-none-eabi-10.3-2021.10-win32/gcc-arm-none-eabi-10.3-2021.10/bin/../lib/gcc/arm-none-eabi/10.3.1/thumb/v7e-m+fp/hard/crtbegin.o
LOAD d:/clion/gcc-arm-none-eabi-10.3-2021.10-win32/gcc-arm-none-eabi-10.3-2021.10/bin/../lib/gcc/arm-none-eabi/10.3.1/../../../../arm-none-eabi/lib/thumb/v7e-m+fp/hard/crt0.o
LOAD CMakeFiles/CradleFOC_os.elf.dir/Core/Src/adc.c.obj
LOAD CMakeFiles/CradleFOC_os.elf.dir/Core/Src/app_freertos.c.obj
LOAD CMakeFiles/CradleFOC_os.elf.dir/Core/Src/dma.c.obj
LOAD CMakeFiles/CradleFOC_os.elf.dir/Core/Src/gpio.c.obj
LOAD CMakeFiles/CradleFOC_os.elf.dir/Core/Src/main.c.obj
LOAD CMakeFiles/CradleFOC_os.elf.dir/Core/Src/opamp.c.obj
LOAD CMakeFiles/CradleFOC_os.elf.dir/Core/Src/spi.c.obj
LOAD CMakeFiles/CradleFOC_os.elf.dir/Core/Src/stm32g4xx_hal_msp.c.obj
LOAD CMakeFiles/CradleFOC_os.elf.dir/Core/Src/stm32g4xx_hal_timebase_tim.c.obj
LOAD CMakeFiles/CradleFOC_os.elf.dir/Core/Src/stm32g4xx_it.c.obj
LOAD CMakeFiles/CradleFOC_os.elf.dir/Core/Src/syscalls.c.obj
LOAD CMakeFiles/CradleFOC_os.elf.dir/Core/Src/sysmem.c.obj
LOAD CMakeFiles/CradleFOC_os.elf.dir/Core/Src/system_stm32g4xx.c.obj
LOAD CMakeFiles/CradleFOC_os.elf.dir/Core/Src/tim.c.obj
LOAD CMakeFiles/CradleFOC_os.elf.dir/Core/Src/usart.c.obj
LOAD CMakeFiles/CradleFOC_os.elf.dir/Core/Startup/startup_stm32g431cbux.s.obj
LOAD CMakeFiles/CradleFOC_os.elf.dir/Ctrl/Button.cpp.obj
LOAD CMakeFiles/CradleFOC_os.elf.dir/Ctrl/SVPWM.cpp.obj
LOAD CMakeFiles/CradleFOC_os.elf.dir/Ctrl/motor.cpp.obj
LOAD CMakeFiles/CradleFOC_os.elf.dir/Drivers/STM32G4xx_HAL_Driver/Src/stm32g4xx_hal.c.obj
LOAD CMakeFiles/CradleFOC_os.elf.dir/Drivers/STM32G4xx_HAL_Driver/Src/stm32g4xx_hal_adc.c.obj
LOAD CMakeFiles/CradleFOC_os.elf.dir/Drivers/STM32G4xx_HAL_Driver/Src/stm32g4xx_hal_adc_ex.c.obj
LOAD CMakeFiles/CradleFOC_os.elf.dir/Drivers/STM32G4xx_HAL_Driver/Src/stm32g4xx_hal_cortex.c.obj
LOAD CMakeFiles/CradleFOC_os.elf.dir/Drivers/STM32G4xx_HAL_Driver/Src/stm32g4xx_hal_dma.c.obj
LOAD CMakeFiles/CradleFOC_os.elf.dir/Drivers/STM32G4xx_HAL_Driver/Src/stm32g4xx_hal_dma_ex.c.obj
LOAD CMakeFiles/CradleFOC_os.elf.dir/Drivers/STM32G4xx_HAL_Driver/Src/stm32g4xx_hal_exti.c.obj
LOAD CMakeFiles/CradleFOC_os.elf.dir/Drivers/STM32G4xx_HAL_Driver/Src/stm32g4xx_hal_flash.c.obj
LOAD CMakeFiles/CradleFOC_os.elf.dir/Drivers/STM32G4xx_HAL_Driver/Src/stm32g4xx_hal_flash_ex.c.obj
LOAD CMakeFiles/CradleFOC_os.elf.dir/Drivers/STM32G4xx_HAL_Driver/Src/stm32g4xx_hal_flash_ramfunc.c.obj
LOAD CMakeFiles/CradleFOC_os.elf.dir/Drivers/STM32G4xx_HAL_Driver/Src/stm32g4xx_hal_gpio.c.obj
LOAD CMakeFiles/CradleFOC_os.elf.dir/Drivers/STM32G4xx_HAL_Driver/Src/stm32g4xx_hal_opamp.c.obj
LOAD CMakeFiles/CradleFOC_os.elf.dir/Drivers/STM32G4xx_HAL_Driver/Src/stm32g4xx_hal_opamp_ex.c.obj
LOAD CMakeFiles/CradleFOC_os.elf.dir/Drivers/STM32G4xx_HAL_Driver/Src/stm32g4xx_hal_pwr.c.obj
LOAD CMakeFiles/CradleFOC_os.elf.dir/Drivers/STM32G4xx_HAL_Driver/Src/stm32g4xx_hal_pwr_ex.c.obj
LOAD CMakeFiles/CradleFOC_os.elf.dir/Drivers/STM32G4xx_HAL_Driver/Src/stm32g4xx_hal_rcc.c.obj
LOAD CMakeFiles/CradleFOC_os.elf.dir/Drivers/STM32G4xx_HAL_Driver/Src/stm32g4xx_hal_rcc_ex.c.obj
LOAD CMakeFiles/CradleFOC_os.elf.dir/Drivers/STM32G4xx_HAL_Driver/Src/stm32g4xx_hal_spi.c.obj
LOAD CMakeFiles/CradleFOC_os.elf.dir/Drivers/STM32G4xx_HAL_Driver/Src/stm32g4xx_hal_spi_ex.c.obj
LOAD CMakeFiles/CradleFOC_os.elf.dir/Drivers/STM32G4xx_HAL_Driver/Src/stm32g4xx_hal_tim.c.obj
LOAD CMakeFiles/CradleFOC_os.elf.dir/Drivers/STM32G4xx_HAL_Driver/Src/stm32g4xx_hal_tim_ex.c.obj
LOAD CMakeFiles/CradleFOC_os.elf.dir/Drivers/STM32G4xx_HAL_Driver/Src/stm32g4xx_hal_uart.c.obj
LOAD CMakeFiles/CradleFOC_os.elf.dir/Drivers/STM32G4xx_HAL_Driver/Src/stm32g4xx_hal_uart_ex.c.obj
LOAD CMakeFiles/CradleFOC_os.elf.dir/Drivers/STM32G4xx_HAL_Driver/Src/stm32g4xx_ll_adc.c.obj
LOAD CMakeFiles/CradleFOC_os.elf.dir/MT6701/MT6701.cpp.obj
LOAD CMakeFiles/CradleFOC_os.elf.dir/Middlewares/Third_Party/FreeRTOS/Source/CMSIS_RTOS/cmsis_os.c.obj
LOAD CMakeFiles/CradleFOC_os.elf.dir/Middlewares/Third_Party/FreeRTOS/Source/croutine.c.obj
LOAD CMakeFiles/CradleFOC_os.elf.dir/Middlewares/Third_Party/FreeRTOS/Source/event_groups.c.obj
LOAD CMakeFiles/CradleFOC_os.elf.dir/Middlewares/Third_Party/FreeRTOS/Source/list.c.obj
LOAD CMakeFiles/CradleFOC_os.elf.dir/Middlewares/Third_Party/FreeRTOS/Source/portable/GCC/ARM_CM4F/port.c.obj
LOAD CMakeFiles/CradleFOC_os.elf.dir/Middlewares/Third_Party/FreeRTOS/Source/portable/MemMang/heap_4.c.obj
LOAD CMakeFiles/CradleFOC_os.elf.dir/Middlewares/Third_Party/FreeRTOS/Source/queue.c.obj
LOAD CMakeFiles/CradleFOC_os.elf.dir/Middlewares/Third_Party/FreeRTOS/Source/stream_buffer.c.obj
LOAD CMakeFiles/CradleFOC_os.elf.dir/Middlewares/Third_Party/FreeRTOS/Source/tasks.c.obj
LOAD CMakeFiles/CradleFOC_os.elf.dir/Middlewares/Third_Party/FreeRTOS/Source/timers.c.obj
LOAD CMakeFiles/CradleFOC_os.elf.dir/UserAPP/Serial.cpp.obj
LOAD CMakeFiles/CradleFOC_os.elf.dir/UserAPP/UserAPP.cpp.obj
LOAD CMakeFiles/CradleFOC_os.elf.dir/Utils/adc_utils.cpp.obj
LOAD CMakeFiles/CradleFOC_os.elf.dir/Utils/math_utils.cpp.obj
LOAD CMakeFiles/CradleFOC_os.elf.dir/Utils/time_utils.cpp.obj
LOAD C:\Users\User\Desktop\CradleFOC_os\Middlewares\ST\ARM\DSP\Lib\libarm_cortexM4lf_math.a
LOAD d:/clion/gcc-arm-none-eabi-10.3-2021.10-win32/gcc-arm-none-eabi-10.3-2021.10/bin/../lib/gcc/arm-none-eabi/10.3.1/../../../../arm-none-eabi/lib/thumb/v7e-m+fp/hard\libstdc++.a
LOAD d:/clion/gcc-arm-none-eabi-10.3-2021.10-win32/gcc-arm-none-eabi-10.3-2021.10/bin/../lib/gcc/arm-none-eabi/10.3.1/../../../../arm-none-eabi/lib/thumb/v7e-m+fp/hard\libm.a
START GROUP
LOAD d:/clion/gcc-arm-none-eabi-10.3-2021.10-win32/gcc-arm-none-eabi-10.3-2021.10/bin/../lib/gcc/arm-none-eabi/10.3.1/thumb/v7e-m+fp/hard\libgcc.a
LOAD d:/clion/gcc-arm-none-eabi-10.3-2021.10-win32/gcc-arm-none-eabi-10.3-2021.10/bin/../lib/gcc/arm-none-eabi/10.3.1/../../../../arm-none-eabi/lib/thumb/v7e-m+fp/hard\libg.a
LOAD d:/clion/gcc-arm-none-eabi-10.3-2021.10-win32/gcc-arm-none-eabi-10.3-2021.10/bin/../lib/gcc/arm-none-eabi/10.3.1/../../../../arm-none-eabi/lib/thumb/v7e-m+fp/hard\libc.a
END GROUP
LOAD d:/clion/gcc-arm-none-eabi-10.3-2021.10-win32/gcc-arm-none-eabi-10.3-2021.10/bin/../lib/gcc/arm-none-eabi/10.3.1/thumb/v7e-m+fp/hard/crtend.o
LOAD d:/clion/gcc-arm-none-eabi-10.3-2021.10-win32/gcc-arm-none-eabi-10.3-2021.10/bin/../lib/gcc/arm-none-eabi/10.3.1/thumb/v7e-m+fp/hard/crtn.o
                0x20008000                _estack = (ORIGIN (RAM) + LENGTH (RAM))
                0x00000200                _Min_Heap_Size = 0x200
                0x00000400                _Min_Stack_Size = 0x400

.isr_vector     0x08000000      0x1d8
                0x08000000                . = ALIGN (0x4)
 *(.isr_vector)
 .isr_vector    0x08000000      0x1d8 CMakeFiles/CradleFOC_os.elf.dir/Core/Startup/startup_stm32g431cbux.s.obj
                0x08000000                g_pfnVectors
                0x080001d8                . = ALIGN (0x4)

.text           0x08000200    0x16604
                0x08000200                . = ALIGN (0x4)
 *(.text)
 .text          0x08000200       0x40 d:/clion/gcc-arm-none-eabi-10.3-2021.10-win32/gcc-arm-none-eabi-10.3-2021.10/bin/../lib/gcc/arm-none-eabi/10.3.1/thumb/v7e-m+fp/hard/crtbegin.o
 .text          0x08000240     0x5ee4 d:/clion/gcc-arm-none-eabi-10.3-2021.10-win32/gcc-arm-none-eabi-10.3-2021.10/bin/../lib/gcc/arm-none-eabi/10.3.1/../../../../arm-none-eabi/lib/thumb/v7e-m+fp/hard\libstdc++.a(cp-demangle.o)
                0x0800603c                __cxa_demangle
                0x08006100                __gcclibcxx_demangle_callback
 .text          0x08006124      0x378 d:/clion/gcc-arm-none-eabi-10.3-2021.10-win32/gcc-arm-none-eabi-10.3-2021.10/bin/../lib/gcc/arm-none-eabi/10.3.1/thumb/v7e-m+fp/hard\libgcc.a(_arm_addsubdf3.o)
                0x08006124                __aeabi_drsub
                0x0800612c                __aeabi_dsub
                0x0800612c                __subdf3
                0x08006130                __aeabi_dadd
                0x08006130                __adddf3
                0x080063a8                __floatunsidf
                0x080063a8                __aeabi_ui2d
                0x080063c8                __floatsidf
                0x080063c8                __aeabi_i2d
                0x080063ec                __aeabi_f2d
                0x080063ec                __extendsfdf2
                0x08006430                __floatundidf
                0x08006430                __aeabi_ul2d
                0x08006440                __floatdidf
                0x08006440                __aeabi_l2d
 .text          0x0800649c      0x424 d:/clion/gcc-arm-none-eabi-10.3-2021.10-win32/gcc-arm-none-eabi-10.3-2021.10/bin/../lib/gcc/arm-none-eabi/10.3.1/thumb/v7e-m+fp/hard\libgcc.a(_arm_muldivdf3.o)
                0x0800649c                __aeabi_dmul
                0x0800649c                __muldf3
                0x080066f0                __divdf3
                0x080066f0                __aeabi_ddiv
 .text          0x080068c0      0x110 d:/clion/gcc-arm-none-eabi-10.3-2021.10-win32/gcc-arm-none-eabi-10.3-2021.10/bin/../lib/gcc/arm-none-eabi/10.3.1/thumb/v7e-m+fp/hard\libgcc.a(_arm_cmpdf2.o)
                0x080068c0                __gtdf2
                0x080068c0                __gedf2
                0x080068c8                __ltdf2
                0x080068c8                __ledf2
                0x080068d0                __nedf2
                0x080068d0                __eqdf2
                0x080068d0                __cmpdf2
                0x0800694c                __aeabi_cdrcmple
                0x0800695c                __aeabi_cdcmpeq
                0x0800695c                __aeabi_cdcmple
                0x0800696c                __aeabi_dcmpeq
                0x08006980                __aeabi_dcmplt
                0x08006994                __aeabi_dcmple
                0x080069a8                __aeabi_dcmpge
                0x080069bc                __aeabi_dcmpgt
 .text          0x080069d0       0x2c d:/clion/gcc-arm-none-eabi-10.3-2021.10-win32/gcc-arm-none-eabi-10.3-2021.10/bin/../lib/gcc/arm-none-eabi/10.3.1/thumb/v7e-m+fp/hard\libgcc.a(_arm_unorddf2.o)
                0x080069d0                __unorddf2
                0x080069d0                __aeabi_dcmpun
 .text          0x080069fc       0xa0 d:/clion/gcc-arm-none-eabi-10.3-2021.10-win32/gcc-arm-none-eabi-10.3-2021.10/bin/../lib/gcc/arm-none-eabi/10.3.1/thumb/v7e-m+fp/hard\libgcc.a(_arm_truncdfsf2.o)
                0x080069fc                __truncdfsf2
                0x080069fc                __aeabi_d2f
 .text          0x08006a9c       0x30 d:/clion/gcc-arm-none-eabi-10.3-2021.10-win32/gcc-arm-none-eabi-10.3-2021.10/bin/../lib/gcc/arm-none-eabi/10.3.1/thumb/v7e-m+fp/hard\libgcc.a(_aeabi_uldivmod.o)
                0x08006a9c                __aeabi_uldivmod
 .text          0x08006acc      0x2d0 d:/clion/gcc-arm-none-eabi-10.3-2021.10-win32/gcc-arm-none-eabi-10.3-2021.10/bin/../lib/gcc/arm-none-eabi/10.3.1/thumb/v7e-m+fp/hard\libgcc.a(_udivmoddi4.o)
                0x08006acc                __udivmoddi4
 .text          0x08006d9c      0x9d8 d:/clion/gcc-arm-none-eabi-10.3-2021.10-win32/gcc-arm-none-eabi-10.3-2021.10/bin/../lib/gcc/arm-none-eabi/10.3.1/thumb/v7e-m+fp/hard\libgcc.a(unwind-arm.o)
                0x08007044                _Unwind_GetCFA
                0x08007048                __gnu_Unwind_RaiseException
                0x080070b0                __gnu_Unwind_ForcedUnwind
                0x080070c0                __gnu_Unwind_Resume
                0x08007104                __gnu_Unwind_Resume_or_Rethrow
                0x08007114                _Unwind_Complete
                0x08007118                _Unwind_DeleteException
                0x08007124                _Unwind_VRS_Get
                0x08007170                _Unwind_VRS_Set
                0x080071b8                __gnu_Unwind_Backtrace
                0x080074e4                __aeabi_unwind_cpp_pr0
                0x080074e8                __aeabi_unwind_cpp_pr1
                0x080074ec                __aeabi_unwind_cpp_pr2
                0x080074f0                _Unwind_VRS_Pop
 .text          0x08007774      0x1ac d:/clion/gcc-arm-none-eabi-10.3-2021.10-win32/gcc-arm-none-eabi-10.3-2021.10/bin/../lib/gcc/arm-none-eabi/10.3.1/thumb/v7e-m+fp/hard\libgcc.a(libunwind.o)
                0x08007774                __restore_core_regs
                0x08007774                restore_core_regs
                0x0800778c                __gnu_Unwind_Restore_VFP
                0x08007794                __gnu_Unwind_Save_VFP
                0x0800779c                __gnu_Unwind_Restore_VFP_D
                0x080077a4                __gnu_Unwind_Save_VFP_D
                0x080077ac                __gnu_Unwind_Restore_VFP_D_16_to_31
                0x080077b4                __gnu_Unwind_Save_VFP_D_16_to_31
                0x080077bc                __gnu_Unwind_Restore_WMMXD
                0x08007800                __gnu_Unwind_Save_WMMXD
                0x08007844                __gnu_Unwind_Restore_WMMXC
                0x08007858                __gnu_Unwind_Save_WMMXC
                0x0800786c                ___Unwind_RaiseException
                0x0800786c                _Unwind_RaiseException
                0x08007890                _Unwind_Resume
                0x08007890                ___Unwind_Resume
                0x080078b4                _Unwind_Resume_or_Rethrow
                0x080078b4                ___Unwind_Resume_or_Rethrow
                0x080078d8                _Unwind_ForcedUnwind
                0x080078d8                ___Unwind_ForcedUnwind
                0x080078fc                ___Unwind_Backtrace
                0x080078fc                _Unwind_Backtrace
 .text          0x08007920      0x350 d:/clion/gcc-arm-none-eabi-10.3-2021.10-win32/gcc-arm-none-eabi-10.3-2021.10/bin/../lib/gcc/arm-none-eabi/10.3.1/thumb/v7e-m+fp/hard\libgcc.a(pr-support.o)
                0x08007978                __gnu_unwind_execute
                0x08007c24                __gnu_unwind_frame
                0x08007c50                _Unwind_GetRegionStart
                0x08007c5c                _Unwind_GetLanguageSpecificData
 .text          0x08007c70        0x4 d:/clion/gcc-arm-none-eabi-10.3-2021.10-win32/gcc-arm-none-eabi-10.3-2021.10/bin/../lib/gcc/arm-none-eabi/10.3.1/thumb/v7e-m+fp/hard\libgcc.a(_dvmd_tls.o)
                0x08007c70                __aeabi_idiv0
                0x08007c70                __aeabi_ldiv0
 *fill*         0x08007c74        0xc 
 .text          0x08007c80       0xa0 d:/clion/gcc-arm-none-eabi-10.3-2021.10-win32/gcc-arm-none-eabi-10.3-2021.10/bin/../lib/gcc/arm-none-eabi/10.3.1/../../../../arm-none-eabi/lib/thumb/v7e-m+fp/hard\libg.a(lib_a-memchr.o)
                0x08007c80                memchr
 .text          0x08007d20      0x134 d:/clion/gcc-arm-none-eabi-10.3-2021.10-win32/gcc-arm-none-eabi-10.3-2021.10/bin/../lib/gcc/arm-none-eabi/10.3.1/../../../../arm-none-eabi/lib/thumb/v7e-m+fp/hard\libg.a(lib_a-memcpy.o)
                0x08007d20                memcpy
 *fill*         0x08007e54        0xc 
 .text          0x08007e60      0x2dc d:/clion/gcc-arm-none-eabi-10.3-2021.10-win32/gcc-arm-none-eabi-10.3-2021.10/bin/../lib/gcc/arm-none-eabi/10.3.1/../../../../arm-none-eabi/lib/thumb/v7e-m+fp/hard\libg.a(lib_a-strcmp.o)
                0x08007e68                strcmp
 *fill*         0x0800813c        0x4 
 .text          0x08008140       0xdc d:/clion/gcc-arm-none-eabi-10.3-2021.10-win32/gcc-arm-none-eabi-10.3-2021.10/bin/../lib/gcc/arm-none-eabi/10.3.1/../../../../arm-none-eabi/lib/thumb/v7e-m+fp/hard\libg.a(lib_a-strlen.o)
                0x08008140                strlen
 .text          0x0800821c       0x50 d:/clion/gcc-arm-none-eabi-10.3-2021.10-win32/gcc-arm-none-eabi-10.3-2021.10/bin/../lib/gcc/arm-none-eabi/10.3.1/thumb/v7e-m+fp/hard\libgcc.a(_arm_fixdfsi.o)
                0x0800821c                __aeabi_d2iz
                0x0800821c                __fixdfsi
 *(.text*)
 .text.MX_ADC1_Init
                0x0800826c      0x158 CMakeFiles/CradleFOC_os.elf.dir/Core/Src/adc.c.obj
                0x0800826c                MX_ADC1_Init
 .text.MX_ADC2_Init
                0x080083c4      0x124 CMakeFiles/CradleFOC_os.elf.dir/Core/Src/adc.c.obj
                0x080083c4                MX_ADC2_Init
 .text.HAL_ADC_MspInit
                0x080084e8      0x218 CMakeFiles/CradleFOC_os.elf.dir/Core/Src/adc.c.obj
                0x080084e8                HAL_ADC_MspInit
 .text.StartDefaultTask
                0x08008700        0xa CMakeFiles/CradleFOC_os.elf.dir/Core/Src/app_freertos.c.obj
                0x08008700                StartDefaultTask
 .text.FOC_LOG  0x0800870a        0xe CMakeFiles/CradleFOC_os.elf.dir/Core/Src/app_freertos.c.obj
                0x0800870a                FOC_LOG
 .text.KEY_USER
                0x08008718        0xe CMakeFiles/CradleFOC_os.elf.dir/Core/Src/app_freertos.c.obj
                0x08008718                KEY_USER
 .text.FOC      0x08008726        0xe CMakeFiles/CradleFOC_os.elf.dir/Core/Src/app_freertos.c.obj
                0x08008726                FOC
 .text.MX_FREERTOS_Init
                0x08008734       0xb0 CMakeFiles/CradleFOC_os.elf.dir/Core/Src/app_freertos.c.obj
                0x08008734                MX_FREERTOS_Init
 .text.MX_DMA_Init
                0x080087e4       0x64 CMakeFiles/CradleFOC_os.elf.dir/Core/Src/dma.c.obj
                0x080087e4                MX_DMA_Init
 .text.MX_GPIO_Init
                0x08008848       0xd8 CMakeFiles/CradleFOC_os.elf.dir/Core/Src/gpio.c.obj
                0x08008848                MX_GPIO_Init
 .text.HAL_TIM_PeriodElapsedCallback
                0x08008920       0x18 CMakeFiles/CradleFOC_os.elf.dir/Core/Src/main.c.obj
                0x08008920                HAL_TIM_PeriodElapsedCallback
 .text.Error_Handler
                0x08008938        0x4 CMakeFiles/CradleFOC_os.elf.dir/Core/Src/main.c.obj
                0x08008938                Error_Handler
 .text.SystemClock_Config
                0x0800893c       0x70 CMakeFiles/CradleFOC_os.elf.dir/Core/Src/main.c.obj
                0x0800893c                SystemClock_Config
 .text.main     0x080089ac       0x40 CMakeFiles/CradleFOC_os.elf.dir/Core/Src/main.c.obj
                0x080089ac                main
 .text.MX_OPAMP1_Init
                0x080089ec       0x30 CMakeFiles/CradleFOC_os.elf.dir/Core/Src/opamp.c.obj
                0x080089ec                MX_OPAMP1_Init
 .text.MX_OPAMP2_Init
                0x08008a1c       0x30 CMakeFiles/CradleFOC_os.elf.dir/Core/Src/opamp.c.obj
                0x08008a1c                MX_OPAMP2_Init
 .text.MX_OPAMP3_Init
                0x08008a4c       0x30 CMakeFiles/CradleFOC_os.elf.dir/Core/Src/opamp.c.obj
                0x08008a4c                MX_OPAMP3_Init
 .text.HAL_OPAMP_MspInit
                0x08008a7c       0xb8 CMakeFiles/CradleFOC_os.elf.dir/Core/Src/opamp.c.obj
                0x08008a7c                HAL_OPAMP_MspInit
 .text.MX_SPI1_Init
                0x08008b34       0x50 CMakeFiles/CradleFOC_os.elf.dir/Core/Src/spi.c.obj
                0x08008b34                MX_SPI1_Init
 .text.HAL_SPI_MspInit
                0x08008b84       0x64 CMakeFiles/CradleFOC_os.elf.dir/Core/Src/spi.c.obj
                0x08008b84                HAL_SPI_MspInit
 .text.HAL_MspInit
                0x08008be8       0x44 CMakeFiles/CradleFOC_os.elf.dir/Core/Src/stm32g4xx_hal_msp.c.obj
                0x08008be8                HAL_MspInit
 .text.HAL_InitTick
                0x08008c2c       0x94 CMakeFiles/CradleFOC_os.elf.dir/Core/Src/stm32g4xx_hal_timebase_tim.c.obj
                0x08008c2c                HAL_InitTick
 .text.NMI_Handler
                0x08008cc0        0x2 CMakeFiles/CradleFOC_os.elf.dir/Core/Src/stm32g4xx_it.c.obj
                0x08008cc0                NMI_Handler
 .text.HardFault_Handler
                0x08008cc2        0x2 CMakeFiles/CradleFOC_os.elf.dir/Core/Src/stm32g4xx_it.c.obj
                0x08008cc2                HardFault_Handler
 .text.MemManage_Handler
                0x08008cc4        0x2 CMakeFiles/CradleFOC_os.elf.dir/Core/Src/stm32g4xx_it.c.obj
                0x08008cc4                MemManage_Handler
 .text.BusFault_Handler
                0x08008cc6        0x2 CMakeFiles/CradleFOC_os.elf.dir/Core/Src/stm32g4xx_it.c.obj
                0x08008cc6                BusFault_Handler
 .text.UsageFault_Handler
                0x08008cc8        0x2 CMakeFiles/CradleFOC_os.elf.dir/Core/Src/stm32g4xx_it.c.obj
                0x08008cc8                UsageFault_Handler
 .text.DebugMon_Handler
                0x08008cca        0x2 CMakeFiles/CradleFOC_os.elf.dir/Core/Src/stm32g4xx_it.c.obj
                0x08008cca                DebugMon_Handler
 .text.DMA1_Channel1_IRQHandler
                0x08008ccc       0x10 CMakeFiles/CradleFOC_os.elf.dir/Core/Src/stm32g4xx_it.c.obj
                0x08008ccc                DMA1_Channel1_IRQHandler
 .text.DMA1_Channel2_IRQHandler
                0x08008cdc       0x10 CMakeFiles/CradleFOC_os.elf.dir/Core/Src/stm32g4xx_it.c.obj
                0x08008cdc                DMA1_Channel2_IRQHandler
 .text.DMA1_Channel3_IRQHandler
                0x08008cec       0x10 CMakeFiles/CradleFOC_os.elf.dir/Core/Src/stm32g4xx_it.c.obj
                0x08008cec                DMA1_Channel3_IRQHandler
 .text.ADC1_2_IRQHandler
                0x08008cfc       0x18 CMakeFiles/CradleFOC_os.elf.dir/Core/Src/stm32g4xx_it.c.obj
                0x08008cfc                ADC1_2_IRQHandler
 .text.TIM3_IRQHandler
                0x08008d14       0x10 CMakeFiles/CradleFOC_os.elf.dir/Core/Src/stm32g4xx_it.c.obj
                0x08008d14                TIM3_IRQHandler
 .text.USART1_IRQHandler
                0x08008d24       0x10 CMakeFiles/CradleFOC_os.elf.dir/Core/Src/stm32g4xx_it.c.obj
                0x08008d24                USART1_IRQHandler
 .text.EXTI15_10_IRQHandler
                0x08008d34       0x14 CMakeFiles/CradleFOC_os.elf.dir/Core/Src/stm32g4xx_it.c.obj
                0x08008d34                EXTI15_10_IRQHandler
 .text._getpid  0x08008d48        0x4 CMakeFiles/CradleFOC_os.elf.dir/Core/Src/syscalls.c.obj
                0x08008d48                _getpid
 .text._kill    0x08008d4c       0x10 CMakeFiles/CradleFOC_os.elf.dir/Core/Src/syscalls.c.obj
                0x08008d4c                _kill
 .text._exit    0x08008d5c        0xc CMakeFiles/CradleFOC_os.elf.dir/Core/Src/syscalls.c.obj
                0x08008d5c                _exit
 .text._read    0x08008d68       0x20 CMakeFiles/CradleFOC_os.elf.dir/Core/Src/syscalls.c.obj
                0x08008d68                _read
 .text._write   0x08008d88       0x1c CMakeFiles/CradleFOC_os.elf.dir/Core/Src/syscalls.c.obj
                0x08008d88                _write
 .text._close   0x08008da4        0x6 CMakeFiles/CradleFOC_os.elf.dir/Core/Src/syscalls.c.obj
                0x08008da4                _close
 .text._fstat   0x08008daa        0xa CMakeFiles/CradleFOC_os.elf.dir/Core/Src/syscalls.c.obj
                0x08008daa                _fstat
 .text._isatty  0x08008db4        0x4 CMakeFiles/CradleFOC_os.elf.dir/Core/Src/syscalls.c.obj
                0x08008db4                _isatty
 .text._lseek   0x08008db8        0x4 CMakeFiles/CradleFOC_os.elf.dir/Core/Src/syscalls.c.obj
                0x08008db8                _lseek
 .text._sbrk    0x08008dbc       0x48 CMakeFiles/CradleFOC_os.elf.dir/Core/Src/sysmem.c.obj
                0x08008dbc                _sbrk
 .text.SystemInit
                0x08008e04       0x14 CMakeFiles/CradleFOC_os.elf.dir/Core/Src/system_stm32g4xx.c.obj
                0x08008e04                SystemInit
 .text.MX_TIM2_Init
                0x08008e18       0xac CMakeFiles/CradleFOC_os.elf.dir/Core/Src/tim.c.obj
                0x08008e18                MX_TIM2_Init
 .text.HAL_TIM_Base_MspInit
                0x08008ec4       0x4c CMakeFiles/CradleFOC_os.elf.dir/Core/Src/tim.c.obj
                0x08008ec4                HAL_TIM_Base_MspInit
 .text.HAL_TIM_MspPostInit
                0x08008f10       0x54 CMakeFiles/CradleFOC_os.elf.dir/Core/Src/tim.c.obj
                0x08008f10                HAL_TIM_MspPostInit
 .text.MX_TIM1_Init
                0x08008f64      0x144 CMakeFiles/CradleFOC_os.elf.dir/Core/Src/tim.c.obj
                0x08008f64                MX_TIM1_Init
 .text.MX_USART1_UART_Init
                0x080090a8       0x68 CMakeFiles/CradleFOC_os.elf.dir/Core/Src/usart.c.obj
                0x080090a8                MX_USART1_UART_Init
 .text.HAL_UART_MspInit
                0x08009110       0xd0 CMakeFiles/CradleFOC_os.elf.dir/Core/Src/usart.c.obj
                0x08009110                HAL_UART_MspInit
 .text.Reset_Handler
                0x080091e0       0x50 CMakeFiles/CradleFOC_os.elf.dir/Core/Startup/startup_stm32g431cbux.s.obj
                0x080091e0                Reset_Handler
 .text.Default_Handler
                0x08009230        0x2 CMakeFiles/CradleFOC_os.elf.dir/Core/Startup/startup_stm32g431cbux.s.obj
                0x08009230                RTC_Alarm_IRQHandler
                0x08009230                EXTI2_IRQHandler
                0x08009230                TIM8_TRG_COM_IRQHandler
                0x08009230                TIM8_CC_IRQHandler
                0x08009230                TIM1_CC_IRQHandler
                0x08009230                USB_HP_IRQHandler
                0x08009230                CORDIC_IRQHandler
                0x08009230                EXTI3_IRQHandler
                0x08009230                I2C3_ER_IRQHandler
                0x08009230                EXTI0_IRQHandler
                0x08009230                I2C2_EV_IRQHandler
                0x08009230                FPU_IRQHandler
                0x08009230                FDCAN1_IT1_IRQHandler
                0x08009230                TIM1_UP_TIM16_IRQHandler
                0x08009230                SPI1_IRQHandler
                0x08009230                TIM6_DAC_IRQHandler
                0x08009230                TIM8_UP_IRQHandler
                0x08009230                DMA2_Channel2_IRQHandler
                0x08009230                DMA1_Channel4_IRQHandler
                0x08009230                USART3_IRQHandler
                0x08009230                TIM4_IRQHandler
                0x08009230                DMA2_Channel1_IRQHandler
                0x08009230                I2C1_EV_IRQHandler
                0x08009230                DMA1_Channel6_IRQHandler
                0x08009230                UART4_IRQHandler
                0x08009230                DMA2_Channel4_IRQHandler
                0x08009230                RCC_IRQHandler
                0x08009230                Default_Handler
                0x08009230                RTC_TAMP_LSECSS_IRQHandler
                0x08009230                FMAC_IRQHandler
                0x08009230                TIM7_IRQHandler
                0x08009230                UCPD1_IRQHandler
                0x08009230                I2C3_EV_IRQHandler
                0x08009230                EXTI9_5_IRQHandler
                0x08009230                RTC_WKUP_IRQHandler
                0x08009230                PVD_PVM_IRQHandler
                0x08009230                SPI2_IRQHandler
                0x08009230                DMA2_Channel5_IRQHandler
                0x08009230                CRS_IRQHandler
                0x08009230                DMA1_Channel5_IRQHandler
                0x08009230                USB_LP_IRQHandler
                0x08009230                EXTI4_IRQHandler
                0x08009230                RNG_IRQHandler
                0x08009230                TIM1_TRG_COM_TIM17_IRQHandler
                0x08009230                WWDG_IRQHandler
                0x08009230                LPUART1_IRQHandler
                0x08009230                DMA2_Channel6_IRQHandler
                0x08009230                FDCAN1_IT0_IRQHandler
                0x08009230                TIM2_IRQHandler
                0x08009230                COMP1_2_3_IRQHandler
                0x08009230                EXTI1_IRQHandler
                0x08009230                USART2_IRQHandler
                0x08009230                I2C2_ER_IRQHandler
                0x08009230                TIM8_BRK_IRQHandler
                0x08009230                FLASH_IRQHandler
                0x08009230                SPI3_IRQHandler
                0x08009230                I2C1_ER_IRQHandler
                0x08009230                LPTIM1_IRQHandler
                0x08009230                DMAMUX_OVR_IRQHandler
                0x08009230                USBWakeUp_IRQHandler
                0x08009230                SAI1_IRQHandler
                0x08009230                DMA2_Channel3_IRQHandler
                0x08009230                COMP4_IRQHandler
                0x08009230                TIM1_BRK_TIM15_IRQHandler
 *fill*         0x08009232        0x2 
 .text._Z8delay_usm
                0x08009234       0x24 CMakeFiles/CradleFOC_os.elf.dir/Ctrl/Button.cpp.obj
                0x08009234                delay_us(unsigned long)
 .text._Z8key_scanP12GPIO_TypeDeft
                0x08009258       0x40 CMakeFiles/CradleFOC_os.elf.dir/Ctrl/Button.cpp.obj
                0x08009258                key_scan(GPIO_TypeDef*, unsigned short)
 .text.HAL_GPIO_EXTI_Callback
                0x08009298       0x58 CMakeFiles/CradleFOC_os.elf.dir/Ctrl/Button.cpp.obj
                0x08009298                HAL_GPIO_EXTI_Callback
 .text._Z13start_TIM_CHxv
                0x080092f0       0x24 CMakeFiles/CradleFOC_os.elf.dir/Ctrl/SVPWM.cpp.obj
                0x080092f0                start_TIM_CHx()
 .text._Z12stop_TIM_CHxv
                0x08009314       0x24 CMakeFiles/CradleFOC_os.elf.dir/Ctrl/SVPWM.cpp.obj
                0x08009314                stop_TIM_CHx()
 .text._Z15setPhaseVoltagefff
                0x08009338      0x18c CMakeFiles/CradleFOC_os.elf.dir/Ctrl/SVPWM.cpp.obj
                0x08009338                setPhaseVoltage(float, float, float)
 .text._Z19open_velocity_test1f
                0x080094c4       0x34 CMakeFiles/CradleFOC_os.elf.dir/Ctrl/motor.cpp.obj
                0x080094c4                open_velocity_test1(float)
 .text.HAL_Init
                0x080094f8       0x1e CMakeFiles/CradleFOC_os.elf.dir/Drivers/STM32G4xx_HAL_Driver/Src/stm32g4xx_hal.c.obj
                0x080094f8                HAL_Init
 *fill*         0x08009516        0x2 
 .text.HAL_IncTick
                0x08009518       0x18 CMakeFiles/CradleFOC_os.elf.dir/Drivers/STM32G4xx_HAL_Driver/Src/stm32g4xx_hal.c.obj
                0x08009518                HAL_IncTick
 .text.HAL_GetTick
                0x08009530        0xc CMakeFiles/CradleFOC_os.elf.dir/Drivers/STM32G4xx_HAL_Driver/Src/stm32g4xx_hal.c.obj
                0x08009530                HAL_GetTick
 .text.HAL_Delay
                0x0800953c       0x28 CMakeFiles/CradleFOC_os.elf.dir/Drivers/STM32G4xx_HAL_Driver/Src/stm32g4xx_hal.c.obj
                0x0800953c                HAL_Delay
 .text.HAL_ADC_Init
                0x08009564      0x234 CMakeFiles/CradleFOC_os.elf.dir/Drivers/STM32G4xx_HAL_Driver/Src/stm32g4xx_hal_adc.c.obj
                0x08009564                HAL_ADC_Init
 .text.HAL_ADC_ConvHalfCpltCallback
                0x08009798        0x2 CMakeFiles/CradleFOC_os.elf.dir/Drivers/STM32G4xx_HAL_Driver/Src/stm32g4xx_hal_adc.c.obj
                0x08009798                HAL_ADC_ConvHalfCpltCallback
 .text.ADC_DMAHalfConvCplt
                0x0800979a        0xa CMakeFiles/CradleFOC_os.elf.dir/Drivers/STM32G4xx_HAL_Driver/Src/stm32g4xx_hal_adc.c.obj
                0x0800979a                ADC_DMAHalfConvCplt
 .text.HAL_ADC_LevelOutOfWindowCallback
                0x080097a4        0x2 CMakeFiles/CradleFOC_os.elf.dir/Drivers/STM32G4xx_HAL_Driver/Src/stm32g4xx_hal_adc.c.obj
                0x080097a4                HAL_ADC_LevelOutOfWindowCallback
 .text.HAL_ADC_ErrorCallback
                0x080097a6        0x2 CMakeFiles/CradleFOC_os.elf.dir/Drivers/STM32G4xx_HAL_Driver/Src/stm32g4xx_hal_adc.c.obj
                0x080097a6                HAL_ADC_ErrorCallback
 .text.HAL_ADC_IRQHandler
                0x080097a8      0x294 CMakeFiles/CradleFOC_os.elf.dir/Drivers/STM32G4xx_HAL_Driver/Src/stm32g4xx_hal_adc.c.obj
                0x080097a8                HAL_ADC_IRQHandler
 .text.ADC_DMAConvCplt
                0x08009a3c       0x88 CMakeFiles/CradleFOC_os.elf.dir/Drivers/STM32G4xx_HAL_Driver/Src/stm32g4xx_hal_adc.c.obj
                0x08009a3c                ADC_DMAConvCplt
 .text.ADC_DMAError
                0x08009ac4       0x1a CMakeFiles/CradleFOC_os.elf.dir/Drivers/STM32G4xx_HAL_Driver/Src/stm32g4xx_hal_adc.c.obj
                0x08009ac4                ADC_DMAError
 *fill*         0x08009ade        0x2 
 .text.HAL_ADC_ConfigChannel
                0x08009ae0      0x4e4 CMakeFiles/CradleFOC_os.elf.dir/Drivers/STM32G4xx_HAL_Driver/Src/stm32g4xx_hal_adc.c.obj
                0x08009ae0                HAL_ADC_ConfigChannel
 .text.ADC_Enable
                0x08009fc4       0xdc CMakeFiles/CradleFOC_os.elf.dir/Drivers/STM32G4xx_HAL_Driver/Src/stm32g4xx_hal_adc.c.obj
                0x08009fc4                ADC_Enable
 .text.HAL_ADC_Start_DMA
                0x0800a0a0      0x104 CMakeFiles/CradleFOC_os.elf.dir/Drivers/STM32G4xx_HAL_Driver/Src/stm32g4xx_hal_adc.c.obj
                0x0800a0a0                HAL_ADC_Start_DMA
 .text.ADC_Disable
                0x0800a1a4       0x94 CMakeFiles/CradleFOC_os.elf.dir/Drivers/STM32G4xx_HAL_Driver/Src/stm32g4xx_hal_adc.c.obj
                0x0800a1a4                ADC_Disable
 .text.HAL_ADCEx_Calibration_Start
                0x0800a238       0x9c CMakeFiles/CradleFOC_os.elf.dir/Drivers/STM32G4xx_HAL_Driver/Src/stm32g4xx_hal_adc_ex.c.obj
                0x0800a238                HAL_ADCEx_Calibration_Start
 .text.HAL_ADCEx_InjectedStart
                0x0800a2d4       0xf0 CMakeFiles/CradleFOC_os.elf.dir/Drivers/STM32G4xx_HAL_Driver/Src/stm32g4xx_hal_adc_ex.c.obj
                0x0800a2d4                HAL_ADCEx_InjectedStart
 .text.HAL_ADCEx_InjectedStart_IT
                0x0800a3c4      0x134 CMakeFiles/CradleFOC_os.elf.dir/Drivers/STM32G4xx_HAL_Driver/Src/stm32g4xx_hal_adc_ex.c.obj
                0x0800a3c4                HAL_ADCEx_InjectedStart_IT
 .text.HAL_ADCEx_InjectedQueueOverflowCallback
                0x0800a4f8        0x2 CMakeFiles/CradleFOC_os.elf.dir/Drivers/STM32G4xx_HAL_Driver/Src/stm32g4xx_hal_adc_ex.c.obj
                0x0800a4f8                HAL_ADCEx_InjectedQueueOverflowCallback
 .text.HAL_ADCEx_LevelOutOfWindow2Callback
                0x0800a4fa        0x2 CMakeFiles/CradleFOC_os.elf.dir/Drivers/STM32G4xx_HAL_Driver/Src/stm32g4xx_hal_adc_ex.c.obj
                0x0800a4fa                HAL_ADCEx_LevelOutOfWindow2Callback
 .text.HAL_ADCEx_LevelOutOfWindow3Callback
                0x0800a4fc        0x2 CMakeFiles/CradleFOC_os.elf.dir/Drivers/STM32G4xx_HAL_Driver/Src/stm32g4xx_hal_adc_ex.c.obj
                0x0800a4fc                HAL_ADCEx_LevelOutOfWindow3Callback
 .text.HAL_ADCEx_EndOfSamplingCallback
                0x0800a4fe        0x2 CMakeFiles/CradleFOC_os.elf.dir/Drivers/STM32G4xx_HAL_Driver/Src/stm32g4xx_hal_adc_ex.c.obj
                0x0800a4fe                HAL_ADCEx_EndOfSamplingCallback
 .text.HAL_ADCEx_InjectedConfigChannel
                0x0800a500      0x620 CMakeFiles/CradleFOC_os.elf.dir/Drivers/STM32G4xx_HAL_Driver/Src/stm32g4xx_hal_adc_ex.c.obj
                0x0800a500                HAL_ADCEx_InjectedConfigChannel
 .text.HAL_ADCEx_MultiModeConfigChannel
                0x0800ab20      0x114 CMakeFiles/CradleFOC_os.elf.dir/Drivers/STM32G4xx_HAL_Driver/Src/stm32g4xx_hal_adc_ex.c.obj
                0x0800ab20                HAL_ADCEx_MultiModeConfigChannel
 .text.HAL_NVIC_SetPriorityGrouping
                0x0800ac34       0x24 CMakeFiles/CradleFOC_os.elf.dir/Drivers/STM32G4xx_HAL_Driver/Src/stm32g4xx_hal_cortex.c.obj
                0x0800ac34                HAL_NVIC_SetPriorityGrouping
 .text.HAL_NVIC_SetPriority
                0x0800ac58       0x70 CMakeFiles/CradleFOC_os.elf.dir/Drivers/STM32G4xx_HAL_Driver/Src/stm32g4xx_hal_cortex.c.obj
                0x0800ac58                HAL_NVIC_SetPriority
 .text.HAL_NVIC_EnableIRQ
                0x0800acc8       0x1c CMakeFiles/CradleFOC_os.elf.dir/Drivers/STM32G4xx_HAL_Driver/Src/stm32g4xx_hal_cortex.c.obj
                0x0800acc8                HAL_NVIC_EnableIRQ
 .text.HAL_NVIC_DisableIRQ
                0x0800ace4       0x24 CMakeFiles/CradleFOC_os.elf.dir/Drivers/STM32G4xx_HAL_Driver/Src/stm32g4xx_hal_cortex.c.obj
                0x0800ace4                HAL_NVIC_DisableIRQ
 .text.DMA_SetConfig
                0x0800ad08       0x42 CMakeFiles/CradleFOC_os.elf.dir/Drivers/STM32G4xx_HAL_Driver/Src/stm32g4xx_hal_dma.c.obj
 *fill*         0x0800ad4a        0x2 
 .text.DMA_CalcDMAMUXChannelBaseAndMask
                0x0800ad4c       0x48 CMakeFiles/CradleFOC_os.elf.dir/Drivers/STM32G4xx_HAL_Driver/Src/stm32g4xx_hal_dma.c.obj
 .text.DMA_CalcDMAMUXRequestGenBaseAndMask
                0x0800ad94       0x28 CMakeFiles/CradleFOC_os.elf.dir/Drivers/STM32G4xx_HAL_Driver/Src/stm32g4xx_hal_dma.c.obj
 .text.HAL_DMA_Init
                0x0800adbc       0xd8 CMakeFiles/CradleFOC_os.elf.dir/Drivers/STM32G4xx_HAL_Driver/Src/stm32g4xx_hal_dma.c.obj
                0x0800adbc                HAL_DMA_Init
 .text.HAL_DMA_Start_IT
                0x0800ae94       0x94 CMakeFiles/CradleFOC_os.elf.dir/Drivers/STM32G4xx_HAL_Driver/Src/stm32g4xx_hal_dma.c.obj
                0x0800ae94                HAL_DMA_Start_IT
 .text.HAL_DMA_Abort
                0x0800af28       0x6c CMakeFiles/CradleFOC_os.elf.dir/Drivers/STM32G4xx_HAL_Driver/Src/stm32g4xx_hal_dma.c.obj
                0x0800af28                HAL_DMA_Abort
 .text.HAL_DMA_Abort_IT
                0x0800af94       0x7e CMakeFiles/CradleFOC_os.elf.dir/Drivers/STM32G4xx_HAL_Driver/Src/stm32g4xx_hal_dma.c.obj
                0x0800af94                HAL_DMA_Abort_IT
 .text.HAL_DMA_IRQHandler
                0x0800b012       0xc4 CMakeFiles/CradleFOC_os.elf.dir/Drivers/STM32G4xx_HAL_Driver/Src/stm32g4xx_hal_dma.c.obj
                0x0800b012                HAL_DMA_IRQHandler
 *fill*         0x0800b0d6        0x2 
 .text.HAL_GPIO_Init
                0x0800b0d8      0x1d4 CMakeFiles/CradleFOC_os.elf.dir/Drivers/STM32G4xx_HAL_Driver/Src/stm32g4xx_hal_gpio.c.obj
                0x0800b0d8                HAL_GPIO_Init
 .text.HAL_GPIO_ReadPin
                0x0800b2ac        0xe CMakeFiles/CradleFOC_os.elf.dir/Drivers/STM32G4xx_HAL_Driver/Src/stm32g4xx_hal_gpio.c.obj
                0x0800b2ac                HAL_GPIO_ReadPin
 .text.HAL_GPIO_WritePin
                0x0800b2ba        0xa CMakeFiles/CradleFOC_os.elf.dir/Drivers/STM32G4xx_HAL_Driver/Src/stm32g4xx_hal_gpio.c.obj
                0x0800b2ba                HAL_GPIO_WritePin
 .text.HAL_GPIO_EXTI_IRQHandler
                0x0800b2c4       0x1c CMakeFiles/CradleFOC_os.elf.dir/Drivers/STM32G4xx_HAL_Driver/Src/stm32g4xx_hal_gpio.c.obj
                0x0800b2c4                HAL_GPIO_EXTI_IRQHandler
 .text.HAL_OPAMP_Init
                0x0800b2e0      0x128 CMakeFiles/CradleFOC_os.elf.dir/Drivers/STM32G4xx_HAL_Driver/Src/stm32g4xx_hal_opamp.c.obj
                0x0800b2e0                HAL_OPAMP_Init
 .text.HAL_OPAMP_Start
                0x0800b408       0x36 CMakeFiles/CradleFOC_os.elf.dir/Drivers/STM32G4xx_HAL_Driver/Src/stm32g4xx_hal_opamp.c.obj
                0x0800b408                HAL_OPAMP_Start
 *fill*         0x0800b43e        0x2 
 .text.HAL_PWREx_ControlVoltageScaling
                0x0800b440      0x10c CMakeFiles/CradleFOC_os.elf.dir/Drivers/STM32G4xx_HAL_Driver/Src/stm32g4xx_hal_pwr_ex.c.obj
                0x0800b440                HAL_PWREx_ControlVoltageScaling
 .text.HAL_PWREx_DisableUCPDDeadBattery
                0x0800b54c       0x10 CMakeFiles/CradleFOC_os.elf.dir/Drivers/STM32G4xx_HAL_Driver/Src/stm32g4xx_hal_pwr_ex.c.obj
                0x0800b54c                HAL_PWREx_DisableUCPDDeadBattery
 .text.RCC_GetSysClockFreqFromPLLSource
                0x0800b55c       0x58 CMakeFiles/CradleFOC_os.elf.dir/Drivers/STM32G4xx_HAL_Driver/Src/stm32g4xx_hal_rcc.c.obj
 .text.HAL_RCC_OscConfig
                0x0800b5b4      0x4e4 CMakeFiles/CradleFOC_os.elf.dir/Drivers/STM32G4xx_HAL_Driver/Src/stm32g4xx_hal_rcc.c.obj
                0x0800b5b4                HAL_RCC_OscConfig
 .text.HAL_RCC_GetSysClockFreq
                0x0800ba98       0x88 CMakeFiles/CradleFOC_os.elf.dir/Drivers/STM32G4xx_HAL_Driver/Src/stm32g4xx_hal_rcc.c.obj
                0x0800ba98                HAL_RCC_GetSysClockFreq
 .text.HAL_RCC_ClockConfig
                0x0800bb20      0x1f8 CMakeFiles/CradleFOC_os.elf.dir/Drivers/STM32G4xx_HAL_Driver/Src/stm32g4xx_hal_rcc.c.obj
                0x0800bb20                HAL_RCC_ClockConfig
 .text.HAL_RCC_GetHCLKFreq
                0x0800bd18        0xc CMakeFiles/CradleFOC_os.elf.dir/Drivers/STM32G4xx_HAL_Driver/Src/stm32g4xx_hal_rcc.c.obj
                0x0800bd18                HAL_RCC_GetHCLKFreq
 .text.HAL_RCC_GetPCLK1Freq
                0x0800bd24       0x24 CMakeFiles/CradleFOC_os.elf.dir/Drivers/STM32G4xx_HAL_Driver/Src/stm32g4xx_hal_rcc.c.obj
                0x0800bd24                HAL_RCC_GetPCLK1Freq
 .text.HAL_RCC_GetPCLK2Freq
                0x0800bd48       0x24 CMakeFiles/CradleFOC_os.elf.dir/Drivers/STM32G4xx_HAL_Driver/Src/stm32g4xx_hal_rcc.c.obj
                0x0800bd48                HAL_RCC_GetPCLK2Freq
 .text.HAL_RCC_GetClockConfig
                0x0800bd6c       0x3c CMakeFiles/CradleFOC_os.elf.dir/Drivers/STM32G4xx_HAL_Driver/Src/stm32g4xx_hal_rcc.c.obj
                0x0800bd6c                HAL_RCC_GetClockConfig
 .text.HAL_RCCEx_PeriphCLKConfig
                0x0800bda8      0x2e4 CMakeFiles/CradleFOC_os.elf.dir/Drivers/STM32G4xx_HAL_Driver/Src/stm32g4xx_hal_rcc_ex.c.obj
                0x0800bda8                HAL_RCCEx_PeriphCLKConfig
 .text.HAL_SPI_Init
                0x0800c08c       0xe8 CMakeFiles/CradleFOC_os.elf.dir/Drivers/STM32G4xx_HAL_Driver/Src/stm32g4xx_hal_spi.c.obj
                0x0800c08c                HAL_SPI_Init
 .text.TIM_OC1_SetConfig
                0x0800c174       0xa0 CMakeFiles/CradleFOC_os.elf.dir/Drivers/STM32G4xx_HAL_Driver/Src/stm32g4xx_hal_tim.c.obj
 .text.TIM_OC3_SetConfig
                0x0800c214       0x8c CMakeFiles/CradleFOC_os.elf.dir/Drivers/STM32G4xx_HAL_Driver/Src/stm32g4xx_hal_tim.c.obj
 .text.TIM_OC4_SetConfig
                0x0800c2a0       0x8c CMakeFiles/CradleFOC_os.elf.dir/Drivers/STM32G4xx_HAL_Driver/Src/stm32g4xx_hal_tim.c.obj
 .text.TIM_OC5_SetConfig
                0x0800c32c       0x68 CMakeFiles/CradleFOC_os.elf.dir/Drivers/STM32G4xx_HAL_Driver/Src/stm32g4xx_hal_tim.c.obj
 .text.TIM_OC6_SetConfig
                0x0800c394       0x6c CMakeFiles/CradleFOC_os.elf.dir/Drivers/STM32G4xx_HAL_Driver/Src/stm32g4xx_hal_tim.c.obj
 .text.TIM_TI1_ConfigInputStage
                0x0800c400       0x26 CMakeFiles/CradleFOC_os.elf.dir/Drivers/STM32G4xx_HAL_Driver/Src/stm32g4xx_hal_tim.c.obj
 .text.TIM_TI2_ConfigInputStage
                0x0800c426       0x28 CMakeFiles/CradleFOC_os.elf.dir/Drivers/STM32G4xx_HAL_Driver/Src/stm32g4xx_hal_tim.c.obj
 .text.TIM_ITRx_SetConfig
                0x0800c44e       0x14 CMakeFiles/CradleFOC_os.elf.dir/Drivers/STM32G4xx_HAL_Driver/Src/stm32g4xx_hal_tim.c.obj
 *fill*         0x0800c462        0x2 
 .text.HAL_TIM_Base_Start_IT
                0x0800c464       0x84 CMakeFiles/CradleFOC_os.elf.dir/Drivers/STM32G4xx_HAL_Driver/Src/stm32g4xx_hal_tim.c.obj
                0x0800c464                HAL_TIM_Base_Start_IT
 .text.HAL_TIM_PWM_MspInit
                0x0800c4e8        0x2 CMakeFiles/CradleFOC_os.elf.dir/Drivers/STM32G4xx_HAL_Driver/Src/stm32g4xx_hal_tim.c.obj
                0x0800c4e8                HAL_TIM_PWM_MspInit
 .text.HAL_TIM_OC_DelayElapsedCallback
                0x0800c4ea        0x2 CMakeFiles/CradleFOC_os.elf.dir/Drivers/STM32G4xx_HAL_Driver/Src/stm32g4xx_hal_tim.c.obj
                0x0800c4ea                HAL_TIM_OC_DelayElapsedCallback
 .text.HAL_TIM_IC_CaptureCallback
                0x0800c4ec        0x2 CMakeFiles/CradleFOC_os.elf.dir/Drivers/STM32G4xx_HAL_Driver/Src/stm32g4xx_hal_tim.c.obj
                0x0800c4ec                HAL_TIM_IC_CaptureCallback
 .text.HAL_TIM_PWM_PulseFinishedCallback
                0x0800c4ee        0x2 CMakeFiles/CradleFOC_os.elf.dir/Drivers/STM32G4xx_HAL_Driver/Src/stm32g4xx_hal_tim.c.obj
                0x0800c4ee                HAL_TIM_PWM_PulseFinishedCallback
 .text.HAL_TIM_TriggerCallback
                0x0800c4f0        0x2 CMakeFiles/CradleFOC_os.elf.dir/Drivers/STM32G4xx_HAL_Driver/Src/stm32g4xx_hal_tim.c.obj
                0x0800c4f0                HAL_TIM_TriggerCallback
 .text.HAL_TIM_IRQHandler
                0x0800c4f2      0x1ea CMakeFiles/CradleFOC_os.elf.dir/Drivers/STM32G4xx_HAL_Driver/Src/stm32g4xx_hal_tim.c.obj
                0x0800c4f2                HAL_TIM_IRQHandler
 .text.TIM_Base_SetConfig
                0x0800c6dc       0xc8 CMakeFiles/CradleFOC_os.elf.dir/Drivers/STM32G4xx_HAL_Driver/Src/stm32g4xx_hal_tim.c.obj
                0x0800c6dc                TIM_Base_SetConfig
 .text.HAL_TIM_Base_Init
                0x0800c7a4       0x60 CMakeFiles/CradleFOC_os.elf.dir/Drivers/STM32G4xx_HAL_Driver/Src/stm32g4xx_hal_tim.c.obj
                0x0800c7a4                HAL_TIM_Base_Init
 .text.HAL_TIM_PWM_Init
                0x0800c804       0x60 CMakeFiles/CradleFOC_os.elf.dir/Drivers/STM32G4xx_HAL_Driver/Src/stm32g4xx_hal_tim.c.obj
                0x0800c804                HAL_TIM_PWM_Init
 .text.TIM_OC2_SetConfig
                0x0800c864       0x8c CMakeFiles/CradleFOC_os.elf.dir/Drivers/STM32G4xx_HAL_Driver/Src/stm32g4xx_hal_tim.c.obj
                0x0800c864                TIM_OC2_SetConfig
 .text.HAL_TIM_PWM_ConfigChannel
                0x0800c8f0      0x13a CMakeFiles/CradleFOC_os.elf.dir/Drivers/STM32G4xx_HAL_Driver/Src/stm32g4xx_hal_tim.c.obj
                0x0800c8f0                HAL_TIM_PWM_ConfigChannel
 .text.TIM_ETR_SetConfig
                0x0800ca2a       0x1a CMakeFiles/CradleFOC_os.elf.dir/Drivers/STM32G4xx_HAL_Driver/Src/stm32g4xx_hal_tim.c.obj
                0x0800ca2a                TIM_ETR_SetConfig
 .text.HAL_TIM_ConfigClockSource
                0x0800ca44      0x138 CMakeFiles/CradleFOC_os.elf.dir/Drivers/STM32G4xx_HAL_Driver/Src/stm32g4xx_hal_tim.c.obj
                0x0800ca44                HAL_TIM_ConfigClockSource
 .text.TIM_CCxChannelCmd
                0x0800cb7c       0x1e CMakeFiles/CradleFOC_os.elf.dir/Drivers/STM32G4xx_HAL_Driver/Src/stm32g4xx_hal_tim.c.obj
                0x0800cb7c                TIM_CCxChannelCmd
 *fill*         0x0800cb9a        0x2 
 .text.HAL_TIM_PWM_Start
                0x0800cb9c      0x158 CMakeFiles/CradleFOC_os.elf.dir/Drivers/STM32G4xx_HAL_Driver/Src/stm32g4xx_hal_tim.c.obj
                0x0800cb9c                HAL_TIM_PWM_Start
 .text.HAL_TIM_PWM_Stop
                0x0800ccf4       0xb8 CMakeFiles/CradleFOC_os.elf.dir/Drivers/STM32G4xx_HAL_Driver/Src/stm32g4xx_hal_tim.c.obj
                0x0800ccf4                HAL_TIM_PWM_Stop
 .text.HAL_TIMEx_MasterConfigSynchronization
                0x0800cdac       0x94 CMakeFiles/CradleFOC_os.elf.dir/Drivers/STM32G4xx_HAL_Driver/Src/stm32g4xx_hal_tim_ex.c.obj
                0x0800cdac                HAL_TIMEx_MasterConfigSynchronization
 .text.HAL_TIMEx_ConfigBreakDeadTime
                0x0800ce40       0xa0 CMakeFiles/CradleFOC_os.elf.dir/Drivers/STM32G4xx_HAL_Driver/Src/stm32g4xx_hal_tim_ex.c.obj
                0x0800ce40                HAL_TIMEx_ConfigBreakDeadTime
 .text.HAL_TIMEx_CommutCallback
                0x0800cee0        0x2 CMakeFiles/CradleFOC_os.elf.dir/Drivers/STM32G4xx_HAL_Driver/Src/stm32g4xx_hal_tim_ex.c.obj
                0x0800cee0                HAL_TIMEx_CommutCallback
 .text.HAL_TIMEx_BreakCallback
                0x0800cee2        0x2 CMakeFiles/CradleFOC_os.elf.dir/Drivers/STM32G4xx_HAL_Driver/Src/stm32g4xx_hal_tim_ex.c.obj
                0x0800cee2                HAL_TIMEx_BreakCallback
 .text.HAL_TIMEx_Break2Callback
                0x0800cee4        0x2 CMakeFiles/CradleFOC_os.elf.dir/Drivers/STM32G4xx_HAL_Driver/Src/stm32g4xx_hal_tim_ex.c.obj
                0x0800cee4                HAL_TIMEx_Break2Callback
 .text.HAL_TIMEx_EncoderIndexCallback
                0x0800cee6        0x2 CMakeFiles/CradleFOC_os.elf.dir/Drivers/STM32G4xx_HAL_Driver/Src/stm32g4xx_hal_tim_ex.c.obj
                0x0800cee6                HAL_TIMEx_EncoderIndexCallback
 .text.HAL_TIMEx_DirectionChangeCallback
                0x0800cee8        0x2 CMakeFiles/CradleFOC_os.elf.dir/Drivers/STM32G4xx_HAL_Driver/Src/stm32g4xx_hal_tim_ex.c.obj
                0x0800cee8                HAL_TIMEx_DirectionChangeCallback
 .text.HAL_TIMEx_IndexErrorCallback
                0x0800ceea        0x2 CMakeFiles/CradleFOC_os.elf.dir/Drivers/STM32G4xx_HAL_Driver/Src/stm32g4xx_hal_tim_ex.c.obj
                0x0800ceea                HAL_TIMEx_IndexErrorCallback
 .text.HAL_TIMEx_TransitionErrorCallback
                0x0800ceec        0x2 CMakeFiles/CradleFOC_os.elf.dir/Drivers/STM32G4xx_HAL_Driver/Src/stm32g4xx_hal_tim_ex.c.obj
                0x0800ceec                HAL_TIMEx_TransitionErrorCallback
 .text.UART_EndTxTransfer
                0x0800ceee       0x32 CMakeFiles/CradleFOC_os.elf.dir/Drivers/STM32G4xx_HAL_Driver/Src/stm32g4xx_hal_uart.c.obj
 .text.UART_EndRxTransfer
                0x0800cf20       0x56 CMakeFiles/CradleFOC_os.elf.dir/Drivers/STM32G4xx_HAL_Driver/Src/stm32g4xx_hal_uart.c.obj
 *fill*         0x0800cf76        0x2 
 .text.HAL_UART_Transmit_DMA
                0x0800cf78       0xa0 CMakeFiles/CradleFOC_os.elf.dir/Drivers/STM32G4xx_HAL_Driver/Src/stm32g4xx_hal_uart.c.obj
                0x0800cf78                HAL_UART_Transmit_DMA
 .text.HAL_UART_TxCpltCallback
                0x0800d018        0x2 CMakeFiles/CradleFOC_os.elf.dir/Drivers/STM32G4xx_HAL_Driver/Src/stm32g4xx_hal_uart.c.obj
                0x0800d018                HAL_UART_TxCpltCallback
 .text.UART_DMATransmitCplt
                0x0800d01a       0x48 CMakeFiles/CradleFOC_os.elf.dir/Drivers/STM32G4xx_HAL_Driver/Src/stm32g4xx_hal_uart.c.obj
 .text.UART_EndTransmit_IT
                0x0800d062       0x24 CMakeFiles/CradleFOC_os.elf.dir/Drivers/STM32G4xx_HAL_Driver/Src/stm32g4xx_hal_uart.c.obj
 .text.HAL_UART_TxHalfCpltCallback
                0x0800d086        0x2 CMakeFiles/CradleFOC_os.elf.dir/Drivers/STM32G4xx_HAL_Driver/Src/stm32g4xx_hal_uart.c.obj
                0x0800d086                HAL_UART_TxHalfCpltCallback
 .text.UART_DMATxHalfCplt
                0x0800d088        0xa CMakeFiles/CradleFOC_os.elf.dir/Drivers/STM32G4xx_HAL_Driver/Src/stm32g4xx_hal_uart.c.obj
 .text.HAL_UART_ErrorCallback
                0x0800d092        0x2 CMakeFiles/CradleFOC_os.elf.dir/Drivers/STM32G4xx_HAL_Driver/Src/stm32g4xx_hal_uart.c.obj
                0x0800d092                HAL_UART_ErrorCallback
 .text.UART_DMAError
                0x0800d094       0x58 CMakeFiles/CradleFOC_os.elf.dir/Drivers/STM32G4xx_HAL_Driver/Src/stm32g4xx_hal_uart.c.obj
 .text.UART_DMAAbortOnError
                0x0800d0ec       0x14 CMakeFiles/CradleFOC_os.elf.dir/Drivers/STM32G4xx_HAL_Driver/Src/stm32g4xx_hal_uart.c.obj
 .text.HAL_UARTEx_RxEventCallback
                0x0800d100        0x2 CMakeFiles/CradleFOC_os.elf.dir/Drivers/STM32G4xx_HAL_Driver/Src/stm32g4xx_hal_uart.c.obj
                0x0800d100                HAL_UARTEx_RxEventCallback
 *fill*         0x0800d102        0x2 
 .text.HAL_UART_IRQHandler
                0x0800d104      0x348 CMakeFiles/CradleFOC_os.elf.dir/Drivers/STM32G4xx_HAL_Driver/Src/stm32g4xx_hal_uart.c.obj
                0x0800d104                HAL_UART_IRQHandler
 .text.HAL_UART_GetState
                0x0800d44c        0xc CMakeFiles/CradleFOC_os.elf.dir/Drivers/STM32G4xx_HAL_Driver/Src/stm32g4xx_hal_uart.c.obj
                0x0800d44c                HAL_UART_GetState
 .text.UART_SetConfig
                0x0800d458      0x344 CMakeFiles/CradleFOC_os.elf.dir/Drivers/STM32G4xx_HAL_Driver/Src/stm32g4xx_hal_uart.c.obj
                0x0800d458                UART_SetConfig
 .text.UART_AdvFeatureConfig
                0x0800d79c       0xca CMakeFiles/CradleFOC_os.elf.dir/Drivers/STM32G4xx_HAL_Driver/Src/stm32g4xx_hal_uart.c.obj
                0x0800d79c                UART_AdvFeatureConfig
 .text.UART_WaitOnFlagUntilTimeout
                0x0800d866       0xa2 CMakeFiles/CradleFOC_os.elf.dir/Drivers/STM32G4xx_HAL_Driver/Src/stm32g4xx_hal_uart.c.obj
                0x0800d866                UART_WaitOnFlagUntilTimeout
 .text.UART_CheckIdleState
                0x0800d908       0xca CMakeFiles/CradleFOC_os.elf.dir/Drivers/STM32G4xx_HAL_Driver/Src/stm32g4xx_hal_uart.c.obj
                0x0800d908                UART_CheckIdleState
 .text.HAL_UART_Init
                0x0800d9d2       0x66 CMakeFiles/CradleFOC_os.elf.dir/Drivers/STM32G4xx_HAL_Driver/Src/stm32g4xx_hal_uart.c.obj
                0x0800d9d2                HAL_UART_Init
 .text.UARTEx_SetNbDataToProcess
                0x0800da38       0x4c CMakeFiles/CradleFOC_os.elf.dir/Drivers/STM32G4xx_HAL_Driver/Src/stm32g4xx_hal_uart_ex.c.obj
 .text.HAL_UARTEx_WakeupCallback
                0x0800da84        0x2 CMakeFiles/CradleFOC_os.elf.dir/Drivers/STM32G4xx_HAL_Driver/Src/stm32g4xx_hal_uart_ex.c.obj
                0x0800da84                HAL_UARTEx_WakeupCallback
 .text.HAL_UARTEx_RxFifoFullCallback
                0x0800da86        0x2 CMakeFiles/CradleFOC_os.elf.dir/Drivers/STM32G4xx_HAL_Driver/Src/stm32g4xx_hal_uart_ex.c.obj
                0x0800da86                HAL_UARTEx_RxFifoFullCallback
 .text.HAL_UARTEx_TxFifoEmptyCallback
                0x0800da88        0x2 CMakeFiles/CradleFOC_os.elf.dir/Drivers/STM32G4xx_HAL_Driver/Src/stm32g4xx_hal_uart_ex.c.obj
                0x0800da88                HAL_UARTEx_TxFifoEmptyCallback
 .text.HAL_UARTEx_DisableFifoMode
                0x0800da8a       0x3e CMakeFiles/CradleFOC_os.elf.dir/Drivers/STM32G4xx_HAL_Driver/Src/stm32g4xx_hal_uart_ex.c.obj
                0x0800da8a                HAL_UARTEx_DisableFifoMode
 .text.HAL_UARTEx_SetTxFifoThreshold
                0x0800dac8       0x4a CMakeFiles/CradleFOC_os.elf.dir/Drivers/STM32G4xx_HAL_Driver/Src/stm32g4xx_hal_uart_ex.c.obj
                0x0800dac8                HAL_UARTEx_SetTxFifoThreshold
 .text.HAL_UARTEx_SetRxFifoThreshold
                0x0800db12       0x4a CMakeFiles/CradleFOC_os.elf.dir/Drivers/STM32G4xx_HAL_Driver/Src/stm32g4xx_hal_uart_ex.c.obj
                0x0800db12                HAL_UARTEx_SetRxFifoThreshold
 .text.makeFreeRtosPriority
                0x0800db5c        0xc CMakeFiles/CradleFOC_os.elf.dir/Middlewares/Third_Party/FreeRTOS/Source/CMSIS_RTOS/cmsis_os.c.obj
 .text.osKernelStart
                0x0800db68        0xa CMakeFiles/CradleFOC_os.elf.dir/Middlewares/Third_Party/FreeRTOS/Source/CMSIS_RTOS/cmsis_os.c.obj
                0x0800db68                osKernelStart
 .text.osThreadCreate
                0x0800db72       0x34 CMakeFiles/CradleFOC_os.elf.dir/Middlewares/Third_Party/FreeRTOS/Source/CMSIS_RTOS/cmsis_os.c.obj
                0x0800db72                osThreadCreate
 .text.osDelay  0x0800dba6        0xe CMakeFiles/CradleFOC_os.elf.dir/Middlewares/Third_Party/FreeRTOS/Source/CMSIS_RTOS/cmsis_os.c.obj
                0x0800dba6                osDelay
 .text.vListInitialise
                0x0800dbb4       0x16 CMakeFiles/CradleFOC_os.elf.dir/Middlewares/Third_Party/FreeRTOS/Source/list.c.obj
                0x0800dbb4                vListInitialise
 .text.vListInitialiseItem
                0x0800dbca        0x6 CMakeFiles/CradleFOC_os.elf.dir/Middlewares/Third_Party/FreeRTOS/Source/list.c.obj
                0x0800dbca                vListInitialiseItem
 .text.vListInsertEnd
                0x0800dbd0       0x16 CMakeFiles/CradleFOC_os.elf.dir/Middlewares/Third_Party/FreeRTOS/Source/list.c.obj
                0x0800dbd0                vListInsertEnd
 .text.vListInsert
                0x0800dbe6       0x32 CMakeFiles/CradleFOC_os.elf.dir/Middlewares/Third_Party/FreeRTOS/Source/list.c.obj
                0x0800dbe6                vListInsert
 .text.uxListRemove
                0x0800dc18       0x26 CMakeFiles/CradleFOC_os.elf.dir/Middlewares/Third_Party/FreeRTOS/Source/list.c.obj
                0x0800dc18                uxListRemove
 *fill*         0x0800dc3e        0x2 
 .text.prvTaskExitError
                0x0800dc40       0x40 CMakeFiles/CradleFOC_os.elf.dir/Middlewares/Third_Party/FreeRTOS/Source/portable/GCC/ARM_CM4F/port.c.obj
 .text.prvPortStartFirstTask
                0x0800dc80       0x28 CMakeFiles/CradleFOC_os.elf.dir/Middlewares/Third_Party/FreeRTOS/Source/portable/GCC/ARM_CM4F/port.c.obj
 .text.vPortEnableVFP
                0x0800dca8       0x14 CMakeFiles/CradleFOC_os.elf.dir/Middlewares/Third_Party/FreeRTOS/Source/portable/GCC/ARM_CM4F/port.c.obj
 .text.pxPortInitialiseStack
                0x0800dcbc       0x2c CMakeFiles/CradleFOC_os.elf.dir/Middlewares/Third_Party/FreeRTOS/Source/portable/GCC/ARM_CM4F/port.c.obj
                0x0800dcbc                pxPortInitialiseStack
 *fill*         0x0800dce8        0x8 
 .text.SVC_Handler
                0x0800dcf0       0x24 CMakeFiles/CradleFOC_os.elf.dir/Middlewares/Third_Party/FreeRTOS/Source/portable/GCC/ARM_CM4F/port.c.obj
                0x0800dcf0                SVC_Handler
 .text.vPortEnterCritical
                0x0800dd14       0x44 CMakeFiles/CradleFOC_os.elf.dir/Middlewares/Third_Party/FreeRTOS/Source/portable/GCC/ARM_CM4F/port.c.obj
                0x0800dd14                vPortEnterCritical
 .text.vPortExitCritical
                0x0800dd58       0x2c CMakeFiles/CradleFOC_os.elf.dir/Middlewares/Third_Party/FreeRTOS/Source/portable/GCC/ARM_CM4F/port.c.obj
                0x0800dd58                vPortExitCritical
 *fill*         0x0800dd84        0xc 
 .text.PendSV_Handler
                0x0800dd90       0x64 CMakeFiles/CradleFOC_os.elf.dir/Middlewares/Third_Party/FreeRTOS/Source/portable/GCC/ARM_CM4F/port.c.obj
                0x0800dd90                PendSV_Handler
 .text.SysTick_Handler
                0x0800ddf4       0x2c CMakeFiles/CradleFOC_os.elf.dir/Middlewares/Third_Party/FreeRTOS/Source/portable/GCC/ARM_CM4F/port.c.obj
                0x0800ddf4                SysTick_Handler
 .text.vPortSetupTimerInterrupt
                0x0800de20       0x28 CMakeFiles/CradleFOC_os.elf.dir/Middlewares/Third_Party/FreeRTOS/Source/portable/GCC/ARM_CM4F/port.c.obj
                0x0800de20                vPortSetupTimerInterrupt
 .text.xPortStartScheduler
                0x0800de48      0x118 CMakeFiles/CradleFOC_os.elf.dir/Middlewares/Third_Party/FreeRTOS/Source/portable/GCC/ARM_CM4F/port.c.obj
                0x0800de48                xPortStartScheduler
 .text.prvHeapInit
                0x0800df60       0x68 CMakeFiles/CradleFOC_os.elf.dir/Middlewares/Third_Party/FreeRTOS/Source/portable/MemMang/heap_4.c.obj
 .text.prvInsertBlockIntoFreeList
                0x0800dfc8       0x64 CMakeFiles/CradleFOC_os.elf.dir/Middlewares/Third_Party/FreeRTOS/Source/portable/MemMang/heap_4.c.obj
 .text.pvPortMalloc
                0x0800e02c       0xfc CMakeFiles/CradleFOC_os.elf.dir/Middlewares/Third_Party/FreeRTOS/Source/portable/MemMang/heap_4.c.obj
                0x0800e02c                pvPortMalloc
 .text.vPortFree
                0x0800e128       0x7c CMakeFiles/CradleFOC_os.elf.dir/Middlewares/Third_Party/FreeRTOS/Source/portable/MemMang/heap_4.c.obj
                0x0800e128                vPortFree
 .text.prvTaskIsTaskSuspended
                0x0800e1a4       0x40 CMakeFiles/CradleFOC_os.elf.dir/Middlewares/Third_Party/FreeRTOS/Source/tasks.c.obj
 .text.prvResetNextTaskUnblockTime
                0x0800e1e4       0x2c CMakeFiles/CradleFOC_os.elf.dir/Middlewares/Third_Party/FreeRTOS/Source/tasks.c.obj
 .text.prvDeleteTCB
                0x0800e210       0x12 CMakeFiles/CradleFOC_os.elf.dir/Middlewares/Third_Party/FreeRTOS/Source/tasks.c.obj
 .text.prvInitialiseNewTask
                0x0800e222       0xa6 CMakeFiles/CradleFOC_os.elf.dir/Middlewares/Third_Party/FreeRTOS/Source/tasks.c.obj
 .text.prvInitialiseTaskLists
                0x0800e2c8       0x68 CMakeFiles/CradleFOC_os.elf.dir/Middlewares/Third_Party/FreeRTOS/Source/tasks.c.obj
 .text.prvAddNewTaskToReadyList
                0x0800e330       0xa8 CMakeFiles/CradleFOC_os.elf.dir/Middlewares/Third_Party/FreeRTOS/Source/tasks.c.obj
 .text.prvCheckTasksWaitingTermination
                0x0800e3d8       0x4c CMakeFiles/CradleFOC_os.elf.dir/Middlewares/Third_Party/FreeRTOS/Source/tasks.c.obj
 .text.prvIdleTask
                0x0800e424       0x28 CMakeFiles/CradleFOC_os.elf.dir/Middlewares/Third_Party/FreeRTOS/Source/tasks.c.obj
 .text.prvAddCurrentTaskToDelayedList
                0x0800e44c       0x98 CMakeFiles/CradleFOC_os.elf.dir/Middlewares/Third_Party/FreeRTOS/Source/tasks.c.obj
 .text.xTaskCreate
                0x0800e4e4       0x64 CMakeFiles/CradleFOC_os.elf.dir/Middlewares/Third_Party/FreeRTOS/Source/tasks.c.obj
                0x0800e4e4                xTaskCreate
 .text.vTaskResume
                0x0800e548       0x88 CMakeFiles/CradleFOC_os.elf.dir/Middlewares/Third_Party/FreeRTOS/Source/tasks.c.obj
                0x0800e548                vTaskResume
 .text.vTaskStartScheduler
                0x0800e5d0       0x7c CMakeFiles/CradleFOC_os.elf.dir/Middlewares/Third_Party/FreeRTOS/Source/tasks.c.obj
                0x0800e5d0                vTaskStartScheduler
 .text.vTaskSuspendAll
                0x0800e64c       0x10 CMakeFiles/CradleFOC_os.elf.dir/Middlewares/Third_Party/FreeRTOS/Source/tasks.c.obj
                0x0800e64c                vTaskSuspendAll
 .text.xTaskIncrementTick
                0x0800e65c      0x118 CMakeFiles/CradleFOC_os.elf.dir/Middlewares/Third_Party/FreeRTOS/Source/tasks.c.obj
                0x0800e65c                xTaskIncrementTick
 .text.xTaskResumeAll
                0x0800e774       0xf8 CMakeFiles/CradleFOC_os.elf.dir/Middlewares/Third_Party/FreeRTOS/Source/tasks.c.obj
                0x0800e774                xTaskResumeAll
 .text.vTaskDelay
                0x0800e86c       0x4c CMakeFiles/CradleFOC_os.elf.dir/Middlewares/Third_Party/FreeRTOS/Source/tasks.c.obj
                0x0800e86c                vTaskDelay
 .text.vTaskSwitchContext
                0x0800e8b8       0x98 CMakeFiles/CradleFOC_os.elf.dir/Middlewares/Third_Party/FreeRTOS/Source/tasks.c.obj
                0x0800e8b8                vTaskSwitchContext
 .text.vTaskSuspend
                0x0800e950       0xe8 CMakeFiles/CradleFOC_os.elf.dir/Middlewares/Third_Party/FreeRTOS/Source/tasks.c.obj
                0x0800e950                vTaskSuspend
 .text._Z10log_DMA_TXPKcz
                0x0800ea38       0x3c CMakeFiles/CradleFOC_os.elf.dir/UserAPP/Serial.cpp.obj
                0x0800ea38                log_DMA_TX(char const*, ...)
 .text.setup    0x0800ea74       0x28 CMakeFiles/CradleFOC_os.elf.dir/UserAPP/UserAPP.cpp.obj
                0x0800ea74                setup
 .text.task_log
                0x0800ea9c        0x8 CMakeFiles/CradleFOC_os.elf.dir/UserAPP/UserAPP.cpp.obj
                0x0800ea9c                task_log
 .text.task_key
                0x0800eaa4       0x50 CMakeFiles/CradleFOC_os.elf.dir/UserAPP/UserAPP.cpp.obj
                0x0800eaa4                task_key
 .text.task_FOC
                0x0800eaf4        0xc CMakeFiles/CradleFOC_os.elf.dir/UserAPP/UserAPP.cpp.obj
                0x0800eaf4                task_FOC
 .text._Z14calculate_gainv
                0x0800eb00       0x78 CMakeFiles/CradleFOC_os.elf.dir/Utils/adc_utils.cpp.obj
                0x0800eb00                calculate_gain()
 .text._Z8init_adcv
                0x0800eb78       0xa4 CMakeFiles/CradleFOC_os.elf.dir/Utils/adc_utils.cpp.obj
                0x0800eb78                init_adc()
 .text.HAL_ADC_ConvCpltCallback
                0x0800ec1c       0xcc CMakeFiles/CradleFOC_os.elf.dir/Utils/adc_utils.cpp.obj
                0x0800ec1c                HAL_ADC_ConvCpltCallback
 .text.HAL_ADCEx_InjectedConvCpltCallback
                0x0800ece8      0x10c CMakeFiles/CradleFOC_os.elf.dir/Utils/adc_utils.cpp.obj
                0x0800ece8                HAL_ADCEx_InjectedConvCpltCallback
 .text._Z7adc_logv
                0x0800edf4       0x48 CMakeFiles/CradleFOC_os.elf.dir/Utils/adc_utils.cpp.obj
                0x0800edf4                adc_log()
 *fill*         0x0800ee3c        0x4 
 .text._Z15_normalizeAnglef
                0x0800ee40       0x44 CMakeFiles/CradleFOC_os.elf.dir/Utils/math_utils.cpp.obj
                0x0800ee40                _normalizeAngle(float)
 .text._Z7findMaxPKfS0_S0_
                0x0800ee84       0x2a CMakeFiles/CradleFOC_os.elf.dir/Utils/math_utils.cpp.obj
                0x0800ee84                findMax(float const*, float const*, float const*)
 .text._Z7findMinPKfS0_S0_
                0x0800eeae       0x2a CMakeFiles/CradleFOC_os.elf.dir/Utils/math_utils.cpp.obj
                0x0800eeae                findMin(float const*, float const*, float const*)
 .text._Z14map_constraintPf
                0x0800eed8       0x1a CMakeFiles/CradleFOC_os.elf.dir/Utils/math_utils.cpp.obj
                0x0800eed8                map_constraint(float*)
 *fill*         0x0800eef2        0x2 
 .text.arm_sin_f32
                0x0800eef4       0x8c C:\Users\User\Desktop\CradleFOC_os\Middlewares\ST\ARM\DSP\Lib\libarm_cortexM4lf_math.a(arm_sin_f32.o)
                0x0800eef4                arm_sin_f32
 .text.arm_cos_f32
                0x0800ef80       0x94 C:\Users\User\Desktop\CradleFOC_os\Middlewares\ST\ARM\DSP\Lib\libarm_cortexM4lf_math.a(arm_cos_f32.o)
                0x0800ef80                arm_cos_f32
 .text._ZN10__cxxabiv120__si_class_type_infoD2Ev
                0x0800f014       0x14 d:/clion/gcc-arm-none-eabi-10.3-2021.10-win32/gcc-arm-none-eabi-10.3-2021.10/bin/../lib/gcc/arm-none-eabi/10.3.1/../../../../arm-none-eabi/lib/thumb/v7e-m+fp/hard\libstdc++.a(si_class_type_info.o)
                0x0800f014                __cxxabiv1::__si_class_type_info::~__si_class_type_info()
                0x0800f014                __cxxabiv1::__si_class_type_info::~__si_class_type_info()
 .text._ZN10__cxxabiv120__si_class_type_infoD0Ev
                0x0800f028       0x1c d:/clion/gcc-arm-none-eabi-10.3-2021.10-win32/gcc-arm-none-eabi-10.3-2021.10/bin/../lib/gcc/arm-none-eabi/10.3.1/../../../../arm-none-eabi/lib/thumb/v7e-m+fp/hard\libstdc++.a(si_class_type_info.o)
                0x0800f028                __cxxabiv1::__si_class_type_info::~__si_class_type_info()
 .text._ZNK10__cxxabiv120__si_class_type_info20__do_find_public_srcEiPKvPKNS_17__class_type_infoES2_
                0x0800f044       0x3c d:/clion/gcc-arm-none-eabi-10.3-2021.10-win32/gcc-arm-none-eabi-10.3-2021.10/bin/../lib/gcc/arm-none-eabi/10.3.1/../../../../arm-none-eabi/lib/thumb/v7e-m+fp/hard\libstdc++.a(si_class_type_info.o)
                0x0800f044                __cxxabiv1::__si_class_type_info::__do_find_public_src(int, void const*, __cxxabiv1::__class_type_info const*, void const*) const
 .text._ZNK10__cxxabiv120__si_class_type_info12__do_dyncastEiNS_17__class_type_info10__sub_kindEPKS1_PKvS4_S6_RNS1_16__dyncast_resultE
                0x0800f080       0x80 d:/clion/gcc-arm-none-eabi-10.3-2021.10-win32/gcc-arm-none-eabi-10.3-2021.10/bin/../lib/gcc/arm-none-eabi/10.3.1/../../../../arm-none-eabi/lib/thumb/v7e-m+fp/hard\libstdc++.a(si_class_type_info.o)
                0x0800f080                __cxxabiv1::__si_class_type_info::__do_dyncast(int, __cxxabiv1::__class_type_info::__sub_kind, __cxxabiv1::__class_type_info const*, void const*, __cxxabiv1::__class_type_info const*, void const*, __cxxabiv1::__class_type_info::__dyncast_result&) const
 .text._ZNK10__cxxabiv120__si_class_type_info11__do_upcastEPKNS_17__class_type_infoEPKvRNS1_15__upcast_resultE
                0x0800f100       0x2c d:/clion/gcc-arm-none-eabi-10.3-2021.10-win32/gcc-arm-none-eabi-10.3-2021.10/bin/../lib/gcc/arm-none-eabi/10.3.1/../../../../arm-none-eabi/lib/thumb/v7e-m+fp/hard\libstdc++.a(si_class_type_info.o)
                0x0800f100                __cxxabiv1::__si_class_type_info::__do_upcast(__cxxabiv1::__class_type_info const*, void const*, __cxxabiv1::__class_type_info::__upcast_result&) const
 .text._ZNSt9type_infoD2Ev
                0x0800f12c        0x4 d:/clion/gcc-arm-none-eabi-10.3-2021.10-win32/gcc-arm-none-eabi-10.3-2021.10/bin/../lib/gcc/arm-none-eabi/10.3.1/../../../../arm-none-eabi/lib/thumb/v7e-m+fp/hard\libstdc++.a(tinfo.o)
                0x0800f12c                std::type_info::~type_info()
                0x0800f12c                std::type_info::~type_info()
 .text._ZNKSt9type_info14__is_pointer_pEv
                0x0800f130        0x4 d:/clion/gcc-arm-none-eabi-10.3-2021.10-win32/gcc-arm-none-eabi-10.3-2021.10/bin/../lib/gcc/arm-none-eabi/10.3.1/../../../../arm-none-eabi/lib/thumb/v7e-m+fp/hard\libstdc++.a(tinfo.o)
                0x0800f130                std::type_info::__is_pointer_p() const
                0x0800f130                std::type_info::__is_function_p() const
 .text._ZNKSt9type_infoeqERKS_
                0x0800f134       0x2c d:/clion/gcc-arm-none-eabi-10.3-2021.10-win32/gcc-arm-none-eabi-10.3-2021.10/bin/../lib/gcc/arm-none-eabi/10.3.1/../../../../arm-none-eabi/lib/thumb/v7e-m+fp/hard\libstdc++.a(tinfo.o)
                0x0800f134                std::type_info::operator==(std::type_info const&) const
 .text._ZNK10__cxxabiv117__class_type_info11__do_upcastEPKS0_PPv
                0x0800f160       0x34 d:/clion/gcc-arm-none-eabi-10.3-2021.10-win32/gcc-arm-none-eabi-10.3-2021.10/bin/../lib/gcc/arm-none-eabi/10.3.1/../../../../arm-none-eabi/lib/thumb/v7e-m+fp/hard\libstdc++.a(class_type_info.o)
                0x0800f160                __cxxabiv1::__class_type_info::__do_upcast(__cxxabiv1::__class_type_info const*, void**) const
 .text._ZNK10__cxxabiv117__class_type_info20__do_find_public_srcEiPKvPKS0_S2_
                0x0800f194        0xc d:/clion/gcc-arm-none-eabi-10.3-2021.10-win32/gcc-arm-none-eabi-10.3-2021.10/bin/../lib/gcc/arm-none-eabi/10.3.1/../../../../arm-none-eabi/lib/thumb/v7e-m+fp/hard\libstdc++.a(class_type_info.o)
                0x0800f194                __cxxabiv1::__class_type_info::__do_find_public_src(int, void const*, __cxxabiv1::__class_type_info const*, void const*) const
 .text._ZN10__cxxabiv117__class_type_infoD2Ev
                0x0800f1a0       0x14 d:/clion/gcc-arm-none-eabi-10.3-2021.10-win32/gcc-arm-none-eabi-10.3-2021.10/bin/../lib/gcc/arm-none-eabi/10.3.1/../../../../arm-none-eabi/lib/thumb/v7e-m+fp/hard\libstdc++.a(class_type_info.o)
                0x0800f1a0                __cxxabiv1::__class_type_info::~__class_type_info()
                0x0800f1a0                __cxxabiv1::__class_type_info::~__class_type_info()
 .text._ZN10__cxxabiv117__class_type_infoD0Ev
                0x0800f1b4       0x1c d:/clion/gcc-arm-none-eabi-10.3-2021.10-win32/gcc-arm-none-eabi-10.3-2021.10/bin/../lib/gcc/arm-none-eabi/10.3.1/../../../../arm-none-eabi/lib/thumb/v7e-m+fp/hard\libstdc++.a(class_type_info.o)
                0x0800f1b4                __cxxabiv1::__class_type_info::~__class_type_info()
 .text._ZNK10__cxxabiv117__class_type_info12__do_dyncastEiNS0_10__sub_kindEPKS0_PKvS3_S5_RNS0_16__dyncast_resultE
                0x0800f1d0       0x44 d:/clion/gcc-arm-none-eabi-10.3-2021.10-win32/gcc-arm-none-eabi-10.3-2021.10/bin/../lib/gcc/arm-none-eabi/10.3.1/../../../../arm-none-eabi/lib/thumb/v7e-m+fp/hard\libstdc++.a(class_type_info.o)
                0x0800f1d0                __cxxabiv1::__class_type_info::__do_dyncast(int, __cxxabiv1::__class_type_info::__sub_kind, __cxxabiv1::__class_type_info const*, void const*, __cxxabiv1::__class_type_info const*, void const*, __cxxabiv1::__class_type_info::__dyncast_result&) const
 .text._ZNK10__cxxabiv117__class_type_info11__do_upcastEPKS0_PKvRNS0_15__upcast_resultE
                0x0800f214       0x1c d:/clion/gcc-arm-none-eabi-10.3-2021.10-win32/gcc-arm-none-eabi-10.3-2021.10/bin/../lib/gcc/arm-none-eabi/10.3.1/../../../../arm-none-eabi/lib/thumb/v7e-m+fp/hard\libstdc++.a(class_type_info.o)
                0x0800f214                __cxxabiv1::__class_type_info::__do_upcast(__cxxabiv1::__class_type_info const*, void const*, __cxxabiv1::__class_type_info::__upcast_result&) const
 .text._ZNK10__cxxabiv117__class_type_info10__do_catchEPKSt9type_infoPPvj
                0x0800f230       0x2c d:/clion/gcc-arm-none-eabi-10.3-2021.10-win32/gcc-arm-none-eabi-10.3-2021.10/bin/../lib/gcc/arm-none-eabi/10.3.1/../../../../arm-none-eabi/lib/thumb/v7e-m+fp/hard\libstdc++.a(class_type_info.o)
                0x0800f230                __cxxabiv1::__class_type_info::__do_catch(std::type_info const*, void**, unsigned int) const
 .text._ZdlPvj  0x0800f25c        0x4 d:/clion/gcc-arm-none-eabi-10.3-2021.10-win32/gcc-arm-none-eabi-10.3-2021.10/bin/../lib/gcc/arm-none-eabi/10.3.1/../../../../arm-none-eabi/lib/thumb/v7e-m+fp/hard\libstdc++.a(del_ops.o)
                0x0800f25c                operator delete(void*, unsigned int)
 .text._ZN12_GLOBAL__N_14pool4freeEPv.constprop.0
                0x0800f260       0x88 d:/clion/gcc-arm-none-eabi-10.3-2021.10-win32/gcc-arm-none-eabi-10.3-2021.10/bin/../lib/gcc/arm-none-eabi/10.3.1/../../../../arm-none-eabi/lib/thumb/v7e-m+fp/hard\libstdc++.a(eh_alloc.o)
 .text._ZN12_GLOBAL__N_14pool8allocateEj.constprop.0
                0x0800f2e8       0x58 d:/clion/gcc-arm-none-eabi-10.3-2021.10-win32/gcc-arm-none-eabi-10.3-2021.10/bin/../lib/gcc/arm-none-eabi/10.3.1/../../../../arm-none-eabi/lib/thumb/v7e-m+fp/hard\libstdc++.a(eh_alloc.o)
 .text.__cxa_allocate_exception
                0x0800f340       0x30 d:/clion/gcc-arm-none-eabi-10.3-2021.10-win32/gcc-arm-none-eabi-10.3-2021.10/bin/../lib/gcc/arm-none-eabi/10.3.1/../../../../arm-none-eabi/lib/thumb/v7e-m+fp/hard\libstdc++.a(eh_alloc.o)
                0x0800f340                __cxa_allocate_exception
 .text.__cxa_free_exception
                0x0800f370       0x20 d:/clion/gcc-arm-none-eabi-10.3-2021.10-win32/gcc-arm-none-eabi-10.3-2021.10/bin/../lib/gcc/arm-none-eabi/10.3.1/../../../../arm-none-eabi/lib/thumb/v7e-m+fp/hard\libstdc++.a(eh_alloc.o)
                0x0800f370                __cxa_free_exception
 .text.startup._GLOBAL__sub_I__ZN9__gnu_cxx9__freeresEv
                0x0800f390       0x28 d:/clion/gcc-arm-none-eabi-10.3-2021.10-win32/gcc-arm-none-eabi-10.3-2021.10/bin/../lib/gcc/arm-none-eabi/10.3.1/../../../../arm-none-eabi/lib/thumb/v7e-m+fp/hard\libstdc++.a(eh_alloc.o)
 .text._ZNSt13bad_exceptionD2Ev
                0x0800f3b8        0x4 d:/clion/gcc-arm-none-eabi-10.3-2021.10-win32/gcc-arm-none-eabi-10.3-2021.10/bin/../lib/gcc/arm-none-eabi/10.3.1/../../../../arm-none-eabi/lib/thumb/v7e-m+fp/hard\libstdc++.a(eh_exception.o)
                0x0800f3b8                std::bad_exception::~bad_exception()
                0x0800f3b8                std::bad_exception::~bad_exception()
 .text._ZNKSt13bad_exception4whatEv
                0x0800f3bc        0x8 d:/clion/gcc-arm-none-eabi-10.3-2021.10-win32/gcc-arm-none-eabi-10.3-2021.10/bin/../lib/gcc/arm-none-eabi/10.3.1/../../../../arm-none-eabi/lib/thumb/v7e-m+fp/hard\libstdc++.a(eh_exception.o)
                0x0800f3bc                std::bad_exception::what() const
                0x0800f3bc                transaction clone for std::bad_exception::what() const
 .text._ZNSt13bad_exceptionD0Ev
                0x0800f3c4       0x10 d:/clion/gcc-arm-none-eabi-10.3-2021.10-win32/gcc-arm-none-eabi-10.3-2021.10/bin/../lib/gcc/arm-none-eabi/10.3.1/../../../../arm-none-eabi/lib/thumb/v7e-m+fp/hard\libstdc++.a(eh_exception.o)
                0x0800f3c4                std::bad_exception::~bad_exception()
 .text._ZN10__cxxabiv111__terminateEPFvvE
                0x0800f3d4       0x28 d:/clion/gcc-arm-none-eabi-10.3-2021.10-win32/gcc-arm-none-eabi-10.3-2021.10/bin/../lib/gcc/arm-none-eabi/10.3.1/../../../../arm-none-eabi/lib/thumb/v7e-m+fp/hard\libstdc++.a(eh_terminate.o)
                0x0800f3d4                __cxxabiv1::__terminate(void (*)())
 .text._ZSt9terminatev
                0x0800f3fc       0x14 d:/clion/gcc-arm-none-eabi-10.3-2021.10-win32/gcc-arm-none-eabi-10.3-2021.10/bin/../lib/gcc/arm-none-eabi/10.3.1/../../../../arm-none-eabi/lib/thumb/v7e-m+fp/hard\libstdc++.a(eh_terminate.o)
                0x0800f3fc                std::terminate()
 .text._ZN10__cxxabiv112__unexpectedEPFvvE
                0x0800f410        0x8 d:/clion/gcc-arm-none-eabi-10.3-2021.10-win32/gcc-arm-none-eabi-10.3-2021.10/bin/../lib/gcc/arm-none-eabi/10.3.1/../../../../arm-none-eabi/lib/thumb/v7e-m+fp/hard\libstdc++.a(eh_terminate.o)
                0x0800f410                __cxxabiv1::__unexpected(void (*)())
 .text._ZSt10unexpectedv
                0x0800f418       0x14 d:/clion/gcc-arm-none-eabi-10.3-2021.10-win32/gcc-arm-none-eabi-10.3-2021.10/bin/../lib/gcc/arm-none-eabi/10.3.1/../../../../arm-none-eabi/lib/thumb/v7e-m+fp/hard\libstdc++.a(eh_terminate.o)
                0x0800f418                std::unexpected()
 .text._ZSt13get_terminatev
                0x0800f42c       0x10 d:/clion/gcc-arm-none-eabi-10.3-2021.10-win32/gcc-arm-none-eabi-10.3-2021.10/bin/../lib/gcc/arm-none-eabi/10.3.1/../../../../arm-none-eabi/lib/thumb/v7e-m+fp/hard\libstdc++.a(eh_terminate.o)
                0x0800f42c                std::get_terminate()
 .text._ZSt14get_unexpectedv
                0x0800f43c       0x10 d:/clion/gcc-arm-none-eabi-10.3-2021.10-win32/gcc-arm-none-eabi-10.3-2021.10/bin/../lib/gcc/arm-none-eabi/10.3.1/../../../../arm-none-eabi/lib/thumb/v7e-m+fp/hard\libstdc++.a(eh_terminate.o)
                0x0800f43c                std::get_unexpected()
 .text._ZL23__gxx_exception_cleanup19_Unwind_Reason_CodeP21_Unwind_Control_Block
                0x0800f44c       0x4c d:/clion/gcc-arm-none-eabi-10.3-2021.10-win32/gcc-arm-none-eabi-10.3-2021.10/bin/../lib/gcc/arm-none-eabi/10.3.1/../../../../arm-none-eabi/lib/thumb/v7e-m+fp/hard\libstdc++.a(eh_throw.o)
 .text.__cxa_init_primary_exception
                0x0800f498       0x58 d:/clion/gcc-arm-none-eabi-10.3-2021.10-win32/gcc-arm-none-eabi-10.3-2021.10/bin/../lib/gcc/arm-none-eabi/10.3.1/../../../../arm-none-eabi/lib/thumb/v7e-m+fp/hard\libstdc++.a(eh_throw.o)
                0x0800f498                __cxa_init_primary_exception
 .text.__cxa_throw
                0x0800f4f0       0x38 d:/clion/gcc-arm-none-eabi-10.3-2021.10-win32/gcc-arm-none-eabi-10.3-2021.10/bin/../lib/gcc/arm-none-eabi/10.3.1/../../../../arm-none-eabi/lib/thumb/v7e-m+fp/hard\libstdc++.a(eh_throw.o)
                0x0800f4f0                __cxa_throw
 .text.__cxa_rethrow
                0x0800f528       0x70 d:/clion/gcc-arm-none-eabi-10.3-2021.10-win32/gcc-arm-none-eabi-10.3-2021.10/bin/../lib/gcc/arm-none-eabi/10.3.1/../../../../arm-none-eabi/lib/thumb/v7e-m+fp/hard\libstdc++.a(eh_throw.o)
                0x0800f528                __cxa_rethrow
 .text._ZN9__gnu_cxx27__verbose_terminate_handlerEv
                0x0800f598      0x10c d:/clion/gcc-arm-none-eabi-10.3-2021.10-win32/gcc-arm-none-eabi-10.3-2021.10/bin/../lib/gcc/arm-none-eabi/10.3.1/../../../../arm-none-eabi/lib/thumb/v7e-m+fp/hard\libstdc++.a(vterminate.o)
                0x0800f598                __gnu_cxx::__verbose_terminate_handler()
 .text._ZdlPv   0x0800f6a4        0x4 d:/clion/gcc-arm-none-eabi-10.3-2021.10-win32/gcc-arm-none-eabi-10.3-2021.10/bin/../lib/gcc/arm-none-eabi/10.3.1/../../../../arm-none-eabi/lib/thumb/v7e-m+fp/hard\libstdc++.a(del_op.o)
                0x0800f6a4                operator delete(void*)
 .text.__cxa_end_cleanup
                0x0800f6a8        0xc d:/clion/gcc-arm-none-eabi-10.3-2021.10-win32/gcc-arm-none-eabi-10.3-2021.10/bin/../lib/gcc/arm-none-eabi/10.3.1/../../../../arm-none-eabi/lib/thumb/v7e-m+fp/hard\libstdc++.a(eh_arm.o)
                0x0800f6a8                __cxa_end_cleanup
 .text.__cxa_type_match
                0x0800f6b4       0xb4 d:/clion/gcc-arm-none-eabi-10.3-2021.10-win32/gcc-arm-none-eabi-10.3-2021.10/bin/../lib/gcc/arm-none-eabi/10.3.1/../../../../arm-none-eabi/lib/thumb/v7e-m+fp/hard\libstdc++.a(eh_arm.o)
                0x0800f6b4                __cxa_type_match
 .text.__cxa_begin_cleanup
                0x0800f768       0x64 d:/clion/gcc-arm-none-eabi-10.3-2021.10-win32/gcc-arm-none-eabi-10.3-2021.10/bin/../lib/gcc/arm-none-eabi/10.3.1/../../../../arm-none-eabi/lib/thumb/v7e-m+fp/hard\libstdc++.a(eh_arm.o)
                0x0800f768                __cxa_begin_cleanup
 .text.__gnu_end_cleanup
                0x0800f7cc       0x70 d:/clion/gcc-arm-none-eabi-10.3-2021.10-win32/gcc-arm-none-eabi-10.3-2021.10/bin/../lib/gcc/arm-none-eabi/10.3.1/../../../../arm-none-eabi/lib/thumb/v7e-m+fp/hard\libstdc++.a(eh_arm.o)
                0x0800f7cc                __gnu_end_cleanup
 .text._ZN10__cxxabiv1L24__is_gxx_exception_classEPc
                0x0800f83c       0x3c d:/clion/gcc-arm-none-eabi-10.3-2021.10-win32/gcc-arm-none-eabi-10.3-2021.10/bin/../lib/gcc/arm-none-eabi/10.3.1/../../../../arm-none-eabi/lib/thumb/v7e-m+fp/hard\libstdc++.a(eh_call.o)
 .text.__cxa_call_terminate
                0x0800f878       0x20 d:/clion/gcc-arm-none-eabi-10.3-2021.10-win32/gcc-arm-none-eabi-10.3-2021.10/bin/../lib/gcc/arm-none-eabi/10.3.1/../../../../arm-none-eabi/lib/thumb/v7e-m+fp/hard\libstdc++.a(eh_call.o)
                0x0800f878                __cxa_call_terminate
 .text.unlikely.__cxa_call_unexpected
                0x0800f898       0xe4 d:/clion/gcc-arm-none-eabi-10.3-2021.10-win32/gcc-arm-none-eabi-10.3-2021.10/bin/../lib/gcc/arm-none-eabi/10.3.1/../../../../arm-none-eabi/lib/thumb/v7e-m+fp/hard\libstdc++.a(eh_call.o)
                0x0800f898                __cxa_call_unexpected
 .text.__cxa_begin_catch
                0x0800f97c       0x7c d:/clion/gcc-arm-none-eabi-10.3-2021.10-win32/gcc-arm-none-eabi-10.3-2021.10/bin/../lib/gcc/arm-none-eabi/10.3.1/../../../../arm-none-eabi/lib/thumb/v7e-m+fp/hard\libstdc++.a(eh_catch.o)
                0x0800f97c                __cxa_begin_catch
 .text.__cxa_end_catch
                0x0800f9f8       0x8c d:/clion/gcc-arm-none-eabi-10.3-2021.10-win32/gcc-arm-none-eabi-10.3-2021.10/bin/../lib/gcc/arm-none-eabi/10.3.1/../../../../arm-none-eabi/lib/thumb/v7e-m+fp/hard\libstdc++.a(eh_catch.o)
                0x0800f9f8                __cxa_end_catch
 .text.__cxa_get_globals_fast
                0x0800fa84        0x8 d:/clion/gcc-arm-none-eabi-10.3-2021.10-win32/gcc-arm-none-eabi-10.3-2021.10/bin/../lib/gcc/arm-none-eabi/10.3.1/../../../../arm-none-eabi/lib/thumb/v7e-m+fp/hard\libstdc++.a(eh_globals.o)
                0x0800fa84                __cxa_get_globals_fast
 .text.__cxa_get_globals
                0x0800fa8c        0x8 d:/clion/gcc-arm-none-eabi-10.3-2021.10-win32/gcc-arm-none-eabi-10.3-2021.10/bin/../lib/gcc/arm-none-eabi/10.3.1/../../../../arm-none-eabi/lib/thumb/v7e-m+fp/hard\libstdc++.a(eh_globals.o)
                0x0800fa8c                __cxa_get_globals
 .text._ZL28read_encoded_value_with_basehjPKhPj
                0x0800fa94       0xc0 d:/clion/gcc-arm-none-eabi-10.3-2021.10-win32/gcc-arm-none-eabi-10.3-2021.10/bin/../lib/gcc/arm-none-eabi/10.3.1/../../../../arm-none-eabi/lib/thumb/v7e-m+fp/hard\libstdc++.a(eh_personality.o)
 .text._ZL21base_of_encoded_valuehP15_Unwind_Context
                0x0800fb54       0x50 d:/clion/gcc-arm-none-eabi-10.3-2021.10-win32/gcc-arm-none-eabi-10.3-2021.10/bin/../lib/gcc/arm-none-eabi/10.3.1/../../../../arm-none-eabi/lib/thumb/v7e-m+fp/hard\libstdc++.a(eh_personality.o)
 .text._ZL17parse_lsda_headerP15_Unwind_ContextPKhP16lsda_header_info
                0x0800fba4       0x94 d:/clion/gcc-arm-none-eabi-10.3-2021.10-win32/gcc-arm-none-eabi-10.3-2021.10/bin/../lib/gcc/arm-none-eabi/10.3.1/../../../../arm-none-eabi/lib/thumb/v7e-m+fp/hard\libstdc++.a(eh_personality.o)
 .text.__gxx_personality_v0
                0x0800fc38      0x4a8 d:/clion/gcc-arm-none-eabi-10.3-2021.10-win32/gcc-arm-none-eabi-10.3-2021.10/bin/../lib/gcc/arm-none-eabi/10.3.1/../../../../arm-none-eabi/lib/thumb/v7e-m+fp/hard\libstdc++.a(eh_personality.o)
                0x0800fc38                __gxx_personality_v0
 .text.__cxa_current_exception_type
                0x080100e0       0x1c d:/clion/gcc-arm-none-eabi-10.3-2021.10-win32/gcc-arm-none-eabi-10.3-2021.10/bin/../lib/gcc/arm-none-eabi/10.3.1/../../../../arm-none-eabi/lib/thumb/v7e-m+fp/hard\libstdc++.a(eh_type.o)
                0x080100e0                __cxa_current_exception_type
 .text.fmod     0x080100fc       0x6c d:/clion/gcc-arm-none-eabi-10.3-2021.10-win32/gcc-arm-none-eabi-10.3-2021.10/bin/../lib/gcc/arm-none-eabi/10.3.1/../../../../arm-none-eabi/lib/thumb/v7e-m+fp/hard\libm.a(lib_a-w_fmod.o)
                0x080100fc                fmod
 .text.__ieee754_fmod
                0x08010168      0x27c d:/clion/gcc-arm-none-eabi-10.3-2021.10-win32/gcc-arm-none-eabi-10.3-2021.10/bin/../lib/gcc/arm-none-eabi/10.3.1/../../../../arm-none-eabi/lib/thumb/v7e-m+fp/hard\libm.a(lib_a-e_fmod.o)
                0x08010168                __ieee754_fmod
 .text.unlikely
                0x080103e4        0xc d:/clion/gcc-arm-none-eabi-10.3-2021.10-win32/gcc-arm-none-eabi-10.3-2021.10/bin/../lib/gcc/arm-none-eabi/10.3.1/thumb/v7e-m+fp/hard\libgcc.a(pr-support.o)
                0x080103e4                _Unwind_GetDataRelBase
                0x080103ea                _Unwind_GetTextRelBase
 .text.abort    0x080103f0       0x10 d:/clion/gcc-arm-none-eabi-10.3-2021.10-win32/gcc-arm-none-eabi-10.3-2021.10/bin/../lib/gcc/arm-none-eabi/10.3.1/../../../../arm-none-eabi/lib/thumb/v7e-m+fp/hard\libg.a(lib_a-abort.o)
                0x080103f0                abort
 .text.__errno  0x08010400        0xc d:/clion/gcc-arm-none-eabi-10.3-2021.10-win32/gcc-arm-none-eabi-10.3-2021.10/bin/../lib/gcc/arm-none-eabi/10.3.1/../../../../arm-none-eabi/lib/thumb/v7e-m+fp/hard\libg.a(lib_a-errno.o)
                0x08010400                __errno
 .text.fputc    0x0801040c       0x64 d:/clion/gcc-arm-none-eabi-10.3-2021.10-win32/gcc-arm-none-eabi-10.3-2021.10/bin/../lib/gcc/arm-none-eabi/10.3.1/../../../../arm-none-eabi/lib/thumb/v7e-m+fp/hard\libg.a(lib_a-fputc.o)
                0x0801040c                fputc
 .text._fputs_r
                0x08010470       0x88 d:/clion/gcc-arm-none-eabi-10.3-2021.10-win32/gcc-arm-none-eabi-10.3-2021.10/bin/../lib/gcc/arm-none-eabi/10.3.1/../../../../arm-none-eabi/lib/thumb/v7e-m+fp/hard\libg.a(lib_a-fputs.o)
                0x08010470                _fputs_r
 .text.fputs    0x080104f8       0x18 d:/clion/gcc-arm-none-eabi-10.3-2021.10-win32/gcc-arm-none-eabi-10.3-2021.10/bin/../lib/gcc/arm-none-eabi/10.3.1/../../../../arm-none-eabi/lib/thumb/v7e-m+fp/hard\libg.a(lib_a-fputs.o)
                0x080104f8                fputs
 .text.__sfvwrite_r
                0x08010510      0x2f0 d:/clion/gcc-arm-none-eabi-10.3-2021.10-win32/gcc-arm-none-eabi-10.3-2021.10/bin/../lib/gcc/arm-none-eabi/10.3.1/../../../../arm-none-eabi/lib/thumb/v7e-m+fp/hard\libg.a(lib_a-fvwrite.o)
                0x08010510                __sfvwrite_r
 .text._fwrite_r
                0x08010800       0xa8 d:/clion/gcc-arm-none-eabi-10.3-2021.10-win32/gcc-arm-none-eabi-10.3-2021.10/bin/../lib/gcc/arm-none-eabi/10.3.1/../../../../arm-none-eabi/lib/thumb/v7e-m+fp/hard\libg.a(lib_a-fwrite.o)
                0x08010800                _fwrite_r
 .text.fwrite   0x080108a8       0x20 d:/clion/gcc-arm-none-eabi-10.3-2021.10-win32/gcc-arm-none-eabi-10.3-2021.10/bin/../lib/gcc/arm-none-eabi/10.3.1/../../../../arm-none-eabi/lib/thumb/v7e-m+fp/hard\libg.a(lib_a-fwrite.o)
                0x080108a8                fwrite
 .text.__libc_init_array
                0x080108c8       0x48 d:/clion/gcc-arm-none-eabi-10.3-2021.10-win32/gcc-arm-none-eabi-10.3-2021.10/bin/../lib/gcc/arm-none-eabi/10.3.1/../../../../arm-none-eabi/lib/thumb/v7e-m+fp/hard\libg.a(lib_a-init.o)
                0x080108c8                __libc_init_array
 .text.__retarget_lock_init_recursive
                0x08010910        0x4 d:/clion/gcc-arm-none-eabi-10.3-2021.10-win32/gcc-arm-none-eabi-10.3-2021.10/bin/../lib/gcc/arm-none-eabi/10.3.1/../../../../arm-none-eabi/lib/thumb/v7e-m+fp/hard\libg.a(lib_a-lock.o)
                0x08010910                __retarget_lock_init_recursive
 .text.__retarget_lock_close_recursive
                0x08010914        0x4 d:/clion/gcc-arm-none-eabi-10.3-2021.10-win32/gcc-arm-none-eabi-10.3-2021.10/bin/../lib/gcc/arm-none-eabi/10.3.1/../../../../arm-none-eabi/lib/thumb/v7e-m+fp/hard\libg.a(lib_a-lock.o)
                0x08010914                __retarget_lock_close_recursive
 .text.__retarget_lock_acquire_recursive
                0x08010918        0x4 d:/clion/gcc-arm-none-eabi-10.3-2021.10-win32/gcc-arm-none-eabi-10.3-2021.10/bin/../lib/gcc/arm-none-eabi/10.3.1/../../../../arm-none-eabi/lib/thumb/v7e-m+fp/hard\libg.a(lib_a-lock.o)
                0x08010918                __retarget_lock_acquire_recursive
 .text.__retarget_lock_release_recursive
                0x0801091c        0x4 d:/clion/gcc-arm-none-eabi-10.3-2021.10-win32/gcc-arm-none-eabi-10.3-2021.10/bin/../lib/gcc/arm-none-eabi/10.3.1/../../../../arm-none-eabi/lib/thumb/v7e-m+fp/hard\libg.a(lib_a-lock.o)
                0x0801091c                __retarget_lock_release_recursive
 .text.malloc   0x08010920       0x10 d:/clion/gcc-arm-none-eabi-10.3-2021.10-win32/gcc-arm-none-eabi-10.3-2021.10/bin/../lib/gcc/arm-none-eabi/10.3.1/../../../../arm-none-eabi/lib/thumb/v7e-m+fp/hard\libg.a(lib_a-malloc.o)
                0x08010920                malloc
 .text.free     0x08010930       0x10 d:/clion/gcc-arm-none-eabi-10.3-2021.10-win32/gcc-arm-none-eabi-10.3-2021.10/bin/../lib/gcc/arm-none-eabi/10.3.1/../../../../arm-none-eabi/lib/thumb/v7e-m+fp/hard\libg.a(lib_a-malloc.o)
                0x08010930                free
 .text._malloc_r
                0x08010940      0x560 d:/clion/gcc-arm-none-eabi-10.3-2021.10-win32/gcc-arm-none-eabi-10.3-2021.10/bin/../lib/gcc/arm-none-eabi/10.3.1/../../../../arm-none-eabi/lib/thumb/v7e-m+fp/hard\libg.a(lib_a-mallocr.o)
                0x08010940                _malloc_r
 .text.memcmp   0x08010ea0       0x64 d:/clion/gcc-arm-none-eabi-10.3-2021.10-win32/gcc-arm-none-eabi-10.3-2021.10/bin/../lib/gcc/arm-none-eabi/10.3.1/../../../../arm-none-eabi/lib/thumb/v7e-m+fp/hard\libg.a(lib_a-memcmp.o)
                0x08010ea0                memcmp
 .text.memmove  0x08010f04       0xf8 d:/clion/gcc-arm-none-eabi-10.3-2021.10-win32/gcc-arm-none-eabi-10.3-2021.10/bin/../lib/gcc/arm-none-eabi/10.3.1/../../../../arm-none-eabi/lib/thumb/v7e-m+fp/hard\libg.a(lib_a-memmove.o)
                0x08010f04                memmove
 .text.memset   0x08010ffc       0xa4 d:/clion/gcc-arm-none-eabi-10.3-2021.10-win32/gcc-arm-none-eabi-10.3-2021.10/bin/../lib/gcc/arm-none-eabi/10.3.1/../../../../arm-none-eabi/lib/thumb/v7e-m+fp/hard\libg.a(lib_a-memset.o)
                0x08010ffc                memset
 .text.__malloc_lock
                0x080110a0        0xc d:/clion/gcc-arm-none-eabi-10.3-2021.10-win32/gcc-arm-none-eabi-10.3-2021.10/bin/../lib/gcc/arm-none-eabi/10.3.1/../../../../arm-none-eabi/lib/thumb/v7e-m+fp/hard\libg.a(lib_a-mlock.o)
                0x080110a0                __malloc_lock
 .text.__malloc_unlock
                0x080110ac        0xc d:/clion/gcc-arm-none-eabi-10.3-2021.10-win32/gcc-arm-none-eabi-10.3-2021.10/bin/../lib/gcc/arm-none-eabi/10.3.1/../../../../arm-none-eabi/lib/thumb/v7e-m+fp/hard\libg.a(lib_a-mlock.o)
                0x080110ac                __malloc_unlock
 .text._putc_r  0x080110b8       0x74 d:/clion/gcc-arm-none-eabi-10.3-2021.10-win32/gcc-arm-none-eabi-10.3-2021.10/bin/../lib/gcc/arm-none-eabi/10.3.1/../../../../arm-none-eabi/lib/thumb/v7e-m+fp/hard\libg.a(lib_a-putc.o)
                0x080110b8                _putc_r
 .text.realloc  0x0801112c       0x18 d:/clion/gcc-arm-none-eabi-10.3-2021.10-win32/gcc-arm-none-eabi-10.3-2021.10/bin/../lib/gcc/arm-none-eabi/10.3.1/../../../../arm-none-eabi/lib/thumb/v7e-m+fp/hard\libg.a(lib_a-realloc.o)
                0x0801112c                realloc
 .text._realloc_r
                0x08011144      0x3d8 d:/clion/gcc-arm-none-eabi-10.3-2021.10-win32/gcc-arm-none-eabi-10.3-2021.10/bin/../lib/gcc/arm-none-eabi/10.3.1/../../../../arm-none-eabi/lib/thumb/v7e-m+fp/hard\libg.a(lib_a-reallocr.o)
                0x08011144                _realloc_r
 .text._sbrk_r  0x0801151c       0x24 d:/clion/gcc-arm-none-eabi-10.3-2021.10-win32/gcc-arm-none-eabi-10.3-2021.10/bin/../lib/gcc/arm-none-eabi/10.3.1/../../../../arm-none-eabi/lib/thumb/v7e-m+fp/hard\libg.a(lib_a-sbrkr.o)
                0x0801151c                _sbrk_r
 .text.raise    0x08011540       0x5c d:/clion/gcc-arm-none-eabi-10.3-2021.10-win32/gcc-arm-none-eabi-10.3-2021.10/bin/../lib/gcc/arm-none-eabi/10.3.1/../../../../arm-none-eabi/lib/thumb/v7e-m+fp/hard\libg.a(lib_a-signal.o)
                0x08011540                raise
 .text._kill_r  0x0801159c       0x2c d:/clion/gcc-arm-none-eabi-10.3-2021.10-win32/gcc-arm-none-eabi-10.3-2021.10/bin/../lib/gcc/arm-none-eabi/10.3.1/../../../../arm-none-eabi/lib/thumb/v7e-m+fp/hard\libg.a(lib_a-signalr.o)
                0x0801159c                _kill_r
 .text._getpid_r
                0x080115c8        0x4 d:/clion/gcc-arm-none-eabi-10.3-2021.10-win32/gcc-arm-none-eabi-10.3-2021.10/bin/../lib/gcc/arm-none-eabi/10.3.1/../../../../arm-none-eabi/lib/thumb/v7e-m+fp/hard\libg.a(lib_a-signalr.o)
                0x080115c8                _getpid_r
 .text.sprintf  0x080115cc       0x40 d:/clion/gcc-arm-none-eabi-10.3-2021.10-win32/gcc-arm-none-eabi-10.3-2021.10/bin/../lib/gcc/arm-none-eabi/10.3.1/../../../../arm-none-eabi/lib/thumb/v7e-m+fp/hard\libg.a(lib_a-sprintf.o)
                0x080115cc                sprintf