Archive member included to satisfy reference by file (symbol)

d:/clion/gcc-arm-none-eabi-10.3-2021.10-win32/gcc-arm-none-eabi-10.3-2021.10/bin/../lib/gcc/arm-none-eabi/10.3.1/thumb/v7e-m+fp/hard\libgcc.a(_aeabi_uldivmod.o)
                              CMakeFiles/CradleFOC_os.elf.dir/Drivers/STM32G4xx_HAL_Driver/Src/stm32g4xx_hal_uart.c.obj (__aeabi_uldivmod)
d:/clion/gcc-arm-none-eabi-10.3-2021.10-win32/gcc-arm-none-eabi-10.3-2021.10/bin/../lib/gcc/arm-none-eabi/10.3.1/thumb/v7e-m+fp/hard\libgcc.a(_udivmoddi4.o)
                              d:/clion/gcc-arm-none-eabi-10.3-2021.10-win32/gcc-arm-none-eabi-10.3-2021.10/bin/../lib/gcc/arm-none-eabi/10.3.1/thumb/v7e-m+fp/hard\libgcc.a(_aeabi_uldivmod.o) (__udivmoddi4)
d:/clion/gcc-arm-none-eabi-10.3-2021.10-win32/gcc-arm-none-eabi-10.3-2021.10/bin/../lib/gcc/arm-none-eabi/10.3.1/thumb/v7e-m+fp/hard\libgcc.a(unwind-arm.o)
                              CMakeFiles/CradleFOC_os.elf.dir/Ctrl/Button.cpp.obj (__aeabi_unwind_cpp_pr0)
d:/clion/gcc-arm-none-eabi-10.3-2021.10-win32/gcc-arm-none-eabi-10.3-2021.10/bin/../lib/gcc/arm-none-eabi/10.3.1/thumb/v7e-m+fp/hard\libgcc.a(libunwind.o)
                              d:/clion/gcc-arm-none-eabi-10.3-2021.10-win32/gcc-arm-none-eabi-10.3-2021.10/bin/../lib/gcc/arm-none-eabi/10.3.1/thumb/v7e-m+fp/hard\libgcc.a(unwind-arm.o) (restore_core_regs)
d:/clion/gcc-arm-none-eabi-10.3-2021.10-win32/gcc-arm-none-eabi-10.3-2021.10/bin/../lib/gcc/arm-none-eabi/10.3.1/thumb/v7e-m+fp/hard\libgcc.a(pr-support.o)
                              d:/clion/gcc-arm-none-eabi-10.3-2021.10-win32/gcc-arm-none-eabi-10.3-2021.10/bin/../lib/gcc/arm-none-eabi/10.3.1/thumb/v7e-m+fp/hard\libgcc.a(unwind-arm.o) (__gnu_unwind_execute)
d:/clion/gcc-arm-none-eabi-10.3-2021.10-win32/gcc-arm-none-eabi-10.3-2021.10/bin/../lib/gcc/arm-none-eabi/10.3.1/thumb/v7e-m+fp/hard\libgcc.a(_dvmd_tls.o)
                              d:/clion/gcc-arm-none-eabi-10.3-2021.10-win32/gcc-arm-none-eabi-10.3-2021.10/bin/../lib/gcc/arm-none-eabi/10.3.1/thumb/v7e-m+fp/hard\libgcc.a(_aeabi_uldivmod.o) (__aeabi_ldiv0)
d:/clion/gcc-arm-none-eabi-10.3-2021.10-win32/gcc-arm-none-eabi-10.3-2021.10/bin/../lib/gcc/arm-none-eabi/10.3.1/../../../../arm-none-eabi/lib/thumb/v7e-m+fp/hard\libg.a(lib_a-abort.o)
                              d:/clion/gcc-arm-none-eabi-10.3-2021.10-win32/gcc-arm-none-eabi-10.3-2021.10/bin/../lib/gcc/arm-none-eabi/10.3.1/thumb/v7e-m+fp/hard\libgcc.a(unwind-arm.o) (abort)
d:/clion/gcc-arm-none-eabi-10.3-2021.10-win32/gcc-arm-none-eabi-10.3-2021.10/bin/../lib/gcc/arm-none-eabi/10.3.1/../../../../arm-none-eabi/lib/thumb/v7e-m+fp/hard\libg.a(lib_a-errno.o)
                              CMakeFiles/CradleFOC_os.elf.dir/Core/Src/syscalls.c.obj (__errno)
d:/clion/gcc-arm-none-eabi-10.3-2021.10-win32/gcc-arm-none-eabi-10.3-2021.10/bin/../lib/gcc/arm-none-eabi/10.3.1/../../../../arm-none-eabi/lib/thumb/v7e-m+fp/hard\libg.a(lib_a-exit.o)
                              d:/clion/gcc-arm-none-eabi-10.3-2021.10-win32/gcc-arm-none-eabi-10.3-2021.10/bin/../lib/gcc/arm-none-eabi/10.3.1/../../../../arm-none-eabi/lib/thumb/v7e-m+fp/hard/crt0.o (exit)
d:/clion/gcc-arm-none-eabi-10.3-2021.10-win32/gcc-arm-none-eabi-10.3-2021.10/bin/../lib/gcc/arm-none-eabi/10.3.1/../../../../arm-none-eabi/lib/thumb/v7e-m+fp/hard\libg.a(lib_a-impure.o)
                              d:/clion/gcc-arm-none-eabi-10.3-2021.10-win32/gcc-arm-none-eabi-10.3-2021.10/bin/../lib/gcc/arm-none-eabi/10.3.1/../../../../arm-none-eabi/lib/thumb/v7e-m+fp/hard\libg.a(lib_a-exit.o) (_global_impure_ptr)
d:/clion/gcc-arm-none-eabi-10.3-2021.10-win32/gcc-arm-none-eabi-10.3-2021.10/bin/../lib/gcc/arm-none-eabi/10.3.1/../../../../arm-none-eabi/lib/thumb/v7e-m+fp/hard\libg.a(lib_a-init.o)
                              d:/clion/gcc-arm-none-eabi-10.3-2021.10-win32/gcc-arm-none-eabi-10.3-2021.10/bin/../lib/gcc/arm-none-eabi/10.3.1/../../../../arm-none-eabi/lib/thumb/v7e-m+fp/hard/crt0.o (__libc_init_array)
d:/clion/gcc-arm-none-eabi-10.3-2021.10-win32/gcc-arm-none-eabi-10.3-2021.10/bin/../lib/gcc/arm-none-eabi/10.3.1/../../../../arm-none-eabi/lib/thumb/v7e-m+fp/hard\libg.a(lib_a-memcpy.o)
                              CMakeFiles/CradleFOC_os.elf.dir/Middlewares/Third_Party/FreeRTOS/Source/queue.c.obj (memcpy)
d:/clion/gcc-arm-none-eabi-10.3-2021.10-win32/gcc-arm-none-eabi-10.3-2021.10/bin/../lib/gcc/arm-none-eabi/10.3.1/../../../../arm-none-eabi/lib/thumb/v7e-m+fp/hard\libg.a(lib_a-memset.o)
                              d:/clion/gcc-arm-none-eabi-10.3-2021.10-win32/gcc-arm-none-eabi-10.3-2021.10/bin/../lib/gcc/arm-none-eabi/10.3.1/../../../../arm-none-eabi/lib/thumb/v7e-m+fp/hard/crt0.o (memset)
d:/clion/gcc-arm-none-eabi-10.3-2021.10-win32/gcc-arm-none-eabi-10.3-2021.10/bin/../lib/gcc/arm-none-eabi/10.3.1/../../../../arm-none-eabi/lib/thumb/v7e-m+fp/hard\libg.a(lib_a-signal.o)
[...]
Memory Configuration

Name             Origin             Length             Attributes
RAM              0x20000000         0x00008000         xrw
FLASH            0x08000000         0x00020000         xr
*default*        0x00000000         0xffffffff

Linker script and memory map

LOAD d:/clion/gcc-arm-none-eabi-10.3-2021.10-win32/gcc-arm-none-eabi-10.3-2021.10/bin/../lib/gcc/arm-none-eabi/10.3.1/thumb/v7e-m+fp/hard/crti.o
LOAD d:/clion/gcc-arm-none-eabi-10.3-2021.10-win32/gcc-arm-none-eabi-10.3-2021.10/bin/../lib/gcc/arm-none-eabi/10.3.1/thumb/v7e-m+fp/hard/crtbegin.o
LOAD d:/clion/gcc-arm-none-eabi-10.3-2021.10-win32/gcc-arm-none-eabi-10.3-2021.10/bin/../lib/gcc/arm-none-eabi/10.3.1/../../../../arm-none-eabi/lib/thumb/v7e-m+fp/hard/crt0.o
LOAD CMakeFiles/CradleFOC_os.elf.dir/Core/Src/app_freertos.c.obj
LOAD CMakeFiles/CradleFOC_os.elf.dir/Core/Src/dma.c.obj
LOAD CMakeFiles/CradleFOC_os.elf.dir/Core/Src/gpio.c.obj
LOAD CMakeFiles/CradleFOC_os.elf.dir/Core/Src/main.c.obj
LOAD CMakeFiles/CradleFOC_os.elf.dir/Core/Src/stm32g4xx_hal_msp.c.obj
LOAD CMakeFiles/CradleFOC_os.elf.dir/Core/Src/stm32g4xx_hal_timebase_tim.c.obj
LOAD CMakeFiles/CradleFOC_os.elf.dir/Core/Src/stm32g4xx_it.c.obj
LOAD CMakeFiles/CradleFOC_os.elf.dir/Core/Src/syscalls.c.obj
LOAD CMakeFiles/CradleFOC_os.elf.dir/Core/Src/sysmem.c.obj
LOAD CMakeFiles/CradleFOC_os.elf.dir/Core/Src/system_stm32g4xx.c.obj
LOAD CMakeFiles/CradleFOC_os.elf.dir/Core/Src/usart.c.obj
LOAD CMakeFiles/CradleFOC_os.elf.dir/Core/Startup/startup_stm32g431cbux.s.obj
LOAD CMakeFiles/CradleFOC_os.elf.dir/Ctrl/Button.cpp.obj
LOAD CMakeFiles/CradleFOC_os.elf.dir/Drivers/STM32G4xx_HAL_Driver/Src/stm32g4xx_hal.c.obj
LOAD CMakeFiles/CradleFOC_os.elf.dir/Drivers/STM32G4xx_HAL_Driver/Src/stm32g4xx_hal_cortex.c.obj
LOAD CMakeFiles/CradleFOC_os.elf.dir/Drivers/STM32G4xx_HAL_Driver/Src/stm32g4xx_hal_dma.c.obj
LOAD CMakeFiles/CradleFOC_os.elf.dir/Drivers/STM32G4xx_HAL_Driver/Src/stm32g4xx_hal_dma_ex.c.obj
LOAD CMakeFiles/CradleFOC_os.elf.dir/Drivers/STM32G4xx_HAL_Driver/Src/stm32g4xx_hal_exti.c.obj
LOAD CMakeFiles/CradleFOC_os.elf.dir/Drivers/STM32G4xx_HAL_Driver/Src/stm32g4xx_hal_flash.c.obj
LOAD CMakeFiles/CradleFOC_os.elf.dir/Drivers/STM32G4xx_HAL_Driver/Src/stm32g4xx_hal_flash_ex.c.obj
LOAD CMakeFiles/CradleFOC_os.elf.dir/Drivers/STM32G4xx_HAL_Driver/Src/stm32g4xx_hal_flash_ramfunc.c.obj
LOAD CMakeFiles/CradleFOC_os.elf.dir/Drivers/STM32G4xx_HAL_Driver/Src/stm32g4xx_hal_gpio.c.obj
LOAD CMakeFiles/CradleFOC_os.elf.dir/Drivers/STM32G4xx_HAL_Driver/Src/stm32g4xx_hal_pwr.c.obj
LOAD CMakeFiles/CradleFOC_os.elf.dir/Drivers/STM32G4xx_HAL_Driver/Src/stm32g4xx_hal_pwr_ex.c.obj
LOAD CMakeFiles/CradleFOC_os.elf.dir/Drivers/STM32G4xx_HAL_Driver/Src/stm32g4xx_hal_rcc.c.obj
LOAD CMakeFiles/CradleFOC_os.elf.dir/Drivers/STM32G4xx_HAL_Driver/Src/stm32g4xx_hal_rcc_ex.c.obj
LOAD CMakeFiles/CradleFOC_os.elf.dir/Drivers/STM32G4xx_HAL_Driver/Src/stm32g4xx_hal_tim.c.obj
LOAD CMakeFiles/CradleFOC_os.elf.dir/Drivers/STM32G4xx_HAL_Driver/Src/stm32g4xx_hal_tim_ex.c.obj
LOAD CMakeFiles/CradleFOC_os.elf.dir/Drivers/STM32G4xx_HAL_Driver/Src/stm32g4xx_hal_uart.c.obj
LOAD CMakeFiles/CradleFOC_os.elf.dir/Drivers/STM32G4xx_HAL_Driver/Src/stm32g4xx_hal_uart_ex.c.obj
LOAD CMakeFiles/CradleFOC_os.elf.dir/Middlewares/Third_Party/FreeRTOS/Source/CMSIS_RTOS/cmsis_os.c.obj
LOAD CMakeFiles/CradleFOC_os.elf.dir/Middlewares/Third_Party/FreeRTOS/Source/croutine.c.obj
LOAD CMakeFiles/CradleFOC_os.elf.dir/Middlewares/Third_Party/FreeRTOS/Source/event_groups.c.obj
LOAD CMakeFiles/CradleFOC_os.elf.dir/Middlewares/Third_Party/FreeRTOS/Source/list.c.obj
LOAD CMakeFiles/CradleFOC_os.elf.dir/Middlewares/Third_Party/FreeRTOS/Source/portable/GCC/ARM_CM4F/port.c.obj
LOAD CMakeFiles/CradleFOC_os.elf.dir/Middlewares/Third_Party/FreeRTOS/Source/portable/MemMang/heap_4.c.obj
LOAD CMakeFiles/CradleFOC_os.elf.dir/Middlewares/Third_Party/FreeRTOS/Source/queue.c.obj
LOAD CMakeFiles/CradleFOC_os.elf.dir/Middlewares/Third_Party/FreeRTOS/Source/stream_buffer.c.obj
LOAD CMakeFiles/CradleFOC_os.elf.dir/Middlewares/Third_Party/FreeRTOS/Source/tasks.c.obj
LOAD CMakeFiles/CradleFOC_os.elf.dir/Middlewares/Third_Party/FreeRTOS/Source/timers.c.obj
LOAD CMakeFiles/CradleFOC_os.elf.dir/UserAPP/Serial.cpp.obj
LOAD CMakeFiles/CradleFOC_os.elf.dir/UserAPP/UserAPP.cpp.obj
LOAD d:/clion/gcc-arm-none-eabi-10.3-2021.10-win32/gcc-arm-none-eabi-10.3-2021.10/bin/../lib/gcc/arm-none-eabi/10.3.1/../../../../arm-none-eabi/lib/thumb/v7e-m+fp/hard\libstdc++.a
LOAD d:/clion/gcc-arm-none-eabi-10.3-2021.10-win32/gcc-arm-none-eabi-10.3-2021.10/bin/../lib/gcc/arm-none-eabi/10.3.1/../../../../arm-none-eabi/lib/thumb/v7e-m+fp/hard\libm.a
START GROUP
LOAD d:/clion/gcc-arm-none-eabi-10.3-2021.10-win32/gcc-arm-none-eabi-10.3-2021.10/bin/../lib/gcc/arm-none-eabi/10.3.1/thumb/v7e-m+fp/hard\libgcc.a
LOAD d:/clion/gcc-arm-none-eabi-10.3-2021.10-win32/gcc-arm-none-eabi-10.3-2021.10/bin/../lib/gcc/arm-none-eabi/10.3.1/../../../../arm-none-eabi/lib/thumb/v7e-m+fp/hard\libg.a
LOAD d:/clion/gcc-arm-none-eabi-10.3-2021.10-win32/gcc-arm-none-eabi-10.3-2021.10/bin/../lib/gcc/arm-none-eabi/10.3.1/../../../../arm-none-eabi/lib/thumb/v7e-m+fp/hard\libc.a
END GROUP
LOAD d:/clion/gcc-arm-none-eabi-10.3-2021.10-win32/gcc-arm-none-eabi-10.3-2021.10/bin/../lib/gcc/arm-none-eabi/10.3.1/thumb/v7e-m+fp/hard/crtend.o
LOAD d:/clion/gcc-arm-none-eabi-10.3-2021.10-win32/gcc-arm-none-eabi-10.3-2021.10/bin/../lib/gcc/arm-none-eabi/10.3.1/thumb/v7e-m+fp/hard/crtn.o
                0x20008000                _estack = (ORIGIN (RAM) + LENGTH (RAM))
                0x00000200                _Min_Heap_Size = 0x200
                0x00000400                _Min_Stack_Size = 0x400

.isr_vector     0x08000000      0x1d8
                0x08000000                . = ALIGN (0x4)
 *(.isr_vector)
 .isr_vector    0x08000000      0x1d8 CMakeFiles/CradleFOC_os.elf.dir/Core/Startup/startup_stm32g431cbux.s.obj
                0x08000000                g_pfnVectors
                0x080001d8                . = ALIGN (0x4)

.text           0x08000200     0xb8dc
                0x08000200                . = ALIGN (0x4)
 *(.text)
 .text          0x08000200       0x40 d:/clion/gcc-arm-none-eabi-10.3-2021.10-win32/gcc-arm-none-eabi-10.3-2021.10/bin/../lib/gcc/arm-none-eabi/10.3.1/thumb/v7e-m+fp/hard/crtbegin.o
 .text          0x08000240       0x30 d:/clion/gcc-arm-none-eabi-10.3-2021.10-win32/gcc-arm-none-eabi-10.3-2021.10/bin/../lib/gcc/arm-none-eabi/10.3.1/thumb/v7e-m+fp/hard\libgcc.a(_aeabi_uldivmod.o)
                0x08000240                __aeabi_uldivmod
 .text          0x08000270      0x2d0 d:/clion/gcc-arm-none-eabi-10.3-2021.10-win32/gcc-arm-none-eabi-10.3-2021.10/bin/../lib/gcc/arm-none-eabi/10.3.1/thumb/v7e-m+fp/hard\libgcc.a(_udivmoddi4.o)
                0x08000270                __udivmoddi4
 .text          0x08000540      0x9d8 d:/clion/gcc-arm-none-eabi-10.3-2021.10-win32/gcc-arm-none-eabi-10.3-2021.10/bin/../lib/gcc/arm-none-eabi/10.3.1/thumb/v7e-m+fp/hard\libgcc.a(unwind-arm.o)
                0x080007e8                _Unwind_GetCFA
                0x080007ec                __gnu_Unwind_RaiseException
                0x08000854                __gnu_Unwind_ForcedUnwind
                0x08000864                __gnu_Unwind_Resume
                0x080008a8                __gnu_Unwind_Resume_or_Rethrow
                0x080008b8                _Unwind_Complete
                0x080008bc                _Unwind_DeleteException
                0x080008c8                _Unwind_VRS_Get
                0x08000914                _Unwind_VRS_Set
                0x0800095c                __gnu_Unwind_Backtrace
                0x08000c88                __aeabi_unwind_cpp_pr0
                0x08000c8c                __aeabi_unwind_cpp_pr1
                0x08000c90                __aeabi_unwind_cpp_pr2
                0x08000c94                _Unwind_VRS_Pop
 .text          0x08000f18      0x1ac d:/clion/gcc-arm-none-eabi-10.3-2021.10-win32/gcc-arm-none-eabi-10.3-2021.10/bin/../lib/gcc/arm-none-eabi/10.3.1/thumb/v7e-m+fp/hard\libgcc.a(libunwind.o)
                0x08000f18                __restore_core_regs
                0x08000f18                restore_core_regs
                0x08000f30                __gnu_Unwind_Restore_VFP
                0x08000f38                __gnu_Unwind_Save_VFP
                0x08000f40                __gnu_Unwind_Restore_VFP_D
                0x08000f48                __gnu_Unwind_Save_VFP_D
                0x08000f50                __gnu_Unwind_Restore_VFP_D_16_to_31
                0x08000f58                __gnu_Unwind_Save_VFP_D_16_to_31
                0x08000f60                __gnu_Unwind_Restore_WMMXD
                0x08000fa4                __gnu_Unwind_Save_WMMXD
                0x08000fe8                __gnu_Unwind_Restore_WMMXC
                0x08000ffc                __gnu_Unwind_Save_WMMXC
                0x08001010                ___Unwind_RaiseException
                0x08001010                _Unwind_RaiseException
                0x08001034                _Unwind_Resume
                0x08001034                ___Unwind_Resume
                0x08001058                _Unwind_Resume_or_Rethrow
                0x08001058                ___Unwind_Resume_or_Rethrow
                0x0800107c                _Unwind_ForcedUnwind
                0x0800107c                ___Unwind_ForcedUnwind
                0x080010a0                ___Unwind_Backtrace
                0x080010a0                _Unwind_Backtrace
 .text          0x080010c4      0x350 d:/clion/gcc-arm-none-eabi-10.3-2021.10-win32/gcc-arm-none-eabi-10.3-2021.10/bin/../lib/gcc/arm-none-eabi/10.3.1/thumb/v7e-m+fp/hard\libgcc.a(pr-support.o)
                0x0800111c                __gnu_unwind_execute
                0x080013c8                __gnu_unwind_frame
                0x080013f4                _Unwind_GetRegionStart
                0x08001400                _Unwind_GetLanguageSpecificData
 .text          0x08001414        0x4 d:/clion/gcc-arm-none-eabi-10.3-2021.10-win32/gcc-arm-none-eabi-10.3-2021.10/bin/../lib/gcc/arm-none-eabi/10.3.1/thumb/v7e-m+fp/hard\libgcc.a(_dvmd_tls.o)
                0x08001414                __aeabi_idiv0
                0x08001414                __aeabi_ldiv0
 .text          0x08001418      0x134 d:/clion/gcc-arm-none-eabi-10.3-2021.10-win32/gcc-arm-none-eabi-10.3-2021.10/bin/../lib/gcc/arm-none-eabi/10.3.1/../../../../arm-none-eabi/lib/thumb/v7e-m+fp/hard\libg.a(lib_a-memcpy.o)
                0x08001418                memcpy
 *fill*         0x0800154c       0x34 
 .text          0x08001580       0xdc d:/clion/gcc-arm-none-eabi-10.3-2021.10-win32/gcc-arm-none-eabi-10.3-2021.10/bin/../lib/gcc/arm-none-eabi/10.3.1/../../../../arm-none-eabi/lib/thumb/v7e-m+fp/hard\libg.a(lib_a-strlen.o)
                0x08001580                strlen
 *fill*         0x0800165c        0x4 
 .text          0x08001660       0xa0 d:/clion/gcc-arm-none-eabi-10.3-2021.10-win32/gcc-arm-none-eabi-10.3-2021.10/bin/../lib/gcc/arm-none-eabi/10.3.1/../../../../arm-none-eabi/lib/thumb/v7e-m+fp/hard\libg.a(lib_a-memchr.o)
                0x08001660                memchr
 .text          0x08001700      0x378 d:/clion/gcc-arm-none-eabi-10.3-2021.10-win32/gcc-arm-none-eabi-10.3-2021.10/bin/../lib/gcc/arm-none-eabi/10.3.1/thumb/v7e-m+fp/hard\libgcc.a(_arm_addsubdf3.o)
                0x08001700                __aeabi_drsub
                0x08001708                __aeabi_dsub
                0x08001708                __subdf3
                0x0800170c                __aeabi_dadd
                0x0800170c                __adddf3
                0x08001984                __floatunsidf
                0x08001984                __aeabi_ui2d
                0x080019a4                __floatsidf
                0x080019a4                __aeabi_i2d
                0x080019c8                __aeabi_f2d
                0x080019c8                __extendsfdf2
                0x08001a0c                __floatundidf
                0x08001a0c                __aeabi_ul2d
                0x08001a1c                __floatdidf
                0x08001a1c                __aeabi_l2d
 .text          0x08001a78      0x424 d:/clion/gcc-arm-none-eabi-10.3-2021.10-win32/gcc-arm-none-eabi-10.3-2021.10/bin/../lib/gcc/arm-none-eabi/10.3.1/thumb/v7e-m+fp/hard\libgcc.a(_arm_muldivdf3.o)
                0x08001a78                __aeabi_dmul
                0x08001a78                __muldf3
                0x08001ccc                __divdf3
                0x08001ccc                __aeabi_ddiv
 .text          0x08001e9c      0x110 d:/clion/gcc-arm-none-eabi-10.3-2021.10-win32/gcc-arm-none-eabi-10.3-2021.10/bin/../lib/gcc/arm-none-eabi/10.3.1/thumb/v7e-m+fp/hard\libgcc.a(_arm_cmpdf2.o)
                0x08001e9c                __gtdf2
                0x08001e9c                __gedf2
                0x08001ea4                __ltdf2
                0x08001ea4                __ledf2
                0x08001eac                __nedf2
                0x08001eac                __eqdf2
                0x08001eac                __cmpdf2
                0x08001f28                __aeabi_cdrcmple
                0x08001f38                __aeabi_cdcmpeq
                0x08001f38                __aeabi_cdcmple
                0x08001f48                __aeabi_dcmpeq
                0x08001f5c                __aeabi_dcmplt
                0x08001f70                __aeabi_dcmple
                0x08001f84                __aeabi_dcmpge
                0x08001f98                __aeabi_dcmpgt
 .text          0x08001fac       0x2c d:/clion/gcc-arm-none-eabi-10.3-2021.10-win32/gcc-arm-none-eabi-10.3-2021.10/bin/../lib/gcc/arm-none-eabi/10.3.1/thumb/v7e-m+fp/hard\libgcc.a(_arm_unorddf2.o)
                0x08001fac                __unorddf2
                0x08001fac                __aeabi_dcmpun
 .text          0x08001fd8       0x50 d:/clion/gcc-arm-none-eabi-10.3-2021.10-win32/gcc-arm-none-eabi-10.3-2021.10/bin/../lib/gcc/arm-none-eabi/10.3.1/thumb/v7e-m+fp/hard\libgcc.a(_arm_fixdfsi.o)
                0x08001fd8                __aeabi_d2iz
                0x08001fd8                __fixdfsi
 *(.text*)
 .text.StartDefaultTask
                0x08002028        0xa CMakeFiles/CradleFOC_os.elf.dir/Core/Src/app_freertos.c.obj
                0x08002028                StartDefaultTask
 .text.FOC_LOG  0x08002032        0xe CMakeFiles/CradleFOC_os.elf.dir/Core/Src/app_freertos.c.obj
                0x08002032                FOC_LOG
 .text.KEY_USER
                0x08002040        0xe CMakeFiles/CradleFOC_os.elf.dir/Core/Src/app_freertos.c.obj
                0x08002040                KEY_USER
 .text.FOC      0x0800204e        0xe CMakeFiles/CradleFOC_os.elf.dir/Core/Src/app_freertos.c.obj
                0x0800204e                FOC
 .text.MX_FREERTOS_Init
                0x0800205c       0xb0 CMakeFiles/CradleFOC_os.elf.dir/Core/Src/app_freertos.c.obj
                0x0800205c                MX_FREERTOS_Init
 .text.MX_DMA_Init
                0x0800210c       0x44 CMakeFiles/CradleFOC_os.elf.dir/Core/Src/dma.c.obj
                0x0800210c                MX_DMA_Init
 .text.MX_GPIO_Init
                0x08002150       0xb0 CMakeFiles/CradleFOC_os.elf.dir/Core/Src/gpio.c.obj
                0x08002150                MX_GPIO_Init
 .text.HAL_TIM_PeriodElapsedCallback
                0x08002200       0x18 CMakeFiles/CradleFOC_os.elf.dir/Core/Src/main.c.obj
                0x08002200                HAL_TIM_PeriodElapsedCallback
 .text.Error_Handler
                0x08002218        0x4 CMakeFiles/CradleFOC_os.elf.dir/Core/Src/main.c.obj
                0x08002218                Error_Handler
 .text.SystemClock_Config
                0x0800221c       0x70 CMakeFiles/CradleFOC_os.elf.dir/Core/Src/main.c.obj
                0x0800221c                SystemClock_Config
 .text.main     0x0800228c       0x20 CMakeFiles/CradleFOC_os.elf.dir/Core/Src/main.c.obj
                0x0800228c                main
 .text.HAL_MspInit
                0x080022ac       0x44 CMakeFiles/CradleFOC_os.elf.dir/Core/Src/stm32g4xx_hal_msp.c.obj
                0x080022ac                HAL_MspInit
 .text.HAL_InitTick
                0x080022f0       0x94 CMakeFiles/CradleFOC_os.elf.dir/Core/Src/stm32g4xx_hal_timebase_tim.c.obj
                0x080022f0                HAL_InitTick
 .text.NMI_Handler
                0x08002384        0x2 CMakeFiles/CradleFOC_os.elf.dir/Core/Src/stm32g4xx_it.c.obj
                0x08002384                NMI_Handler
 .text.HardFault_Handler
                0x08002386        0x2 CMakeFiles/CradleFOC_os.elf.dir/Core/Src/stm32g4xx_it.c.obj
                0x08002386                HardFault_Handler
 .text.MemManage_Handler
                0x08002388        0x2 CMakeFiles/CradleFOC_os.elf.dir/Core/Src/stm32g4xx_it.c.obj
                0x08002388                MemManage_Handler
 .text.BusFault_Handler
                0x0800238a        0x2 CMakeFiles/CradleFOC_os.elf.dir/Core/Src/stm32g4xx_it.c.obj
                0x0800238a                BusFault_Handler
 .text.UsageFault_Handler
                0x0800238c        0x2 CMakeFiles/CradleFOC_os.elf.dir/Core/Src/stm32g4xx_it.c.obj
                0x0800238c                UsageFault_Handler
 .text.DebugMon_Handler
                0x0800238e        0x2 CMakeFiles/CradleFOC_os.elf.dir/Core/Src/stm32g4xx_it.c.obj
                0x0800238e                DebugMon_Handler
 .text.DMA1_Channel1_IRQHandler
                0x08002390       0x10 CMakeFiles/CradleFOC_os.elf.dir/Core/Src/stm32g4xx_it.c.obj
                0x08002390                DMA1_Channel1_IRQHandler
 .text.TIM3_IRQHandler
                0x080023a0       0x10 CMakeFiles/CradleFOC_os.elf.dir/Core/Src/stm32g4xx_it.c.obj
                0x080023a0                TIM3_IRQHandler
 .text.USART1_IRQHandler
                0x080023b0       0x10 CMakeFiles/CradleFOC_os.elf.dir/Core/Src/stm32g4xx_it.c.obj
                0x080023b0                USART1_IRQHandler
 .text.EXTI15_10_IRQHandler
                0x080023c0       0x14 CMakeFiles/CradleFOC_os.elf.dir/Core/Src/stm32g4xx_it.c.obj
                0x080023c0                EXTI15_10_IRQHandler
 .text._getpid  0x080023d4        0x4 CMakeFiles/CradleFOC_os.elf.dir/Core/Src/syscalls.c.obj
                0x080023d4                _getpid
 .text._kill    0x080023d8       0x10 CMakeFiles/CradleFOC_os.elf.dir/Core/Src/syscalls.c.obj
                0x080023d8                _kill
 .text._exit    0x080023e8        0xc CMakeFiles/CradleFOC_os.elf.dir/Core/Src/syscalls.c.obj
                0x080023e8                _exit
 .text._read    0x080023f4       0x20 CMakeFiles/CradleFOC_os.elf.dir/Core/Src/syscalls.c.obj
                0x080023f4                _read
 .text._write   0x08002414       0x1c CMakeFiles/CradleFOC_os.elf.dir/Core/Src/syscalls.c.obj
                0x08002414                _write
 .text._close   0x08002430        0x6 CMakeFiles/CradleFOC_os.elf.dir/Core/Src/syscalls.c.obj
                0x08002430                _close
 .text._fstat   0x08002436        0xa CMakeFiles/CradleFOC_os.elf.dir/Core/Src/syscalls.c.obj
                0x08002436                _fstat
 .text._isatty  0x08002440        0x4 CMakeFiles/CradleFOC_os.elf.dir/Core/Src/syscalls.c.obj
                0x08002440                _isatty
 .text._lseek   0x08002444        0x4 CMakeFiles/CradleFOC_os.elf.dir/Core/Src/syscalls.c.obj
                0x08002444                _lseek
 .text._sbrk    0x08002448       0x48 CMakeFiles/CradleFOC_os.elf.dir/Core/Src/sysmem.c.obj
                0x08002448                _sbrk
 .text.SystemInit
                0x08002490       0x14 CMakeFiles/CradleFOC_os.elf.dir/Core/Src/system_stm32g4xx.c.obj
                0x08002490                SystemInit
 .text.MX_USART1_UART_Init
                0x080024a4       0x68 CMakeFiles/CradleFOC_os.elf.dir/Core/Src/usart.c.obj
                0x080024a4                MX_USART1_UART_Init
 .text.HAL_UART_MspInit
                0x0800250c       0xd0 CMakeFiles/CradleFOC_os.elf.dir/Core/Src/usart.c.obj
                0x0800250c                HAL_UART_MspInit
 .text.Reset_Handler
                0x080025dc       0x50 CMakeFiles/CradleFOC_os.elf.dir/Core/Startup/startup_stm32g431cbux.s.obj
                0x080025dc                Reset_Handler
 .text.Default_Handler
                0x0800262c        0x2 CMakeFiles/CradleFOC_os.elf.dir/Core/Startup/startup_stm32g431cbux.s.obj
                0x0800262c                RTC_Alarm_IRQHandler
                0x0800262c                EXTI2_IRQHandler
                0x0800262c                TIM8_TRG_COM_IRQHandler
                0x0800262c                TIM8_CC_IRQHandler
                0x0800262c                TIM1_CC_IRQHandler
                0x0800262c                USB_HP_IRQHandler
                0x0800262c                CORDIC_IRQHandler
                0x0800262c                EXTI3_IRQHandler
                0x0800262c                I2C3_ER_IRQHandler
                0x0800262c                EXTI0_IRQHandler
                0x0800262c                I2C2_EV_IRQHandler
                0x0800262c                FPU_IRQHandler
                0x0800262c                FDCAN1_IT1_IRQHandler
                0x0800262c                TIM1_UP_TIM16_IRQHandler
                0x0800262c                ADC1_2_IRQHandler
                0x0800262c                SPI1_IRQHandler
                0x0800262c                TIM6_DAC_IRQHandler
                0x0800262c                TIM8_UP_IRQHandler
                0x0800262c                DMA2_Channel2_IRQHandler
                0x0800262c                DMA1_Channel4_IRQHandler
                0x0800262c                USART3_IRQHandler
                0x0800262c                TIM4_IRQHandler
                0x0800262c                DMA2_Channel1_IRQHandler
                0x0800262c                I2C1_EV_IRQHandler
                0x0800262c                DMA1_Channel6_IRQHandler
                0x0800262c                UART4_IRQHandler
                0x0800262c                DMA2_Channel4_IRQHandler
                0x0800262c                RCC_IRQHandler
                0x0800262c                Default_Handler
                0x0800262c                RTC_TAMP_LSECSS_IRQHandler
                0x0800262c                FMAC_IRQHandler
                0x0800262c                TIM7_IRQHandler
                0x0800262c                UCPD1_IRQHandler
                0x0800262c                I2C3_EV_IRQHandler
                0x0800262c                EXTI9_5_IRQHandler
                0x0800262c                RTC_WKUP_IRQHandler
                0x0800262c                PVD_PVM_IRQHandler
                0x0800262c                SPI2_IRQHandler
                0x0800262c                DMA2_Channel5_IRQHandler
                0x0800262c                CRS_IRQHandler
                0x0800262c                DMA1_Channel5_IRQHandler
                0x0800262c                USB_LP_IRQHandler
                0x0800262c                EXTI4_IRQHandler
                0x0800262c                RNG_IRQHandler
                0x0800262c                TIM1_TRG_COM_TIM17_IRQHandler
                0x0800262c                DMA1_Channel3_IRQHandler
                0x0800262c                WWDG_IRQHandler
                0x0800262c                LPUART1_IRQHandler
                0x0800262c                DMA2_Channel6_IRQHandler
                0x0800262c                FDCAN1_IT0_IRQHandler
                0x0800262c                TIM2_IRQHandler
                0x0800262c                COMP1_2_3_IRQHandler
                0x0800262c                EXTI1_IRQHandler
                0x0800262c                USART2_IRQHandler
                0x0800262c                I2C2_ER_IRQHandler
                0x0800262c                DMA1_Channel2_IRQHandler
                0x0800262c                TIM8_BRK_IRQHandler
                0x0800262c                FLASH_IRQHandler
                0x0800262c                SPI3_IRQHandler
                0x0800262c                I2C1_ER_IRQHandler
                0x0800262c                LPTIM1_IRQHandler
                0x0800262c                DMAMUX_OVR_IRQHandler
                0x0800262c                USBWakeUp_IRQHandler
                0x0800262c                SAI1_IRQHandler
                0x0800262c                DMA2_Channel3_IRQHandler
                0x0800262c                COMP4_IRQHandler
                0x0800262c                TIM1_BRK_TIM15_IRQHandler
 *fill*         0x0800262e        0x2 
 .text._Z8delay_usm
                0x08002630       0x24 CMakeFiles/CradleFOC_os.elf.dir/Ctrl/Button.cpp.obj
                0x08002630                delay_us(unsigned long)
 .text._Z8key_scanP12GPIO_TypeDeft
                0x08002654       0x40 CMakeFiles/CradleFOC_os.elf.dir/Ctrl/Button.cpp.obj
                0x08002654                key_scan(GPIO_TypeDef*, unsigned short)
 .text.HAL_GPIO_EXTI_Callback
                0x08002694       0x58 CMakeFiles/CradleFOC_os.elf.dir/Ctrl/Button.cpp.obj
                0x08002694                HAL_GPIO_EXTI_Callback
 .text.HAL_Init
                0x080026ec       0x1e CMakeFiles/CradleFOC_os.elf.dir/Drivers/STM32G4xx_HAL_Driver/Src/stm32g4xx_hal.c.obj
                0x080026ec                HAL_Init
 *fill*         0x0800270a        0x2 
 .text.HAL_IncTick
                0x0800270c       0x18 CMakeFiles/CradleFOC_os.elf.dir/Drivers/STM32G4xx_HAL_Driver/Src/stm32g4xx_hal.c.obj
                0x0800270c                HAL_IncTick
 .text.HAL_GetTick
                0x08002724        0xc CMakeFiles/CradleFOC_os.elf.dir/Drivers/STM32G4xx_HAL_Driver/Src/stm32g4xx_hal.c.obj
                0x08002724                HAL_GetTick
 .text.HAL_Delay
                0x08002730       0x28 CMakeFiles/CradleFOC_os.elf.dir/Drivers/STM32G4xx_HAL_Driver/Src/stm32g4xx_hal.c.obj
                0x08002730                HAL_Delay
 .text.HAL_NVIC_SetPriorityGrouping
                0x08002758       0x24 CMakeFiles/CradleFOC_os.elf.dir/Drivers/STM32G4xx_HAL_Driver/Src/stm32g4xx_hal_cortex.c.obj
                0x08002758                HAL_NVIC_SetPriorityGrouping
 .text.HAL_NVIC_SetPriority
                0x0800277c       0x70 CMakeFiles/CradleFOC_os.elf.dir/Drivers/STM32G4xx_HAL_Driver/Src/stm32g4xx_hal_cortex.c.obj
                0x0800277c                HAL_NVIC_SetPriority
 .text.HAL_NVIC_EnableIRQ
                0x080027ec       0x1c CMakeFiles/CradleFOC_os.elf.dir/Drivers/STM32G4xx_HAL_Driver/Src/stm32g4xx_hal_cortex.c.obj
                0x080027ec                HAL_NVIC_EnableIRQ
 .text.HAL_NVIC_DisableIRQ
                0x08002808       0x24 CMakeFiles/CradleFOC_os.elf.dir/Drivers/STM32G4xx_HAL_Driver/Src/stm32g4xx_hal_cortex.c.obj
                0x08002808                HAL_NVIC_DisableIRQ
 .text.DMA_SetConfig
                0x0800282c       0x42 CMakeFiles/CradleFOC_os.elf.dir/Drivers/STM32G4xx_HAL_Driver/Src/stm32g4xx_hal_dma.c.obj
 *fill*         0x0800286e        0x2 
 .text.DMA_CalcDMAMUXChannelBaseAndMask
                0x08002870       0x48 CMakeFiles/CradleFOC_os.elf.dir/Drivers/STM32G4xx_HAL_Driver/Src/stm32g4xx_hal_dma.c.obj
 .text.DMA_CalcDMAMUXRequestGenBaseAndMask
                0x080028b8       0x28 CMakeFiles/CradleFOC_os.elf.dir/Drivers/STM32G4xx_HAL_Driver/Src/stm32g4xx_hal_dma.c.obj
 .text.HAL_DMA_Init
                0x080028e0       0xd8 CMakeFiles/CradleFOC_os.elf.dir/Drivers/STM32G4xx_HAL_Driver/Src/stm32g4xx_hal_dma.c.obj
                0x080028e0                HAL_DMA_Init
 .text.HAL_DMA_Start_IT
                0x080029b8       0x94 CMakeFiles/CradleFOC_os.elf.dir/Drivers/STM32G4xx_HAL_Driver/Src/stm32g4xx_hal_dma.c.obj
                0x080029b8                HAL_DMA_Start_IT
 .text.HAL_DMA_Abort
                0x08002a4c       0x6c CMakeFiles/CradleFOC_os.elf.dir/Drivers/STM32G4xx_HAL_Driver/Src/stm32g4xx_hal_dma.c.obj
                0x08002a4c                HAL_DMA_Abort
 .text.HAL_DMA_Abort_IT
                0x08002ab8       0x7e CMakeFiles/CradleFOC_os.elf.dir/Drivers/STM32G4xx_HAL_Driver/Src/stm32g4xx_hal_dma.c.obj
                0x08002ab8                HAL_DMA_Abort_IT
 .text.HAL_DMA_IRQHandler
                0x08002b36       0xc4 CMakeFiles/CradleFOC_os.elf.dir/Drivers/STM32G4xx_HAL_Driver/Src/stm32g4xx_hal_dma.c.obj
                0x08002b36                HAL_DMA_IRQHandler
 *fill*         0x08002bfa        0x2 
 .text.HAL_GPIO_Init
                0x08002bfc      0x1d4 CMakeFiles/CradleFOC_os.elf.dir/Drivers/STM32G4xx_HAL_Driver/Src/stm32g4xx_hal_gpio.c.obj
                0x08002bfc                HAL_GPIO_Init
 .text.HAL_GPIO_ReadPin
                0x08002dd0        0xe CMakeFiles/CradleFOC_os.elf.dir/Drivers/STM32G4xx_HAL_Driver/Src/stm32g4xx_hal_gpio.c.obj
                0x08002dd0                HAL_GPIO_ReadPin
 .text.HAL_GPIO_WritePin
                0x08002dde        0xa CMakeFiles/CradleFOC_os.elf.dir/Drivers/STM32G4xx_HAL_Driver/Src/stm32g4xx_hal_gpio.c.obj
                0x08002dde                HAL_GPIO_WritePin
 .text.HAL_GPIO_EXTI_IRQHandler
                0x08002de8       0x1c CMakeFiles/CradleFOC_os.elf.dir/Drivers/STM32G4xx_HAL_Driver/Src/stm32g4xx_hal_gpio.c.obj
                0x08002de8                HAL_GPIO_EXTI_IRQHandler
 .text.HAL_PWREx_ControlVoltageScaling
                0x08002e04      0x10c CMakeFiles/CradleFOC_os.elf.dir/Drivers/STM32G4xx_HAL_Driver/Src/stm32g4xx_hal_pwr_ex.c.obj
                0x08002e04                HAL_PWREx_ControlVoltageScaling
 .text.HAL_PWREx_DisableUCPDDeadBattery
                0x08002f10       0x10 CMakeFiles/CradleFOC_os.elf.dir/Drivers/STM32G4xx_HAL_Driver/Src/stm32g4xx_hal_pwr_ex.c.obj
                0x08002f10                HAL_PWREx_DisableUCPDDeadBattery
 .text.RCC_GetSysClockFreqFromPLLSource
                0x08002f20       0x58 CMakeFiles/CradleFOC_os.elf.dir/Drivers/STM32G4xx_HAL_Driver/Src/stm32g4xx_hal_rcc.c.obj
 .text.HAL_RCC_OscConfig
                0x08002f78      0x4e4 CMakeFiles/CradleFOC_os.elf.dir/Drivers/STM32G4xx_HAL_Driver/Src/stm32g4xx_hal_rcc.c.obj
                0x08002f78                HAL_RCC_OscConfig
 .text.HAL_RCC_GetSysClockFreq
                0x0800345c       0x88 CMakeFiles/CradleFOC_os.elf.dir/Drivers/STM32G4xx_HAL_Driver/Src/stm32g4xx_hal_rcc.c.obj
                0x0800345c                HAL_RCC_GetSysClockFreq
 .text.HAL_RCC_ClockConfig
                0x080034e4      0x1f8 CMakeFiles/CradleFOC_os.elf.dir/Drivers/STM32G4xx_HAL_Driver/Src/stm32g4xx_hal_rcc.c.obj
                0x080034e4                HAL_RCC_ClockConfig
 .text.HAL_RCC_GetHCLKFreq
                0x080036dc        0xc CMakeFiles/CradleFOC_os.elf.dir/Drivers/STM32G4xx_HAL_Driver/Src/stm32g4xx_hal_rcc.c.obj
                0x080036dc                HAL_RCC_GetHCLKFreq
 .text.HAL_RCC_GetPCLK1Freq
                0x080036e8       0x24 CMakeFiles/CradleFOC_os.elf.dir/Drivers/STM32G4xx_HAL_Driver/Src/stm32g4xx_hal_rcc.c.obj
                0x080036e8                HAL_RCC_GetPCLK1Freq
 .text.HAL_RCC_GetPCLK2Freq
                0x0800370c       0x24 CMakeFiles/CradleFOC_os.elf.dir/Drivers/STM32G4xx_HAL_Driver/Src/stm32g4xx_hal_rcc.c.obj
                0x0800370c                HAL_RCC_GetPCLK2Freq
 .text.HAL_RCC_GetClockConfig
                0x08003730       0x3c CMakeFiles/CradleFOC_os.elf.dir/Drivers/STM32G4xx_HAL_Driver/Src/stm32g4xx_hal_rcc.c.obj
                0x08003730                HAL_RCC_GetClockConfig
 .text.HAL_RCCEx_PeriphCLKConfig
                0x0800376c      0x2e4 CMakeFiles/CradleFOC_os.elf.dir/Drivers/STM32G4xx_HAL_Driver/Src/stm32g4xx_hal_rcc_ex.c.obj
                0x0800376c                HAL_RCCEx_PeriphCLKConfig
 .text.HAL_TIM_Base_MspInit
                0x08003a50        0x2 CMakeFiles/CradleFOC_os.elf.dir/Drivers/STM32G4xx_HAL_Driver/Src/stm32g4xx_hal_tim.c.obj
                0x08003a50                HAL_TIM_Base_MspInit
 *fill*         0x08003a52        0x2 
 .text.HAL_TIM_Base_Start_IT
                0x08003a54       0x84 CMakeFiles/CradleFOC_os.elf.dir/Drivers/STM32G4xx_HAL_Driver/Src/stm32g4xx_hal_tim.c.obj
                0x08003a54                HAL_TIM_Base_Start_IT
 .text.HAL_TIM_OC_DelayElapsedCallback
                0x08003ad8        0x2 CMakeFiles/CradleFOC_os.elf.dir/Drivers/STM32G4xx_HAL_Driver/Src/stm32g4xx_hal_tim.c.obj
                0x08003ad8                HAL_TIM_OC_DelayElapsedCallback
 .text.HAL_TIM_IC_CaptureCallback
                0x08003ada        0x2 CMakeFiles/CradleFOC_os.elf.dir/Drivers/STM32G4xx_HAL_Driver/Src/stm32g4xx_hal_tim.c.obj
                0x08003ada                HAL_TIM_IC_CaptureCallback
 .text.HAL_TIM_PWM_PulseFinishedCallback
                0x08003adc        0x2 CMakeFiles/CradleFOC_os.elf.dir/Drivers/STM32G4xx_HAL_Driver/Src/stm32g4xx_hal_tim.c.obj
                0x08003adc                HAL_TIM_PWM_PulseFinishedCallback
 .text.HAL_TIM_TriggerCallback
                0x08003ade        0x2 CMakeFiles/CradleFOC_os.elf.dir/Drivers/STM32G4xx_HAL_Driver/Src/stm32g4xx_hal_tim.c.obj
                0x08003ade                HAL_TIM_TriggerCallback
 .text.HAL_TIM_IRQHandler
                0x08003ae0      0x1ea CMakeFiles/CradleFOC_os.elf.dir/Drivers/STM32G4xx_HAL_Driver/Src/stm32g4xx_hal_tim.c.obj
                0x08003ae0                HAL_TIM_IRQHandler
 *fill*         0x08003cca        0x2 
 .text.TIM_Base_SetConfig
                0x08003ccc       0xc8 CMakeFiles/CradleFOC_os.elf.dir/Drivers/STM32G4xx_HAL_Driver/Src/stm32g4xx_hal_tim.c.obj
                0x08003ccc                TIM_Base_SetConfig
 .text.HAL_TIM_Base_Init
                0x08003d94       0x60 CMakeFiles/CradleFOC_os.elf.dir/Drivers/STM32G4xx_HAL_Driver/Src/stm32g4xx_hal_tim.c.obj
                0x08003d94                HAL_TIM_Base_Init
 .text.HAL_TIMEx_CommutCallback
                0x08003df4        0x2 CMakeFiles/CradleFOC_os.elf.dir/Drivers/STM32G4xx_HAL_Driver/Src/stm32g4xx_hal_tim_ex.c.obj
                0x08003df4                HAL_TIMEx_CommutCallback
 .text.HAL_TIMEx_BreakCallback
                0x08003df6        0x2 CMakeFiles/CradleFOC_os.elf.dir/Drivers/STM32G4xx_HAL_Driver/Src/stm32g4xx_hal_tim_ex.c.obj
                0x08003df6                HAL_TIMEx_BreakCallback
 .text.HAL_TIMEx_Break2Callback
                0x08003df8        0x2 CMakeFiles/CradleFOC_os.elf.dir/Drivers/STM32G4xx_HAL_Driver/Src/stm32g4xx_hal_tim_ex.c.obj
                0x08003df8                HAL_TIMEx_Break2Callback
 .text.HAL_TIMEx_EncoderIndexCallback
                0x08003dfa        0x2 CMakeFiles/CradleFOC_os.elf.dir/Drivers/STM32G4xx_HAL_Driver/Src/stm32g4xx_hal_tim_ex.c.obj
                0x08003dfa                HAL_TIMEx_EncoderIndexCallback
 .text.HAL_TIMEx_DirectionChangeCallback
                0x08003dfc        0x2 CMakeFiles/CradleFOC_os.elf.dir/Drivers/STM32G4xx_HAL_Driver/Src/stm32g4xx_hal_tim_ex.c.obj
                0x08003dfc                HAL_TIMEx_DirectionChangeCallback
 .text.HAL_TIMEx_IndexErrorCallback
                0x08003dfe        0x2 CMakeFiles/CradleFOC_os.elf.dir/Drivers/STM32G4xx_HAL_Driver/Src/stm32g4xx_hal_tim_ex.c.obj
                0x08003dfe                HAL_TIMEx_IndexErrorCallback
 .text.HAL_TIMEx_TransitionErrorCallback
                0x08003e00        0x2 CMakeFiles/CradleFOC_os.elf.dir/Drivers/STM32G4xx_HAL_Driver/Src/stm32g4xx_hal_tim_ex.c.obj
                0x08003e00                HAL_TIMEx_TransitionErrorCallback
 .text.UART_EndTxTransfer
                0x08003e02       0x32 CMakeFiles/CradleFOC_os.elf.dir/Drivers/STM32G4xx_HAL_Driver/Src/stm32g4xx_hal_uart.c.obj
 .text.UART_EndRxTransfer
                0x08003e34       0x56 CMakeFiles/CradleFOC_os.elf.dir/Drivers/STM32G4xx_HAL_Driver/Src/stm32g4xx_hal_uart.c.obj
 *fill*         0x08003e8a        0x2 
 .text.HAL_UART_Transmit_DMA
                0x08003e8c       0xa0 CMakeFiles/CradleFOC_os.elf.dir/Drivers/STM32G4xx_HAL_Driver/Src/stm32g4xx_hal_uart.c.obj
                0x08003e8c                HAL_UART_Transmit_DMA
 .text.HAL_UART_TxCpltCallback
                0x08003f2c        0x2 CMakeFiles/CradleFOC_os.elf.dir/Drivers/STM32G4xx_HAL_Driver/Src/stm32g4xx_hal_uart.c.obj
                0x08003f2c                HAL_UART_TxCpltCallback
 .text.UART_DMATransmitCplt
                0x08003f2e       0x48 CMakeFiles/CradleFOC_os.elf.dir/Drivers/STM32G4xx_HAL_Driver/Src/stm32g4xx_hal_uart.c.obj
 .text.UART_EndTransmit_IT
                0x08003f76       0x24 CMakeFiles/CradleFOC_os.elf.dir/Drivers/STM32G4xx_HAL_Driver/Src/stm32g4xx_hal_uart.c.obj
 .text.HAL_UART_TxHalfCpltCallback
                0x08003f9a        0x2 CMakeFiles/CradleFOC_os.elf.dir/Drivers/STM32G4xx_HAL_Driver/Src/stm32g4xx_hal_uart.c.obj
                0x08003f9a                HAL_UART_TxHalfCpltCallback
 .text.UART_DMATxHalfCplt
                0x08003f9c        0xa CMakeFiles/CradleFOC_os.elf.dir/Drivers/STM32G4xx_HAL_Driver/Src/stm32g4xx_hal_uart.c.obj
 .text.HAL_UART_ErrorCallback
                0x08003fa6        0x2 CMakeFiles/CradleFOC_os.elf.dir/Drivers/STM32G4xx_HAL_Driver/Src/stm32g4xx_hal_uart.c.obj
                0x08003fa6                HAL_UART_ErrorCallback
 .text.UART_DMAError
                0x08003fa8       0x58 CMakeFiles/CradleFOC_os.elf.dir/Drivers/STM32G4xx_HAL_Driver/Src/stm32g4xx_hal_uart.c.obj
 .text.UART_DMAAbortOnError
                0x08004000       0x14 CMakeFiles/CradleFOC_os.elf.dir/Drivers/STM32G4xx_HAL_Driver/Src/stm32g4xx_hal_uart.c.obj
 .text.HAL_UARTEx_RxEventCallback
                0x08004014        0x2 CMakeFiles/CradleFOC_os.elf.dir/Drivers/STM32G4xx_HAL_Driver/Src/stm32g4xx_hal_uart.c.obj
                0x08004014                HAL_UARTEx_RxEventCallback
 *fill*         0x08004016        0x2 
 .text.HAL_UART_IRQHandler
                0x08004018      0x348 CMakeFiles/CradleFOC_os.elf.dir/Drivers/STM32G4xx_HAL_Driver/Src/stm32g4xx_hal_uart.c.obj
                0x08004018                HAL_UART_IRQHandler
 .text.HAL_UART_GetState
                0x08004360        0xc CMakeFiles/CradleFOC_os.elf.dir/Drivers/STM32G4xx_HAL_Driver/Src/stm32g4xx_hal_uart.c.obj
                0x08004360                HAL_UART_GetState
 .text.UART_SetConfig
                0x0800436c      0x344 CMakeFiles/CradleFOC_os.elf.dir/Drivers/STM32G4xx_HAL_Driver/Src/stm32g4xx_hal_uart.c.obj
                0x0800436c                UART_SetConfig
 .text.UART_AdvFeatureConfig
                0x080046b0       0xca CMakeFiles/CradleFOC_os.elf.dir/Drivers/STM32G4xx_HAL_Driver/Src/stm32g4xx_hal_uart.c.obj
                0x080046b0                UART_AdvFeatureConfig
 .text.UART_WaitOnFlagUntilTimeout
                0x0800477a       0xa2 CMakeFiles/CradleFOC_os.elf.dir/Drivers/STM32G4xx_HAL_Driver/Src/stm32g4xx_hal_uart.c.obj
                0x0800477a                UART_WaitOnFlagUntilTimeout
 .text.UART_CheckIdleState
                0x0800481c       0xca CMakeFiles/CradleFOC_os.elf.dir/Drivers/STM32G4xx_HAL_Driver/Src/stm32g4xx_hal_uart.c.obj
                0x0800481c                UART_CheckIdleState
 .text.HAL_UART_Init
                0x080048e6       0x66 CMakeFiles/CradleFOC_os.elf.dir/Drivers/STM32G4xx_HAL_Driver/Src/stm32g4xx_hal_uart.c.obj
                0x080048e6                HAL_UART_Init
 .text.UARTEx_SetNbDataToProcess
                0x0800494c       0x4c CMakeFiles/CradleFOC_os.elf.dir/Drivers/STM32G4xx_HAL_Driver/Src/stm32g4xx_hal_uart_ex.c.obj
 .text.HAL_UARTEx_WakeupCallback
                0x08004998        0x2 CMakeFiles/CradleFOC_os.elf.dir/Drivers/STM32G4xx_HAL_Driver/Src/stm32g4xx_hal_uart_ex.c.obj
                0x08004998                HAL_UARTEx_WakeupCallback
 .text.HAL_UARTEx_RxFifoFullCallback
                0x0800499a        0x2 CMakeFiles/CradleFOC_os.elf.dir/Drivers/STM32G4xx_HAL_Driver/Src/stm32g4xx_hal_uart_ex.c.obj
                0x0800499a                HAL_UARTEx_RxFifoFullCallback
 .text.HAL_UARTEx_TxFifoEmptyCallback
                0x0800499c        0x2 CMakeFiles/CradleFOC_os.elf.dir/Drivers/STM32G4xx_HAL_Driver/Src/stm32g4xx_hal_uart_ex.c.obj
                0x0800499c                HAL_UARTEx_TxFifoEmptyCallback
 .text.HAL_UARTEx_DisableFifoMode
                0x0800499e       0x3e CMakeFiles/CradleFOC_os.elf.dir/Drivers/STM32G4xx_HAL_Driver/Src/stm32g4xx_hal_uart_ex.c.obj
                0x0800499e                HAL_UARTEx_DisableFifoMode
 .text.HAL_UARTEx_SetTxFifoThreshold
                0x080049dc       0x4a CMakeFiles/CradleFOC_os.elf.dir/Drivers/STM32G4xx_HAL_Driver/Src/stm32g4xx_hal_uart_ex.c.obj
                0x080049dc                HAL_UARTEx_SetTxFifoThreshold
 .text.HAL_UARTEx_SetRxFifoThreshold
                0x08004a26       0x4a CMakeFiles/CradleFOC_os.elf.dir/Drivers/STM32G4xx_HAL_Driver/Src/stm32g4xx_hal_uart_ex.c.obj
                0x08004a26                HAL_UARTEx_SetRxFifoThreshold
 .text.makeFreeRtosPriority
                0x08004a70        0xc CMakeFiles/CradleFOC_os.elf.dir/Middlewares/Third_Party/FreeRTOS/Source/CMSIS_RTOS/cmsis_os.c.obj
 .text.osKernelStart
                0x08004a7c        0xa CMakeFiles/CradleFOC_os.elf.dir/Middlewares/Third_Party/FreeRTOS/Source/CMSIS_RTOS/cmsis_os.c.obj
                0x08004a7c                osKernelStart
 .text.osThreadCreate
                0x08004a86       0x34 CMakeFiles/CradleFOC_os.elf.dir/Middlewares/Third_Party/FreeRTOS/Source/CMSIS_RTOS/cmsis_os.c.obj
                0x08004a86                osThreadCreate
 .text.osDelay  0x08004aba        0xe CMakeFiles/CradleFOC_os.elf.dir/Middlewares/Third_Party/FreeRTOS/Source/CMSIS_RTOS/cmsis_os.c.obj
                0x08004aba                osDelay
 .text.vListInitialise
                0x08004ac8       0x16 CMakeFiles/CradleFOC_os.elf.dir/Middlewares/Third_Party/FreeRTOS/Source/list.c.obj
                0x08004ac8                vListInitialise
 .text.vListInitialiseItem
                0x08004ade        0x6 CMakeFiles/CradleFOC_os.elf.dir/Middlewares/Third_Party/FreeRTOS/Source/list.c.obj
                0x08004ade                vListInitialiseItem
 .text.vListInsertEnd
                0x08004ae4       0x16 CMakeFiles/CradleFOC_os.elf.dir/Middlewares/Third_Party/FreeRTOS/Source/list.c.obj
                0x08004ae4                vListInsertEnd
 .text.vListInsert
                0x08004afa       0x32 CMakeFiles/CradleFOC_os.elf.dir/Middlewares/Third_Party/FreeRTOS/Source/list.c.obj
                0x08004afa                vListInsert
 .text.uxListRemove
                0x08004b2c       0x26 CMakeFiles/CradleFOC_os.elf.dir/Middlewares/Third_Party/FreeRTOS/Source/list.c.obj
                0x08004b2c                uxListRemove
 *fill*         0x08004b52        0x2 
 .text.prvTaskExitError
                0x08004b54       0x40 CMakeFiles/CradleFOC_os.elf.dir/Middlewares/Third_Party/FreeRTOS/Source/portable/GCC/ARM_CM4F/port.c.obj
 .text.prvPortStartFirstTask
                0x08004b94       0x28 CMakeFiles/CradleFOC_os.elf.dir/Middlewares/Third_Party/FreeRTOS/Source/portable/GCC/ARM_CM4F/port.c.obj
 .text.vPortEnableVFP
                0x08004bbc       0x14 CMakeFiles/CradleFOC_os.elf.dir/Middlewares/Third_Party/FreeRTOS/Source/portable/GCC/ARM_CM4F/port.c.obj
 .text.pxPortInitialiseStack
                0x08004bd0       0x2c CMakeFiles/CradleFOC_os.elf.dir/Middlewares/Third_Party/FreeRTOS/Source/portable/GCC/ARM_CM4F/port.c.obj
                0x08004bd0                pxPortInitialiseStack
 *fill*         0x08004bfc        0x4 
 .text.SVC_Handler
                0x08004c00       0x24 CMakeFiles/CradleFOC_os.elf.dir/Middlewares/Third_Party/FreeRTOS/Source/portable/GCC/ARM_CM4F/port.c.obj
                0x08004c00                SVC_Handler
 .text.vPortEnterCritical
                0x08004c24       0x44 CMakeFiles/CradleFOC_os.elf.dir/Middlewares/Third_Party/FreeRTOS/Source/portable/GCC/ARM_CM4F/port.c.obj
                0x08004c24                vPortEnterCritical
 .text.vPortExitCritical
                0x08004c68       0x2c CMakeFiles/CradleFOC_os.elf.dir/Middlewares/Third_Party/FreeRTOS/Source/portable/GCC/ARM_CM4F/port.c.obj
                0x08004c68                vPortExitCritical
 *fill*         0x08004c94        0xc 
 .text.PendSV_Handler
                0x08004ca0       0x64 CMakeFiles/CradleFOC_os.elf.dir/Middlewares/Third_Party/FreeRTOS/Source/portable/GCC/ARM_CM4F/port.c.obj
                0x08004ca0                PendSV_Handler
 .text.SysTick_Handler
                0x08004d04       0x2c CMakeFiles/CradleFOC_os.elf.dir/Middlewares/Third_Party/FreeRTOS/Source/portable/GCC/ARM_CM4F/port.c.obj
                0x08004d04                SysTick_Handler
 .text.vPortSetupTimerInterrupt
                0x08004d30       0x28 CMakeFiles/CradleFOC_os.elf.dir/Middlewares/Third_Party/FreeRTOS/Source/portable/GCC/ARM_CM4F/port.c.obj
                0x08004d30                vPortSetupTimerInterrupt
 .text.xPortStartScheduler
                0x08004d58      0x118 CMakeFiles/CradleFOC_os.elf.dir/Middlewares/Third_Party/FreeRTOS/Source/portable/GCC/ARM_CM4F/port.c.obj
                0x08004d58                xPortStartScheduler
 .text.prvHeapInit
                0x08004e70       0x68 CMakeFiles/CradleFOC_os.elf.dir/Middlewares/Third_Party/FreeRTOS/Source/portable/MemMang/heap_4.c.obj
 .text.prvInsertBlockIntoFreeList
                0x08004ed8       0x64 CMakeFiles/CradleFOC_os.elf.dir/Middlewares/Third_Party/FreeRTOS/Source/portable/MemMang/heap_4.c.obj
 .text.pvPortMalloc
                0x08004f3c       0xfc CMakeFiles/CradleFOC_os.elf.dir/Middlewares/Third_Party/FreeRTOS/Source/portable/MemMang/heap_4.c.obj
                0x08004f3c                pvPortMalloc
 .text.vPortFree
                0x08005038       0x7c CMakeFiles/CradleFOC_os.elf.dir/Middlewares/Third_Party/FreeRTOS/Source/portable/MemMang/heap_4.c.obj
                0x08005038                vPortFree
 .text.prvTaskIsTaskSuspended
                0x080050b4       0x40 CMakeFiles/CradleFOC_os.elf.dir/Middlewares/Third_Party/FreeRTOS/Source/tasks.c.obj
 .text.prvTaskCheckFreeStackSpace
                0x080050f4       0x14 CMakeFiles/CradleFOC_os.elf.dir/Middlewares/Third_Party/FreeRTOS/Source/tasks.c.obj
 .text.prvResetNextTaskUnblockTime
                0x08005108       0x2c CMakeFiles/CradleFOC_os.elf.dir/Middlewares/Third_Party/FreeRTOS/Source/tasks.c.obj
 .text.prvDeleteTCB
                0x08005134       0x12 CMakeFiles/CradleFOC_os.elf.dir/Middlewares/Third_Party/FreeRTOS/Source/tasks.c.obj
 .text.prvInitialiseNewTask
                0x08005146       0xa6 CMakeFiles/CradleFOC_os.elf.dir/Middlewares/Third_Party/FreeRTOS/Source/tasks.c.obj
 .text.prvInitialiseTaskLists
                0x080051ec       0x68 CMakeFiles/CradleFOC_os.elf.dir/Middlewares/Third_Party/FreeRTOS/Source/tasks.c.obj
 .text.prvAddNewTaskToReadyList
                0x08005254       0xa8 CMakeFiles/CradleFOC_os.elf.dir/Middlewares/Third_Party/FreeRTOS/Source/tasks.c.obj
 .text.prvCheckTasksWaitingTermination
                0x080052fc       0x4c CMakeFiles/CradleFOC_os.elf.dir/Middlewares/Third_Party/FreeRTOS/Source/tasks.c.obj
 .text.prvIdleTask
                0x08005348       0x28 CMakeFiles/CradleFOC_os.elf.dir/Middlewares/Third_Party/FreeRTOS/Source/tasks.c.obj
 .text.prvAddCurrentTaskToDelayedList
                0x08005370       0x98 CMakeFiles/CradleFOC_os.elf.dir/Middlewares/Third_Party/FreeRTOS/Source/tasks.c.obj
 .text.xTaskCreate
                0x08005408       0x64 CMakeFiles/CradleFOC_os.elf.dir/Middlewares/Third_Party/FreeRTOS/Source/tasks.c.obj
                0x08005408                xTaskCreate
 .text.vTaskResume
                0x0800546c       0x88 CMakeFiles/CradleFOC_os.elf.dir/Middlewares/Third_Party/FreeRTOS/Source/tasks.c.obj
                0x0800546c                vTaskResume
 .text.vTaskStartScheduler
                0x080054f4       0x7c CMakeFiles/CradleFOC_os.elf.dir/Middlewares/Third_Party/FreeRTOS/Source/tasks.c.obj
                0x080054f4                vTaskStartScheduler
 .text.vTaskSuspendAll
                0x08005570       0x10 CMakeFiles/CradleFOC_os.elf.dir/Middlewares/Third_Party/FreeRTOS/Source/tasks.c.obj
                0x08005570                vTaskSuspendAll
 .text.xTaskIncrementTick
                0x08005580      0x118 CMakeFiles/CradleFOC_os.elf.dir/Middlewares/Third_Party/FreeRTOS/Source/tasks.c.obj
                0x08005580                xTaskIncrementTick
 .text.xTaskResumeAll
                0x08005698       0xf8 CMakeFiles/CradleFOC_os.elf.dir/Middlewares/Third_Party/FreeRTOS/Source/tasks.c.obj
                0x08005698                xTaskResumeAll
 .text.vTaskDelay
                0x08005790       0x4c CMakeFiles/CradleFOC_os.elf.dir/Middlewares/Third_Party/FreeRTOS/Source/tasks.c.obj
                0x08005790                vTaskDelay
 .text.vTaskSwitchContext
                0x080057dc       0x98 CMakeFiles/CradleFOC_os.elf.dir/Middlewares/Third_Party/FreeRTOS/Source/tasks.c.obj
                0x080057dc                vTaskSwitchContext
 .text.vTaskSuspend
                0x08005874       0xe8 CMakeFiles/CradleFOC_os.elf.dir/Middlewares/Third_Party/FreeRTOS/Source/tasks.c.obj
                0x08005874                vTaskSuspend
 .text.uxTaskGetStackHighWaterMark
                0x0800595c       0x18 CMakeFiles/CradleFOC_os.elf.dir/Middlewares/Third_Party/FreeRTOS/Source/tasks.c.obj
                0x0800595c                uxTaskGetStackHighWaterMark
 .text._Z10log_DMA_TXPKcz
                0x08005974       0x3c CMakeFiles/CradleFOC_os.elf.dir/UserAPP/Serial.cpp.obj
                0x08005974                log_DMA_TX(char const*, ...)
 .text.setup    0x080059b0       0x20 CMakeFiles/CradleFOC_os.elf.dir/UserAPP/UserAPP.cpp.obj
                0x080059b0                setup
 .text.task_log
                0x080059d0       0x50 CMakeFiles/CradleFOC_os.elf.dir/UserAPP/UserAPP.cpp.obj
                0x080059d0                task_log
 .text.task_key
                0x08005a20       0x48 CMakeFiles/CradleFOC_os.elf.dir/UserAPP/UserAPP.cpp.obj
                0x08005a20                task_key
 .text.task_FOC
                0x08005a68        0x2 CMakeFiles/CradleFOC_os.elf.dir/UserAPP/UserAPP.cpp.obj
                0x08005a68                task_FOC
 *fill*         0x08005a6a        0x2 
 .text.abort    0x08005a6c       0x10 d:/clion/gcc-arm-none-eabi-10.3-2021.10-win32/gcc-arm-none-eabi-10.3-2021.10/bin/../lib/gcc/arm-none-eabi/10.3.1/../../../../arm-none-eabi/lib/thumb/v7e-m+fp/hard\libg.a(lib_a-abort.o)
                0x08005a6c                abort
 .text.__errno  0x08005a7c        0xc d:/clion/gcc-arm-none-eabi-10.3-2021.10-win32/gcc-arm-none-eabi-10.3-2021.10/bin/../lib/gcc/arm-none-eabi/10.3.1/../../../../arm-none-eabi/lib/thumb/v7e-m+fp/hard\libg.a(lib_a-errno.o)
                0x08005a7c                __errno
 .text.__libc_init_array
                0x08005a88       0x48 d:/clion/gcc-arm-none-eabi-10.3-2021.10-win32/gcc-arm-none-eabi-10.3-2021.10/bin/../lib/gcc/arm-none-eabi/10.3.1/../../../../arm-none-eabi/lib/thumb/v7e-m+fp/hard\libg.a(lib_a-init.o)
                0x08005a88                __libc_init_array
 .text.memset   0x08005ad0       0xa4 d:/clion/gcc-arm-none-eabi-10.3-2021.10-win32/gcc-arm-none-eabi-10.3-2021.10/bin/../lib/gcc/arm-none-eabi/10.3.1/../../../../arm-none-eabi/lib/thumb/v7e-m+fp/hard\libg.a(lib_a-memset.o)
                0x08005ad0                memset
 .text.raise    0x08005b74       0x5c d:/clion/gcc-arm-none-eabi-10.3-2021.10-win32/gcc-arm-none-eabi-10.3-2021.10/bin/../lib/gcc/arm-none-eabi/10.3.1/../../../../arm-none-eabi/lib/thumb/v7e-m+fp/hard\libg.a(lib_a-signal.o)
                0x08005b74                raise
 .text._kill_r  0x08005bd0       0x2c d:/clion/gcc-arm-none-eabi-10.3-2021.10-win32/gcc-arm-none-eabi-10.3-2021.10/bin/../lib/gcc/arm-none-eabi/10.3.1/../../../../arm-none-eabi/lib/thumb/v7e-m+fp/hard\libg.a(lib_a-signalr.o)
                0x08005bd0                _kill_r
 .text._getpid_r
                0x08005bfc        0x4 d:/clion/gcc-arm-none-eabi-10.3-2021.10-win32/gcc-arm-none-eabi-10.3-2021.10/bin/../lib/gcc/arm-none-eabi/10.3.1/../../../../arm-none-eabi/lib/thumb/v7e-m+fp/hard\libg.a(lib_a-signalr.o)
                0x08005bfc                _getpid_r
 .text.vsprintf
                0x08005c00       0x38 d:/clion/gcc-arm-none-eabi-10.3-2021.10-win32/gcc-arm-none-eabi-10.3-2021.10/bin/../lib/gcc/arm-none-eabi/10.3.1/../../../../arm-none-eabi/lib/thumb/v7e-m+fp/hard\libg.a(lib_a-vsprintf.o)
                0x08005c00                vsprintf
 .text.startup.register_fini
                0x08005c38       0x14 d:/clion/gcc-arm-none-eabi-10.3-2021.10-win32/gcc-arm-none-eabi-10.3-2021.10/bin/../lib/gcc/arm-none-eabi/10.3.1/../../../../arm-none-eabi/lib/thumb/v7e-m+fp/hard\libg.a(lib_a-__call_atexit.o)
 .text.atexit   0x08005c4c        0xc d:/clion/gcc-arm-none-eabi-10.3-2021.10-win32/gcc-arm-none-eabi-10.3-2021.10/bin/../lib/gcc/arm-none-eabi/10.3.1/../../../../arm-none-eabi/lib/thumb/v7e-m+fp/hard\libg.a(lib_a-atexit.o)
                0x08005c4c                atexit
 .text.__libc_fini_array
                0x08005c58       0x2c d:/clion/gcc-arm-none-eabi-10.3-2021.10-win32/gcc-arm-none-eabi-10.3-2021.10/bin/../lib/gcc/arm-none-eabi/10.3.1/../../../../arm-none-eabi/lib/thumb/v7e-m+fp/hard\libg.a(lib_a-fini.o)
                0x08005c58                __libc_fini_array
 .text.__retarget_lock_init_recursive
                0x08005c84        0x4 d:/clion/gcc-arm-none-eabi-10.3-2021.10-win32/gcc-arm-none-eabi-10.3-2021.10/bin/../lib/gcc/arm-none-eabi/10.3.1/../../../../arm-none-eabi/lib/thumb/v7e-m+fp/hard\libg.a(lib_a-lock.o)
                0x08005c84                __retarget_lock_init_recursive
 .text.__retarget_lock_close_recursive
                0x08005c88        0x4 d:/clion/gcc-arm-none-eabi-10.3-2021.10-win32/gcc-arm-none-eabi-10.3-2021.10/bin/../lib/gcc/arm-none-eabi/10.3.1/../../../../arm-none-eabi/lib/thumb/v7e-m+fp/hard\libg.a(lib_a-lock.o)
                0x08005c88                __retarget_lock_close_recursive
 .text.__retarget_lock_acquire_recursive
                0x08005c8c        0x4 d:/clion/gcc-arm-none-eabi-10.3-2021.10-win32/gcc-arm-none-eabi-10.3-2021.10/bin/../lib/gcc/arm-none-eabi/10.3.1/../../../../arm-none-eabi/lib/thumb/v7e-m+fp/hard\libg.a(lib_a-lock.o)
                0x08005c8c                __retarget_lock_acquire_recursive
 .text.__retarget_lock_release_recursive
                0x08005c90        0x4 d:/clion/gcc-arm-none-eabi-10.3-2021.10-win32/gcc-arm-none-eabi-10.3-2021.10/bin/../lib/gcc/arm-none-eabi/10.3.1/../../../../arm-none-eabi/lib/thumb/v7e-m+fp/hard\libg.a(lib_a-lock.o)
                0x08005c90                __retarget_lock_release_recursive
 .text._malloc_r
                0x08005c94      0x560 d:/clion/gcc-arm-none-eabi-10.3-2021.10-win32/gcc-arm-none-eabi-10.3-2021.10/bin/../lib/gcc/arm-none-eabi/10.3.1/../../../../arm-none-eabi/lib/thumb/v7e-m+fp/hard\libg.a(lib_a-mallocr.o)
                0x08005c94                _malloc_r
 .text.__malloc_lock
                0x080061f4        0xc d:/clion/gcc-arm-none-eabi-10.3-2021.10-win32/gcc-arm-none-eabi-10.3-2021.10/bin/../lib/gcc/arm-none-eabi/10.3.1/../../../../arm-none-eabi/lib/thumb/v7e-m+fp/hard\libg.a(lib_a-mlock.o)
                0x080061f4                __malloc_lock
 .text.__malloc_unlock
                0x08006200        0xc d:/clion/gcc-arm-none-eabi-10.3-2021.10-win32/gcc-arm-none-eabi-10.3-2021.10/bin/../lib/gcc/arm-none-eabi/10.3.1/../../../../arm-none-eabi/lib/thumb/v7e-m+fp/hard\libg.a(lib_a-mlock.o)
                0x08006200                __malloc_unlock
 .text._sbrk_r  0x0800620c       0x24 d:/clion/gcc-arm-none-eabi-10.3-2021.10-win32/gcc-arm-none-eabi-10.3-2021.10/bin/../lib/gcc/arm-none-eabi/10.3.1/../../../../arm-none-eabi/lib/thumb/v7e-m+fp/hard\libg.a(lib_a-sbrkr.o)
                0x0800620c                _sbrk_r
 .text._svfprintf_r
                0x08006230     0x1acc d:/clion/gcc-arm-none-eabi-10.3-2021.10-win32/gcc-arm-none-eabi-10.3-2021.10/bin/../lib/gcc/arm-none-eabi/10.3.1/../../../../arm-none-eabi/lib/thumb/v7e-m+fp/hard\libg.a(lib_a-svfprintf.o)
                0x08006230                _svfprintf_r
 .text.__register_exitproc
                0x08007cfc       0x8c d:/clion/gcc-arm-none-eabi-10.3-2021.10-win32/gcc-arm-none-eabi-10.3-2021.10/bin/../lib/gcc/arm-none-eabi/10.3.1/../../../../arm-none-eabi/lib/thumb/v7e-m+fp/hard\libg.a(lib_a-__atexit.o)
                0x08007cfc                __register_exitproc
 .text.quorem   0x08007d88      0x128 d:/clion/gcc-arm-none-eabi-10.3-2021.10-win32/gcc-arm-none-eabi-10.3-2021.10/bin/../lib/gcc/arm-none-eabi/10.3.1/../../../../arm-none-eabi/lib/thumb/v7e-m+fp/hard\libg.a(lib_a-dtoa.o)
 .text._dtoa_r  0x08007eb0      0xf3c d:/clion/gcc-arm-none-eabi-10.3-2021.10-win32/gcc-arm-none-eabi-10.3-2021.10/bin/../lib/gcc/arm-none-eabi/10.3.1/../../../../arm-none-eabi/lib/thumb/v7e-m+fp/hard\libg.a(lib_a-dtoa.o)
                0x08007eb0                _dtoa_r
 .text._malloc_trim_r
                0x08008dec       0xa0 d:/clion/gcc-arm-none-eabi-10.3-2021.10-win32/gcc-arm-none-eabi-10.3-2021.10/bin/../lib/gcc/arm-none-eabi/10.3.1/../../../../arm-none-eabi/lib/thumb/v7e-m+fp/hard\libg.a(lib_a-freer.o)
                0x08008dec                _malloc_trim_r
 .text._free_r  0x08008e8c      0x20c d:/clion/gcc-arm-none-eabi-10.3-2021.10-win32/gcc-arm-none-eabi-10.3-2021.10/bin/../lib/gcc/arm-none-eabi/10.3.1/../../../../arm-none-eabi/lib/thumb/v7e-m+fp/hard\libg.a(lib_a-freer.o)
                0x08008e8c                _free_r
 .text._localeconv_r
                0x08009098        0x8 d:/clion/gcc-arm-none-eabi-10.3-2021.10-win32/gcc-arm-none-eabi-10.3-2021.10/bin/../lib/gcc/arm-none-eabi/10.3.1/../../../../arm-none-eabi/lib/thumb/v7e-m+fp/hard\libg.a(lib_a-localeconv.o)
                0x08009098                _localeconv_r
 .text._Balloc  0x080090a0       0x4c d:/clion/gcc-arm-none-eabi-10.3-2021.10-win32/gcc-arm-none-eabi-10.3-2021.10/bin/../lib/gcc/arm-none-eabi/10.3.1/../../../../arm-none-eabi/lib/thumb/v7e-m+fp/hard\libg.a(lib_a-mprec.o)
                0x080090a0                _Balloc
 .text._Bfree   0x080090ec       0x14 d:/clion/gcc-arm-none-eabi-10.3-2021.10-win32/gcc-arm-none-eabi-10.3-2021.10/bin/../lib/gcc/arm-none-eabi/10.3.1/../../../../arm-none-eabi/lib/thumb/v7e-m+fp/hard\libg.a(lib_a-mprec.o)
                0x080090ec                _Bfree
 .text.__multadd
                0x08009100       0xa8 d:/clion/gcc-arm-none-eabi-10.3-2021.10-win32/gcc-arm-none-eabi-10.3-2021.10/bin/../lib/gcc/arm-none-eabi/10.3.1/../../../../arm-none-eabi/lib/thumb/v7e-m+fp/hard\libg.a(lib_a-mprec.o)
                0x08009100                __multadd
 .text.__hi0bits
                0x080091a8       0x40 d:/clion/gcc-arm-none-eabi-10.3-2021.10-win32/gcc-arm-none-eabi-10.3-2021.10/bin/../lib/gcc/arm-none-eabi/10.3.1/../../../../arm-none-eabi/lib/thumb/v7e-m+fp/hard\libg.a(lib_a-mprec.o)
                0x080091a8                __hi0bits
 .text.__lo0bits
                0x080091e8       0x60 d:/clion/gcc-arm-none-eabi-10.3-2021.10-win32/gcc-arm-none-eabi-10.3-2021.10/bin/../lib/gcc/arm-none-eabi/10.3.1/../../../../arm-none-eabi/lib/thumb/v7e-m+fp/hard\libg.a(lib_a-mprec.o)
                0x080091e8                __lo0bits
 .text.__i2b    0x08009248       0x5c d:/clion/gcc-arm-none-eabi-10.3-2021.10-win32/gcc-arm-none-eabi-10.3-2021.10/bin/../lib/gcc/arm-none-eabi/10.3.1/../../../../arm-none-eabi/lib/thumb/v7e-m+fp/hard\libg.a(lib_a-mprec.o)
                0x08009248                __i2b
 .text.__multiply
                0x080092a4      0x15c d:/clion/gcc-arm-none-eabi-10.3-2021.10-win32/gcc-arm-none-eabi-10.3-2021.10/bin/../lib/gcc/arm-none-eabi/10.3.1/../../../../arm-none-eabi/lib/thumb/v7e-m+fp/hard\libg.a(lib_a-mprec.o)
                0x080092a4                __multiply
 .text.__pow5mult
                0x08009400       0xc0 d:/clion/gcc-arm-none-eabi-10.3-2021.10-win32/gcc-arm-none-eabi-10.3-2021.10/bin/../lib/gcc/arm-none-eabi/10.3.1/../../../../arm-none-eabi/lib/thumb/v7e-m+fp/hard\libg.a(lib_a-mprec.o)
                0x08009400                __pow5mult
 .text.__lshift
                0x080094c0       0xf0 d:/clion/gcc-arm-none-eabi-10.3-2021.10-win32/gcc-arm-none-eabi-10.3-2021.10/bin/../lib/gcc/arm-none-eabi/10.3.1/../../../../arm-none-eabi/lib/thumb/v7e-m+fp/hard\libg.a(lib_a-mprec.o)
                0x080094c0                __lshift
 .text.__mcmp   0x080095b0       0x44 d:/clion/gcc-arm-none-eabi-10.3-2021.10-win32/gcc-arm-none-eabi-10.3-2021.10/bin/../lib/gcc/arm-none-eabi/10.3.1/../../../../arm-none-eabi/lib/thumb/v7e-m+fp/hard\libg.a(lib_a-mprec.o)
                0x080095b0                __mcmp
 .text.__mdiff  0x080095f4      0x14c d:/clion/gcc-arm-none-eabi-10.3-2021.10-win32/gcc-arm-none-eabi-10.3-2021.10/bin/../lib/gcc/arm-none-eabi/10.3.1/../../../../arm-none-eabi/lib/thumb/v7e-m+fp/hard\libg.a(lib_a-mprec.o)
                0x080095f4                __mdiff
 .text.__d2b    0x08009740       0xd0 d:/clion/gcc-arm-none-eabi-10.3-2021.10-win32/gcc-arm-none-eabi-10.3-2021.10/bin/../lib/gcc/arm-none-eabi/10.3.1/../../../../arm-none-eabi/lib/thumb/v7e-m+fp/hard\libg.a(lib_a-mprec.o)
                0x08009740                __d2b
 .text.frexp    0x08009810       0x6c d:/clion/gcc-arm-none-eabi-10.3-2021.10-win32/gcc-arm-none-eabi-10.3-2021.10/bin/../lib/gcc/arm-none-eabi/10.3.1/../../../../arm-none-eabi/lib/thumb/v7e-m+fp/hard\libg.a(lib_a-s_frexp.o)
                0x08009810                frexp
 .text.strncpy  0x0800987c       0x64 d:/clion/gcc-arm-none-eabi-10.3-2021.10-win32/gcc-arm-none-eabi-10.3-2021.10/bin/../lib/gcc/arm-none-eabi/10.3.1/../../../../arm-none-eabi/lib/thumb/v7e-m+fp/hard\libg.a(lib_a-strncpy.o)
                0x0800987c                strncpy
 .text.__ssprint_r
                0x080098e0       0xf8 d:/clion/gcc-arm-none-eabi-10.3-2021.10-win32/gcc-arm-none-eabi-10.3-2021.10/bin/../lib/gcc/arm-none-eabi/10.3.1/../../../../arm-none-eabi/lib/thumb/v7e-m+fp/hard\libg.a(lib_a-svfiprintf.o)
                0x080098e0                __ssprint_r
 .text.__assert_func
                0x080099d8       0x40 d:/clion/gcc-arm-none-eabi-10.3-2021.10-win32/gcc-arm-none-eabi-10.3-2021.10/bin/../lib/gcc/arm-none-eabi/10.3.1/../../../../arm-none-eabi/lib/thumb/v7e-m+fp/hard\libg.a(lib_a-assert.o)
                0x080099d8                __assert_func
 .text._calloc_r
                0x08009a18       0x78 d:/clion/gcc-arm-none-eabi-10.3-2021.10-win32/gcc-arm-none-eabi-10.3-2021.10/bin/../lib/gcc/arm-none-eabi/10.3.1/../../../../arm-none-eabi/lib/thumb/v7e-m+fp/hard\libg.a(lib_a-callocr.o)
                0x08009a18                _calloc_r
 .text.fiprintf
                0x08009a90       0x28 d:/clion/gcc-arm-none-eabi-10.3-2021.10-win32/gcc-arm-none-eabi-10.3-2021.10/bin/../lib/gcc/arm-none-eabi/10.3.1/../../../../arm-none-eabi/lib/thumb/v7e-m+fp/hard\libg.a(lib_a-fiprintf.o)
                0x08009a90                fiprintf
 .text.__locale_mb_cur_max
                0x08009ab8        0xc d:/clion/gcc-arm-none-eabi-10.3-2021.10-win32/gcc-arm-none-eabi-10.3-2021.10/bin/../lib/gcc/arm-none-eabi/10.3.1/../../../../arm-none-eabi/lib/thumb/v7e-m+fp/hard\libg.a(lib_a-locale.o)
                0x08009ab8                __locale_mb_cur_max
 .text.__ascii_mbtowc
                0x08009ac4       0x2c d:/clion/gcc-arm-none-eabi-10.3-2021.10-win32/gcc-arm-none-eabi-10.3-2021.10/bin/../lib/gcc/arm-none-eabi/10.3.1/../../../../arm-none-eabi/lib/thumb/v7e-m+fp/hard\libg.a(lib_a-mbtowc_r.o)
                0x08009ac4                __ascii_mbtowc
 .text.memmove  0x08009af0       0xf8 d:/clion/gcc-arm-none-eabi-10.3-2021.10-win32/gcc-arm-none-eabi-10.3-2021.10/bin/../lib/gcc/arm-none-eabi/10.3.1/../../../../arm-none-eabi/lib/thumb/v7e-m+fp/hard\libg.a(lib_a-memmove.o)
                0x08009af0                memmove
 .text._realloc_r
                0x08009be8      0x3d8 d:/clion/gcc-arm-none-eabi-10.3-2021.10-win32/gcc-arm-none-eabi-10.3-2021.10/bin/../lib/gcc/arm-none-eabi/10.3.1/../../../../arm-none-eabi/lib/thumb/v7e-m+fp/hard\libg.a(lib_a-reallocr.o)
                0x08009be8                _realloc_r
 .text.__sprint_r.part.0
                0x08009fc0       0x78 d:/clion/gcc-arm-none-eabi-10.3-2021.10-win32/gcc-arm-none-eabi-10.3-2021.10/bin/../lib/gcc/arm-none-eabi/10.3.1/../../../../arm-none-eabi/lib/thumb/v7e-m+fp/hard\libg.a(lib_a-vfiprintf.o)
 .text._vfiprintf_r
                0x0800a038      0xdfc d:/clion/gcc-arm-none-eabi-10.3-2021.10-win32/gcc-arm-none-eabi-10.3-2021.10/bin/../lib/gcc/arm-none-eabi/10.3.1/../../../../arm-none-eabi/lib/thumb/v7e-m+fp/hard\libg.a(lib_a-vfiprintf.o)
                0x0800a038                _vfiprintf_r
 .text.__sbprintf
                0x0800ae34       0x80 d:/clion/gcc-arm-none-eabi-10.3-2021.10-win32/gcc-arm-none-eabi-10.3-2021.10/bin/../lib/gcc/arm-none-eabi/10.3.1/../../../../arm-none-eabi/lib/thumb/v7e-m+fp/hard\libg.a(lib_a-vfiprintf.o)
 .text.__ascii_wctomb
                0x0800aeb4       0x1c d:/clion/gcc-arm-none-eabi-10.3-2021.10-win32/gcc-arm-none-eabi-10.3-2021.10/bin/../lib/gcc/arm-none-eabi/10.3.1/../../../../arm-none-eabi/lib/thumb/v7e-m+fp/hard\libg.a(lib_a-wctomb_r.o)
                0x0800aeb4                __ascii_wctomb
 .text.__swsetup_r
                0x0800aed0       0xd4 d:/clion/gcc-arm-none-eabi-10.3-2021.10-win32/gcc-arm-none-eabi-10.3-2021.10/bin/../lib/gcc/arm-none-eabi/10.3.1/../../../../arm-none-eabi/lib/thumb/v7e-m+fp/hard\libg.a(lib_a-wsetup.o)
                0x0800aed0                __swsetup_r
 .text.__sflush_r
                0x0800afa4      0x130 d:/clion/gcc-arm-none-eabi-10.3-2021.10-win32/gcc-arm-none-eabi-10.3-2021.10/bin/../lib/gcc/arm-none-eabi/10.3.1/../../../../arm-none-eabi/lib/thumb/v7e-m+fp/hard\libg.a(lib_a-fflush.o)
                0x0800afa4                __sflush_r
 .text._fflush_r
                0x0800b0d4       0x5c d:/clion/gcc-arm-none-eabi-10.3-2021.10-win32/gcc-arm-none-eabi-10.3-2021.10/bin/../lib/gcc/arm-none-eabi/10.3.1/../../../../arm-none-eabi/lib/thumb/v7e-m+fp/hard\libg.a(lib_a-fflush.o)
                0x0800b0d4                _fflush_r
 .text._cleanup_r
                0x0800b130        0xc d:/clion/gcc-arm-none-eabi-10.3-2021.10-win32/gcc-arm-none-eabi-10.3-2021.10/bin/../lib/gcc/arm-none-eabi/10.3.1/../../../../arm-none-eabi/lib/thumb/v7e-m+fp/hard\libg.a(lib_a-findfp.o)
                0x0800b130                _cleanup_r
 .text.__sinit  0x0800b13c      0x10c d:/clion/gcc-arm-none-eabi-10.3-2021.10-win32/gcc-arm-none-eabi-10.3-2021.10/bin/../lib/gcc/arm-none-eabi/10.3.1/../../../../arm-none-eabi/lib/thumb/v7e-m+fp/hard\libg.a(lib_a-findfp.o)
                0x0800b13c                __sinit
 .text.__sfp_lock_acquire
                0x0800b248        0xc d:/clion/gcc-arm-none-eabi-10.3-2021.10-win32/gcc-arm-none-eabi-10.3-2021.10/bin/../lib/gcc/arm-none-eabi/10.3.1/../../../../arm-none-eabi/lib/thumb/v7e-m+fp/hard\libg.a(lib_a-findfp.o)
                0x0800b248                __sfp_lock_acquire
 .text.__sfp_lock_release
                0x0800b254        0xc d:/clion/gcc-arm-none-eabi-10.3-2021.10-win32/gcc-arm-none-eabi-10.3-2021.10/bin/../lib/gcc/arm-none-eabi/10.3.1/../../../../arm-none-eabi/lib/thumb/v7e-m+fp/hard\libg.a(lib_a-findfp.o)
                0x0800b254                __sfp_lock_release
 .text.__fputwc
                0x0800b260       0xa8 d:/clion/gcc-arm-none-eabi-10.3-2021.10-win32/gcc-arm-none-eabi-10.3-2021.10/bin/../lib/gcc/arm-none-eabi/10.3.1/../../../../arm-none-eabi/lib/thumb/v7e-m+fp/hard\libg.a(lib_a-fputwc.o)
                0x0800b260                __fputwc
 .text._fputwc_r
                0x0800b308       0x68 d:/clion/gcc-arm-none-eabi-10.3-2021.10-win32/gcc-arm-none-eabi-10.3-2021.10/bin/../lib/gcc/arm-none-eabi/10.3.1/../../../../arm-none-eabi/lib/thumb/v7e-m+fp/hard\libg.a(lib_a-fputwc.o)
                0x0800b308                _fputwc_r
 .text.__sfvwrite_r
                0x0800b370      0x2f0 d:/clion/gcc-arm-none-eabi-10.3-2021.10-win32/gcc-arm-none-eabi-10.3-2021.10/bin/../lib/gcc/arm-none-eabi/10.3.1/../../../../arm-none-eabi/lib/thumb/v7e-m+fp/hard\libg.a(lib_a-fvwrite.o)
                0x0800b370                __sfvwrite_r
 .text._fwalk_reent
                0x0800b660       0x48 d:/clion/gcc-arm-none-eabi-10.3-2021.10-win32/gcc-arm-none-eabi-10.3-2021.10/bin/../lib/gcc/arm-none-eabi/10.3.1/../../../../arm-none-eabi/lib/thumb/v7e-m+fp/hard\libg.a(lib_a-fwalk.o)
                0x0800b660                _fwalk_reent
 .text.__smakebuf_r
                0x0800b6a8       0xe0 d:/clion/gcc-arm-none-eabi-10.3-2021.10-win32/gcc-arm-none-eabi-10.3-2021.10/bin/../lib/gcc/arm-none-eabi/10.3.1/../../../../arm-none-eabi/lib/thumb/v7e-m+fp/hard\libg.a(lib_a-makebuf.o)
                0x0800b6a8                __smakebuf_r
 .text.__sread  0x0800b788       0x24 d:/clion/gcc-arm-none-eabi-10.3-2021.10-win32/gcc-arm-none-eabi-10.3-2021.10/bin/../lib/gcc/arm-none-eabi/10.3.1/../../../../arm-none-eabi/lib/thumb/v7e-m+fp/hard\libg.a(lib_a-stdio.o)
                0x0800b788                __sread
 .text.__swrite
                0x0800b7ac       0x40 d:/clion/gcc-arm-none-eabi-10.3-2021.10-win32/gcc-arm-none-eabi-10.3-2021.10/bin/../lib/gcc/arm-none-eabi/10.3.1/../../../../arm-none-eabi/lib/thumb/v7e-m+fp/hard\libg.a(lib_a-stdio.o)
                0x0800b7ac                __swrite
 .text.__sseek  0x0800b7ec       0x20 d:/clion/gcc-arm-none-eabi-10.3-2021.10-win32/gcc-arm-none-eabi-10.3-2021.10/bin/../lib/gcc/arm-none-eabi/10.3.1/../../../../arm-none-eabi/lib/thumb/v7e-m+fp/hard\libg.a(lib_a-stdio.o)
                0x0800b7ec                __sseek
 .text.__sclose
                0x0800b80c        0x8 d:/clion/gcc-arm-none-eabi-10.3-2021.10-win32/gcc-arm-none-eabi-10.3-2021.10/bin/../lib/gcc/arm-none-eabi/10.3.1/../../../../arm-none-eabi/lib/thumb/v7e-m+fp/hard\libg.a(lib_a-stdio.o)
                0x0800b80c                __sclose
 .text.__swbuf_r
                0x0800b814       0xb0 d:/clion/gcc-arm-none-eabi-10.3-2021.10-win32/gcc-arm-none-eabi-10.3-2021.10/bin/../lib/gcc/arm-none-eabi/10.3.1/../../../../arm-none-eabi/lib/thumb/v7e-m+fp/hard\libg.a(lib_a-wbuf.o)
                0x0800b814                __swbuf_r
 .text._wcrtomb_r
                0x0800b8c4       0x3c d:/clion/gcc-arm-none-eabi-10.3-2021.10-win32/gcc-arm-none-eabi-10.3-2021.10/bin/../lib/gcc/arm-none-eabi/10.3.1/../../../../arm-none-eabi/lib/thumb/v7e-m+fp/hard\libg.a(lib_a-wcrtomb.o)
                0x0800b8c4                _wcrtomb_r
 .text._write_r
                0x0800b900       0x2c d:/clion/gcc-arm-none-eabi-10.3-2021.10-win32/gcc-arm-none-eabi-10.3-2021.10/bin/../lib/gcc/arm-none-eabi/10.3.1/../../../../arm-none-eabi/lib/thumb/v7e-m+fp/hard\libg.a(lib_a-writer.o)
                0x0800b900                _write_r
 .text._close_r
                0x0800b92c       0x24 d:/clion/gcc-arm-none-eabi-10.3-2021.10-win32/gcc-arm-none-eabi-10.3-2021.10/bin/../lib/gcc/arm-none-eabi/10.3.1/../../../../arm-none-eabi/lib/thumb/v7e-m+fp/hard\libg.a(lib_a-closer.o)
                0x0800b92c                _close_r
 .text._fclose_r
                0x0800b950       0xcc d:/clion/gcc-arm-none-eabi-10.3-2021.10-win32/gcc-arm-none-eabi-10.3-2021.10/bin/../lib/gcc/arm-none-eabi/10.3.1/../../../../arm-none-eabi/lib/thumb/v7e-m+fp/hard\libg.a(lib_a-fclose.o)
                0x0800b950                _fclose_r
 .text._fstat_r
                0x0800ba1c       0x2c d:/clion/gcc-arm-none-eabi-10.3-2021.10-win32/gcc-arm-none-eabi-10.3-2021.10/bin/../lib/gcc/arm-none-eabi/10.3.1/../../../../arm-none-eabi/lib/thumb/v7e-m+fp/hard\libg.a(lib_a-fstatr.o)
                0x0800ba1c                _fstat_r
 .text._isatty_r
                0x0800ba48       0x24 d:/clion/gcc-arm-none-eabi-10.3-2021.10-win32/gcc-arm-none-eabi-10.3-2021.10/bin/../lib/gcc/arm-none-eabi/10.3.1/../../../../arm-none-eabi/lib/thumb/v7e-m+fp/hard\libg.a(lib_a-isattyr.o)
                0x0800ba48                _isatty_r
 .text._lseek_r
                0x0800ba6c       0x2c d:/clion/gcc-arm-none-eabi-10.3-2021.10-win32/gcc-arm-none-eabi-10.3-2021.10/bin/../lib/gcc/arm-none-eabi/10.3.1/../../../../arm-none-eabi/lib/thumb/v7e-m+fp/hard\libg.a(lib_a-lseekr.o)
                0x0800ba6c                _lseek_r
 .text._read_r  0x0800ba98       0x2c d:/clion/gcc-arm-none-eabi-10.3-2021.10-win32/gcc-arm-none-eabi-10.3-2021.10/bin/../lib/gcc/arm-none-eabi/10.3.1/../../../../arm-none-eabi/lib/thumb/v7e-m+fp/hard\libg.a(lib_a-readr.o)
                0x0800ba98                _read_r
 *(.glue_7)
 .glue_7        0x0800bac4        0x0 linker stubs
 *(.glue_7t)
 .glue_7t       0x0800bac4        0x0 linker stubs
 *(.eh_frame)
 .eh_frame      0x0800bac4        0x0 d:/clion/gcc-arm-none-eabi-10.3-2021.10-win32/gcc-arm-none-eabi-10.3-2021.10/bin/../lib/gcc/arm-none-eabi/10.3.1/thumb/v7e-m+fp/hard/crtbegin.o
 *(.init)
 .init          0x0800bac4        0x4 d:/clion/gcc-arm-none-eabi-10.3-2021.10-win32/gcc-arm-none-eabi-10.3-2021.10/bin/../lib/gcc/arm-none-eabi/10.3.1/thumb/v7e-m+fp/hard/crti.o
                0x0800bac4                _init
 .init          0x0800bac8        0x8 d:/clion/gcc-arm-none-eabi-10.3-2021.10-win32/gcc-arm-none-eabi-10.3-2021.10/bin/../lib/gcc/arm-none-eabi/10.3.1/thumb/v7e-m+fp/hard/crtn.o
 *(.fini)
 .fini          0x0800bad0        0x4 d:/clion/gcc-arm-none-eabi-10.3-2021.10-win32/gcc-arm-none-eabi-10.3-2021.10/bin/../lib/gcc/arm-none-eabi/10.3.1/thumb/v7e-m+fp/hard/crti.o
                0x0800bad0                _fini
 .fini          0x0800bad4        0x8 d:/clion/gcc-arm-none-eabi-10.3-2021.10-win32/gcc-arm-none-eabi-10.3-2021.10/bin/../lib/gcc/arm-none-eabi/10.3.1/thumb/v7e-m+fp/hard/crtn.o
                0x0800badc                . = ALIGN (0x4)
                0x0800badc                _etext = .

.vfp11_veneer   0x0800badc        0x0
 .vfp11_veneer  0x0800badc        0x0 linker stubs

.v4_bx          0x0800badc        0x0
 .v4_bx         0x0800badc        0x0 linker stubs

.iplt           0x0800badc        0x0
 .iplt          0x0800badc        0x0 d:/clion/gcc-arm-none-eabi-10.3-2021.10-win32/gcc-arm-none-eabi-10.3-2021.10/bin/../lib/gcc/arm-none-eabi/10.3.1/thumb/v7e-m+fp/hard/crtbegin.o

.rodata         0x0800bae0      0x518
                0x0800bae0                . = ALIGN (0x4)
 *(.rodata)
 .rodata        0x0800bae0       0x50 CMakeFiles/CradleFOC_os.elf.dir/Core/Src/app_freertos.c.obj
 *(.rodata*)
 .rodata.str1.4
                0x0800bb30       0x39 CMakeFiles/CradleFOC_os.elf.dir/Core/Src/app_freertos.c.obj
 *fill*         0x0800bb69        0x3 
 .rodata.AHBPrescTable
                0x0800bb6c       0x10 CMakeFiles/CradleFOC_os.elf.dir/Core/Src/system_stm32g4xx.c.obj
                0x0800bb6c                AHBPrescTable
 .rodata.APBPrescTable
                0x0800bb7c        0x8 CMakeFiles/CradleFOC_os.elf.dir/Core/Src/system_stm32g4xx.c.obj
                0x0800bb7c                APBPrescTable
 .rodata.UARTPrescTable
                0x0800bb84       0x18 CMakeFiles/CradleFOC_os.elf.dir/Drivers/STM32G4xx_HAL_Driver/Src/stm32g4xx_hal_uart.c.obj
                0x0800bb84                UARTPrescTable
 .rodata.denominator.0
                0x0800bb9c        0x8 CMakeFiles/CradleFOC_os.elf.dir/Drivers/STM32G4xx_HAL_Driver/Src/stm32g4xx_hal_uart_ex.c.obj
 .rodata.numerator.1
                0x0800bba4        0x8 CMakeFiles/CradleFOC_os.elf.dir/Drivers/STM32G4xx_HAL_Driver/Src/stm32g4xx_hal_uart_ex.c.obj
 .rodata.vTaskStartScheduler.str1.4
                0x0800bbac        0x5 CMakeFiles/CradleFOC_os.elf.dir/Middlewares/Third_Party/FreeRTOS/Source/tasks.c.obj
 *fill*         0x0800bbb1        0x3 
 .rodata.setup.str1.4
                0x0800bbb4       0x26 CMakeFiles/CradleFOC_os.elf.dir/UserAPP/UserAPP.cpp.obj
 *fill*         0x0800bbda        0x2 
 .rodata.task_log.str1.4
                0x0800bbdc       0x19 CMakeFiles/CradleFOC_os.elf.dir/UserAPP/UserAPP.cpp.obj
 *fill*         0x0800bbf5        0x3 
 .rodata._global_impure_ptr
                0x0800bbf8        0x4 d:/clion/gcc-arm-none-eabi-10.3-2021.10-win32/gcc-arm-none-eabi-10.3-2021.10/bin/../lib/gcc/arm-none-eabi/10.3.1/../../../../arm-none-eabi/lib/thumb/v7e-m+fp/hard\libg.a(lib_a-impure.o)
                0x0800bbf8                _global_impure_ptr
 .rodata._svfprintf_r.str1.4
                0x0800bbfc       0x42 d:/clion/gcc-arm-none-eabi-10.3-2021.10-win32/gcc-arm-none-eabi-10.3-2021.10/bin/../lib/gcc/arm-none-eabi/10.3.1/../../../../arm-none-eabi/lib/thumb/v7e-m+fp/hard\libg.a(lib_a-svfprintf.o)
 *fill*         0x0800bc3e        0x2 
 .rodata.blanks.1
                0x0800bc40       0x10 d:/clion/gcc-arm-none-eabi-10.3-2021.10-win32/gcc-arm-none-eabi-10.3-2021.10/bin/../lib/gcc/arm-none-eabi/10.3.1/../../../../arm-none-eabi/lib/thumb/v7e-m+fp/hard\libg.a(lib_a-svfprintf.o)
 .rodata.zeroes.0
                0x0800bc50       0x10 d:/clion/gcc-arm-none-eabi-10.3-2021.10-win32/gcc-arm-none-eabi-10.3-2021.10/bin/../lib/gcc/arm-none-eabi/10.3.1/../../../../arm-none-eabi/lib/thumb/v7e-m+fp/hard\libg.a(lib_a-svfprintf.o)
 .rodata._dtoa_r.str1.4
                0x0800bc60       0xa2 d:/clion/gcc-arm-none-eabi-10.3-2021.10-win32/gcc-arm-none-eabi-10.3-2021.10/bin/../lib/gcc/arm-none-eabi/10.3.1/../../../../arm-none-eabi/lib/thumb/v7e-m+fp/hard\libg.a(lib_a-dtoa.o)
                                 0xa6 (size before relaxing)
 *fill*         0x0800bd02        0x2 
 .rodata.__multadd.str1.4
                0x0800bd04       0x7f d:/clion/gcc-arm-none-eabi-10.3-2021.10-win32/gcc-arm-none-eabi-10.3-2021.10/bin/../lib/gcc/arm-none-eabi/10.3.1/../../../../arm-none-eabi/lib/thumb/v7e-m+fp/hard\libg.a(lib_a-mprec.o)
                                 0x93 (size before relaxing)
 *fill*         0x0800bd83        0x5 
 .rodata.__mprec_bigtens
                0x0800bd88       0x28 d:/clion/gcc-arm-none-eabi-10.3-2021.10-win32/gcc-arm-none-eabi-10.3-2021.10/bin/../lib/gcc/arm-none-eabi/10.3.1/../../../../arm-none-eabi/lib/thumb/v7e-m+fp/hard\libg.a(lib_a-mprec.o)
                0x0800bd88                __mprec_bigtens
 .rodata.__mprec_tens
                0x0800bdb0       0xc8 d:/clion/gcc-arm-none-eabi-10.3-2021.10-win32/gcc-arm-none-eabi-10.3-2021.10/bin/../lib/gcc/arm-none-eabi/10.3.1/../../../../arm-none-eabi/lib/thumb/v7e-m+fp/hard\libg.a(lib_a-mprec.o)
                0x0800bdb0                __mprec_tens
 .rodata.p05.0  0x0800be78        0xc d:/clion/gcc-arm-none-eabi-10.3-2021.10-win32/gcc-arm-none-eabi-10.3-2021.10/bin/../lib/gcc/arm-none-eabi/10.3.1/../../../../arm-none-eabi/lib/thumb/v7e-m+fp/hard\libg.a(lib_a-mprec.o)
 .rodata.__assert_func.str1.4
                0x0800be84       0x3f d:/clion/gcc-arm-none-eabi-10.3-2021.10-win32/gcc-arm-none-eabi-10.3-2021.10/bin/../lib/gcc/arm-none-eabi/10.3.1/../../../../arm-none-eabi/lib/thumb/v7e-m+fp/hard\libg.a(lib_a-assert.o)
                                 0x43 (size before relaxing)
 *fill*         0x0800bec3        0x1 
 .rodata._setlocale_r.str1.4
                0x0800bec4        0xa d:/clion/gcc-arm-none-eabi-10.3-2021.10-win32/gcc-arm-none-eabi-10.3-2021.10/bin/../lib/gcc/arm-none-eabi/10.3.1/../../../../arm-none-eabi/lib/thumb/v7e-m+fp/hard\libg.a(lib_a-locale.o)
                                  0xd (size before relaxing)
 *fill*         0x0800bece        0x2 
 .rodata.str1.4
                0x0800bed0        0x2 d:/clion/gcc-arm-none-eabi-10.3-2021.10-win32/gcc-arm-none-eabi-10.3-2021.10/bin/../lib/gcc/arm-none-eabi/10.3.1/../../../../arm-none-eabi/lib/thumb/v7e-m+fp/hard\libg.a(lib_a-locale.o)
 .rodata._vfiprintf_r.str1.4
                0x0800bed2       0x2f d:/clion/gcc-arm-none-eabi-10.3-2021.10-win32/gcc-arm-none-eabi-10.3-2021.10/bin/../lib/gcc/arm-none-eabi/10.3.1/../../../../arm-none-eabi/lib/thumb/v7e-m+fp/hard\libg.a(lib_a-vfiprintf.o)
 *fill*         0x0800bed2        0x2 
 .rodata.blanks.1
                0x0800bed4       0x10 d:/clion/gcc-arm-none-eabi-10.3-2021.10-win32/gcc-arm-none-eabi-10.3-2021.10/bin/../lib/gcc/arm-none-eabi/10.3.1/../../../../arm-none-eabi/lib/thumb/v7e-m+fp/hard\libg.a(lib_a-vfiprintf.o)
 .rodata.zeroes.0
                0x0800bee4       0x10 d:/clion/gcc-arm-none-eabi-10.3-2021.10-win32/gcc-arm-none-eabi-10.3-2021.10/bin/../lib/gcc/arm-none-eabi/10.3.1/../../../../arm-none-eabi/lib/thumb/v7e-m+fp/hard\libg.a(lib_a-vfiprintf.o)
 .rodata._ctype_
                0x0800bef4      0x101 d:/clion/gcc-arm-none-eabi-10.3-2021.10-win32/gcc-arm-none-eabi-10.3-2021.10/bin/../lib/gcc/arm-none-eabi/10.3.1/../../../../arm-none-eabi/lib/thumb/v7e-m+fp/hard\libg.a(lib_a-ctype_.o)
                0x0800bef4                _ctype_
                0x0800bff8                . = ALIGN (0x4)
 *fill*         0x0800bff5        0x3 

.ARM.extab      0x0800bff8       0x48
                0x0800bff8                . = ALIGN (0x4)
 *(.ARM.extab* .gnu.linkonce.armextab.*)
 .ARM.extab.text.HAL_GPIO_EXTI_Callback
                0x0800bff8        0xc CMakeFiles/CradleFOC_os.elf.dir/Ctrl/Button.cpp.obj
 .ARM.extab.text._Z10log_DMA_TXPKcz
                0x0800c004        0xc CMakeFiles/CradleFOC_os.elf.dir/UserAPP/Serial.cpp.obj
 .ARM.extab.text.setup
                0x0800c010        0xc CMakeFiles/CradleFOC_os.elf.dir/UserAPP/UserAPP.cpp.obj
 .ARM.extab.text.task_key
                0x0800c01c        0xc CMakeFiles/CradleFOC_os.elf.dir/UserAPP/UserAPP.cpp.obj
 .ARM.extab     0x0800c028       0x18 d:/clion/gcc-arm-none-eabi-10.3-2021.10-win32/gcc-arm-none-eabi-10.3-2021.10/bin/../lib/gcc/arm-none-eabi/10.3.1/thumb/v7e-m+fp/hard\libgcc.a(pr-support.o)
                0x0800c040                . = ALIGN (0x4)

.ARM            0x0800c040      0x100
                0x0800c040                . = ALIGN (0x4)
                0x0800c040                __exidx_start = .
 *(.ARM.exidx*)
 .ARM.exidx.text._Z8delay_usm
                0x0800c0f8        0x8 CMakeFiles/CradleFOC_os.elf.dir/Ctrl/Button.cpp.obj
 .ARM.exidx.text._Z8key_scanP12GPIO_TypeDeft
                0x0800c100        0x8 CMakeFiles/CradleFOC_os.elf.dir/Ctrl/Button.cpp.obj
 .ARM.exidx.text.HAL_GPIO_EXTI_Callback
                0x0800c108       0x10 CMakeFiles/CradleFOC_os.elf.dir/Ctrl/Button.cpp.obj
                                  0x8 (size before relaxing)
 .ARM.exidx.text._Z10log_DMA_TXPKcz
                0x0800c118        0x8 CMakeFiles/CradleFOC_os.elf.dir/UserAPP/Serial.cpp.obj
 .ARM.exidx.text.setup
                0x0800c120        0x8 CMakeFiles/CradleFOC_os.elf.dir/UserAPP/UserAPP.cpp.obj
 .ARM.exidx.text.task_log
                0x0800c128        0x8 CMakeFiles/CradleFOC_os.elf.dir/UserAPP/UserAPP.cpp.obj
 .ARM.exidx.text.task_key
                0x0800c130        0x8 CMakeFiles/CradleFOC_os.elf.dir/UserAPP/UserAPP.cpp.obj
 .ARM.exidx.text.task_FOC
                0x0800c138        0x8 CMakeFiles/CradleFOC_os.elf.dir/UserAPP/UserAPP.cpp.obj
 .ARM.exidx     0x0800c040        0x8 d:/clion/gcc-arm-none-eabi-10.3-2021.10-win32/gcc-arm-none-eabi-10.3-2021.10/bin/../lib/gcc/arm-none-eabi/10.3.1/thumb/v7e-m+fp/hard\libgcc.a(_udivmoddi4.o)
 .ARM.exidx     0x0800c048       0x78 d:/clion/gcc-arm-none-eabi-10.3-2021.10-win32/gcc-arm-none-eabi-10.3-2021.10/bin/../lib/gcc/arm-none-eabi/10.3.1/thumb/v7e-m+fp/hard\libgcc.a(unwind-arm.o)
                                 0xd8 (size before relaxing)
 .ARM.exidx     0x0800c0c0       0x38 d:/clion/gcc-arm-none-eabi-10.3-2021.10-win32/gcc-arm-none-eabi-10.3-2021.10/bin/../lib/gcc/arm-none-eabi/10.3.1/thumb/v7e-m+fp/hard\libgcc.a(pr-support.o)
                0x0800c140                __exidx_end = .
                0x0800c140                . = ALIGN (0x4)

.rel.dyn        0x0800c140        0x0
 .rel.iplt      0x0800c140        0x0 d:/clion/gcc-arm-none-eabi-10.3-2021.10-win32/gcc-arm-none-eabi-10.3-2021.10/bin/../lib/gcc/arm-none-eabi/10.3.1/thumb/v7e-m+fp/hard/crtbegin.o

.preinit_array  0x0800c140        0x0
                0x0800c140                . = ALIGN (0x4)
                0x0800c140                PROVIDE (__preinit_array_start = .)
 *(.preinit_array*)
                0x0800c140                PROVIDE (__preinit_array_end = .)
                0x0800c140                . = ALIGN (0x4)

.init_array     0x0800c140        0x8
                0x0800c140                . = ALIGN (0x4)
                0x0800c140                PROVIDE (__init_array_start = .)
 *(SORT_BY_NAME(.init_array.*))
 .init_array.00000
                0x0800c140        0x4 d:/clion/gcc-arm-none-eabi-10.3-2021.10-win32/gcc-arm-none-eabi-10.3-2021.10/bin/../lib/gcc/arm-none-eabi/10.3.1/../../../../arm-none-eabi/lib/thumb/v7e-m+fp/hard\libg.a(lib_a-__call_atexit.o)
 *(.init_array*)
 .init_array    0x0800c144        0x4 d:/clion/gcc-arm-none-eabi-10.3-2021.10-win32/gcc-arm-none-eabi-10.3-2021.10/bin/../lib/gcc/arm-none-eabi/10.3.1/thumb/v7e-m+fp/hard/crtbegin.o
                0x0800c148                PROVIDE (__init_array_end = .)
                0x0800c148                . = ALIGN (0x4)

.fini_array     0x0800c148        0x4
                0x0800c148                . = ALIGN (0x4)
                0x0800c148                PROVIDE (__fini_array_start = .)
 *(SORT_BY_NAME(.fini_array.*))
 *(.fini_array*)
 .fini_array    0x0800c148        0x4 d:/clion/gcc-arm-none-eabi-10.3-2021.10-win32/gcc-arm-none-eabi-10.3-2021.10/bin/../lib/gcc/arm-none-eabi/10.3.1/thumb/v7e-m+fp/hard/crtbegin.o
                0x0800c14c                PROVIDE (__fini_array_end = .)
                0x0800c14c                . = ALIGN (0x4)
                0x0800c14c                _sidata = LOADADDR (.data)

.data           0x20000000      0x9c0 load address 0x0800c14c
                0x20000000                . = ALIGN (0x4)
                0x20000000                _sdata = .
 *(.data)
 *(.data*)
 .data.SystemCoreClock
                0x20000000        0x4 CMakeFiles/CradleFOC_os.elf.dir/Core/Src/system_stm32g4xx.c.obj
                0x20000000                SystemCoreClock
 .data.uwTickFreq
                0x20000004        0x4 CMakeFiles/CradleFOC_os.elf.dir/Drivers/STM32G4xx_HAL_Driver/Src/stm32g4xx_hal.c.obj
                0x20000004                uwTickFreq
 .data.uwTickPrio
                0x20000008        0x4 CMakeFiles/CradleFOC_os.elf.dir/Drivers/STM32G4xx_HAL_Driver/Src/stm32g4xx_hal.c.obj
                0x20000008                uwTickPrio
 .data.uxCriticalNesting
                0x2000000c        0x4 CMakeFiles/CradleFOC_os.elf.dir/Middlewares/Third_Party/FreeRTOS/Source/portable/GCC/ARM_CM4F/port.c.obj
 .data._impure_ptr
                0x20000010        0x4 d:/clion/gcc-arm-none-eabi-10.3-2021.10-win32/gcc-arm-none-eabi-10.3-2021.10/bin/../lib/gcc/arm-none-eabi/10.3.1/../../../../arm-none-eabi/lib/thumb/v7e-m+fp/hard\libg.a(lib_a-impure.o)
                0x20000010                _impure_ptr
 *fill*         0x20000014        0x4 
 .data.impure_data
                0x20000018      0x428 d:/clion/gcc-arm-none-eabi-10.3-2021.10-win32/gcc-arm-none-eabi-10.3-2021.10/bin/../lib/gcc/arm-none-eabi/10.3.1/../../../../arm-none-eabi/lib/thumb/v7e-m+fp/hard\libg.a(lib_a-impure.o)
 .data.__atexit_recursive_mutex
                0x20000440        0x4 d:/clion/gcc-arm-none-eabi-10.3-2021.10-win32/gcc-arm-none-eabi-10.3-2021.10/bin/../lib/gcc/arm-none-eabi/10.3.1/../../../../arm-none-eabi/lib/thumb/v7e-m+fp/hard\libg.a(lib_a-__call_atexit.o)
                0x20000440                __atexit_recursive_mutex
 .data.__malloc_av_
                0x20000444      0x408 d:/clion/gcc-arm-none-eabi-10.3-2021.10-win32/gcc-arm-none-eabi-10.3-2021.10/bin/../lib/gcc/arm-none-eabi/10.3.1/../../../../arm-none-eabi/lib/thumb/v7e-m+fp/hard\libg.a(lib_a-mallocr.o)
                0x20000444                __malloc_av_
 .data.__malloc_sbrk_base
                0x2000084c        0x4 d:/clion/gcc-arm-none-eabi-10.3-2021.10-win32/gcc-arm-none-eabi-10.3-2021.10/bin/../lib/gcc/arm-none-eabi/10.3.1/../../../../arm-none-eabi/lib/thumb/v7e-m+fp/hard\libg.a(lib_a-mallocr.o)
                0x2000084c                __malloc_sbrk_base
 .data.__malloc_trim_threshold
                0x20000850        0x4 d:/clion/gcc-arm-none-eabi-10.3-2021.10-win32/gcc-arm-none-eabi-10.3-2021.10/bin/../lib/gcc/arm-none-eabi/10.3.1/../../../../arm-none-eabi/lib/thumb/v7e-m+fp/hard\libg.a(lib_a-mallocr.o)
                0x20000850                __malloc_trim_threshold
 .data.__global_locale
                0x20000854      0x16c d:/clion/gcc-arm-none-eabi-10.3-2021.10-win32/gcc-arm-none-eabi-10.3-2021.10/bin/../lib/gcc/arm-none-eabi/10.3.1/../../../../arm-none-eabi/lib/thumb/v7e-m+fp/hard\libg.a(lib_a-locale.o)
                0x20000854                __global_locale
 *(.RamFunc)
 *(.RamFunc*)
                0x200009c0                . = ALIGN (0x4)
                0x200009c0                _edata = .

.igot.plt       0x200009c0        0x0 load address 0x0800cb0c
 .igot.plt      0x200009c0        0x0 d:/clion/gcc-arm-none-eabi-10.3-2021.10-win32/gcc-arm-none-eabi-10.3-2021.10/bin/../lib/gcc/arm-none-eabi/10.3.1/thumb/v7e-m+fp/hard/crtbegin.o
                0x200009c0                . = ALIGN (0x4)

.bss            0x200009c0     0x16a4 load address 0x0800cb0c
                0x200009c0                _sbss = .
                0x200009c0                __bss_start__ = _sbss
 *(.bss)
 .bss           0x200009c0       0x1c d:/clion/gcc-arm-none-eabi-10.3-2021.10-win32/gcc-arm-none-eabi-10.3-2021.10/bin/../lib/gcc/arm-none-eabi/10.3.1/thumb/v7e-m+fp/hard/crtbegin.o
 *(.bss*)
 .bss.defaultTaskHandle
                0x200009dc        0x4 CMakeFiles/CradleFOC_os.elf.dir/Core/Src/app_freertos.c.obj
                0x200009dc                defaultTaskHandle
 .bss.myTask02_LOGHandle
                0x200009e0        0x4 CMakeFiles/CradleFOC_os.elf.dir/Core/Src/app_freertos.c.obj
                0x200009e0                myTask02_LOGHandle
 .bss.myTask03_KEYHandle
                0x200009e4        0x4 CMakeFiles/CradleFOC_os.elf.dir/Core/Src/app_freertos.c.obj
                0x200009e4                myTask03_KEYHandle
 .bss.myTask04_FOCHandle
                0x200009e8        0x4 CMakeFiles/CradleFOC_os.elf.dir/Core/Src/app_freertos.c.obj
                0x200009e8                myTask04_FOCHandle
 .bss.htim3     0x200009ec       0x4c CMakeFiles/CradleFOC_os.elf.dir/Core/Src/stm32g4xx_hal_timebase_tim.c.obj
                0x200009ec                htim3
 .bss.__sbrk_heap_end
                0x20000a38        0x4 CMakeFiles/CradleFOC_os.elf.dir/Core/Src/sysmem.c.obj
 .bss.hdma_usart1_tx
                0x20000a3c       0x60 CMakeFiles/CradleFOC_os.elf.dir/Core/Src/usart.c.obj
                0x20000a3c                hdma_usart1_tx
 .bss.huart1    0x20000a9c       0x94 CMakeFiles/CradleFOC_os.elf.dir/Core/Src/usart.c.obj
                0x20000a9c                huart1
 .bss.flag_button
                0x20000b30        0x1 CMakeFiles/CradleFOC_os.elf.dir/Ctrl/Button.cpp.obj
                0x20000b30                flag_button
 *fill*         0x20000b31        0x3 
 .bss.uwTick    0x20000b34        0x4 CMakeFiles/CradleFOC_os.elf.dir/Drivers/STM32G4xx_HAL_Driver/Src/stm32g4xx_hal.c.obj
                0x20000b34                uwTick
 .bss.ucMaxSysCallPriority
                0x20000b38        0x1 CMakeFiles/CradleFOC_os.elf.dir/Middlewares/Third_Party/FreeRTOS/Source/portable/GCC/ARM_CM4F/port.c.obj
 *fill*         0x20000b39        0x3 
 .bss.ulMaxPRIGROUPValue
                0x20000b3c        0x4 CMakeFiles/CradleFOC_os.elf.dir/Middlewares/Third_Party/FreeRTOS/Source/portable/GCC/ARM_CM4F/port.c.obj
 .bss.pxEnd     0x20000b40        0x4 CMakeFiles/CradleFOC_os.elf.dir/Middlewares/Third_Party/FreeRTOS/Source/portable/MemMang/heap_4.c.obj
 .bss.ucHeap    0x20000b44     0x1388 CMakeFiles/CradleFOC_os.elf.dir/Middlewares/Third_Party/FreeRTOS/Source/portable/MemMang/heap_4.c.obj
 .bss.xBlockAllocatedBit
                0x20001ecc        0x4 CMakeFiles/CradleFOC_os.elf.dir/Middlewares/Third_Party/FreeRTOS/Source/portable/MemMang/heap_4.c.obj
 .bss.xFreeBytesRemaining
                0x20001ed0        0x4 CMakeFiles/CradleFOC_os.elf.dir/Middlewares/Third_Party/FreeRTOS/Source/portable/MemMang/heap_4.c.obj
 .bss.xMinimumEverFreeBytesRemaining
                0x20001ed4        0x4 CMakeFiles/CradleFOC_os.elf.dir/Middlewares/Third_Party/FreeRTOS/Source/portable/MemMang/heap_4.c.obj
 .bss.xNumberOfSuccessfulAllocations
                0x20001ed8        0x4 CMakeFiles/CradleFOC_os.elf.dir/Middlewares/Third_Party/FreeRTOS/Source/portable/MemMang/heap_4.c.obj
 .bss.xNumberOfSuccessfulFrees
                0x20001edc        0x4 CMakeFiles/CradleFOC_os.elf.dir/Middlewares/Third_Party/FreeRTOS/Source/portable/MemMang/heap_4.c.obj
 .bss.xStart    0x20001ee0        0x8 CMakeFiles/CradleFOC_os.elf.dir/Middlewares/Third_Party/FreeRTOS/Source/portable/MemMang/heap_4.c.obj
 .bss.pxCurrentTCB
                0x20001ee8        0x4 CMakeFiles/CradleFOC_os.elf.dir/Middlewares/Third_Party/FreeRTOS/Source/tasks.c.obj
                0x20001ee8                pxCurrentTCB
 .bss.pxDelayedTaskList
                0x20001eec        0x4 CMakeFiles/CradleFOC_os.elf.dir/Middlewares/Third_Party/FreeRTOS/Source/tasks.c.obj
 .bss.pxOverflowDelayedTaskList
                0x20001ef0        0x4 CMakeFiles/CradleFOC_os.elf.dir/Middlewares/Third_Party/FreeRTOS/Source/tasks.c.obj
 .bss.pxReadyTasksLists
                0x20001ef4       0x8c CMakeFiles/CradleFOC_os.elf.dir/Middlewares/Third_Party/FreeRTOS/Source/tasks.c.obj
 .bss.uxCurrentNumberOfTasks
                0x20001f80        0x4 CMakeFiles/CradleFOC_os.elf.dir/Middlewares/Third_Party/FreeRTOS/Source/tasks.c.obj
 .bss.uxDeletedTasksWaitingCleanUp
                0x20001f84        0x4 CMakeFiles/CradleFOC_os.elf.dir/Middlewares/Third_Party/FreeRTOS/Source/tasks.c.obj
 .bss.uxSchedulerSuspended
                0x20001f88        0x4 CMakeFiles/CradleFOC_os.elf.dir/Middlewares/Third_Party/FreeRTOS/Source/tasks.c.obj
 .bss.uxTaskNumber
                0x20001f8c        0x4 CMakeFiles/CradleFOC_os.elf.dir/Middlewares/Third_Party/FreeRTOS/Source/tasks.c.obj
 .bss.uxTopReadyPriority
                0x20001f90        0x4 CMakeFiles/CradleFOC_os.elf.dir/Middlewares/Third_Party/FreeRTOS/Source/tasks.c.obj
 .bss.xDelayedTaskList1
                0x20001f94       0x14 CMakeFiles/CradleFOC_os.elf.dir/Middlewares/Third_Party/FreeRTOS/Source/tasks.c.obj
 .bss.xDelayedTaskList2
                0x20001fa8       0x14 CMakeFiles/CradleFOC_os.elf.dir/Middlewares/Third_Party/FreeRTOS/Source/tasks.c.obj
 .bss.xIdleTaskHandle
                0x20001fbc        0x4 CMakeFiles/CradleFOC_os.elf.dir/Middlewares/Third_Party/FreeRTOS/Source/tasks.c.obj
 .bss.xNextTaskUnblockTime
                0x20001fc0        0x4 CMakeFiles/CradleFOC_os.elf.dir/Middlewares/Third_Party/FreeRTOS/Source/tasks.c.obj
 .bss.xNumOfOverflows